Archive member included to satisfy reference by file (symbol)

C:/Users/joser/.pico-sdk/toolchain/13_3_Rel1/bin/../lib/gcc/arm-none-eabi/13.3.1/thumb/v6-m/nofp\libgcc.a(_dvmd_tls.o)
                              CMakeFiles/pico_w_conect_ip.dir/73e9fbec89917cfd40d89a3b734ea686/rp2_common/pico_divider/divider_hardware.S.obj (__aeabi_idiv0)
C:/Users/joser/.pico-sdk/toolchain/13_3_Rel1/bin/../lib/gcc/arm-none-eabi/13.3.1/thumb/v6-m/nofp\libg.a(libc_a-atoi.o)
                              CMakeFiles/pico_w_conect_ip.dir/C_/Users/joser/.pico-sdk/sdk/2.1.0/lib/lwip/src/core/netif.c.obj (atoi)
C:/Users/joser/.pico-sdk/toolchain/13_3_Rel1/bin/../lib/gcc/arm-none-eabi/13.3.1/thumb/v6-m/nofp\libg.a(libc_a-calloc.o)
                              CMakeFiles/pico_w_conect_ip.dir/C_/Users/joser/.pico-sdk/sdk/2.1.0/src/rp2_common/pico_malloc/malloc.c.obj (calloc)
C:/Users/joser/.pico-sdk/toolchain/13_3_Rel1/bin/../lib/gcc/arm-none-eabi/13.3.1/thumb/v6-m/nofp\libg.a(libc_a-callocr.o)
                              C:/Users/joser/.pico-sdk/toolchain/13_3_Rel1/bin/../lib/gcc/arm-none-eabi/13.3.1/thumb/v6-m/nofp\libg.a(libc_a-calloc.o) (_calloc_r)
C:/Users/joser/.pico-sdk/toolchain/13_3_Rel1/bin/../lib/gcc/arm-none-eabi/13.3.1/thumb/v6-m/nofp\libg.a(libc_a-malloc.o)
                              CMakeFiles/pico_w_conect_ip.dir/C_/Users/joser/.pico-sdk/sdk/2.1.0/src/rp2_common/pico_malloc/malloc.c.obj (malloc)
C:/Users/joser/.pico-sdk/toolchain/13_3_Rel1/bin/../lib/gcc/arm-none-eabi/13.3.1/thumb/v6-m/nofp\libg.a(libc_a-mallocr.o)
                              C:/Users/joser/.pico-sdk/toolchain/13_3_Rel1/bin/../lib/gcc/arm-none-eabi/13.3.1/thumb/v6-m/nofp\libg.a(libc_a-callocr.o) (_malloc_r)
C:/Users/joser/.pico-sdk/toolchain/13_3_Rel1/bin/../lib/gcc/arm-none-eabi/13.3.1/thumb/v6-m/nofp\libg.a(libc_a-mlock.o)
                              C:/Users/joser/.pico-sdk/toolchain/13_3_Rel1/bin/../lib/gcc/arm-none-eabi/13.3.1/thumb/v6-m/nofp\libg.a(libc_a-mallocr.o) (__malloc_lock)
C:/Users/joser/.pico-sdk/toolchain/13_3_Rel1/bin/../lib/gcc/arm-none-eabi/13.3.1/thumb/v6-m/nofp\libg.a(libc_a-realloc.o)
                              CMakeFiles/pico_w_conect_ip.dir/C_/Users/joser/.pico-sdk/sdk/2.1.0/src/rp2_common/pico_malloc/malloc.c.obj (realloc)
C:/Users/joser/.pico-sdk/toolchain/13_3_Rel1/bin/../lib/gcc/arm-none-eabi/13.3.1/thumb/v6-m/nofp\libg.a(libc_a-reallocr.o)
                              C:/Users/joser/.pico-sdk/toolchain/13_3_Rel1/bin/../lib/gcc/arm-none-eabi/13.3.1/thumb/v6-m/nofp\libg.a(libc_a-realloc.o) (_realloc_r)
C:/Users/joser/.pico-sdk/toolchain/13_3_Rel1/bin/../lib/gcc/arm-none-eabi/13.3.1/thumb/v6-m/nofp\libg.a(libc_a-strtol.o)
                              C:/Users/joser/.pico-sdk/toolchain/13_3_Rel1/bin/../lib/gcc/arm-none-eabi/13.3.1/thumb/v6-m/nofp\libg.a(libc_a-atoi.o) (_strtol_r)
C:/Users/joser/.pico-sdk/toolchain/13_3_Rel1/bin/../lib/gcc/arm-none-eabi/13.3.1/thumb/v6-m/nofp\libg.a(libc_a-ctype_.o)
                              CMakeFiles/pico_w_conect_ip.dir/C_/Users/joser/.pico-sdk/sdk/2.1.0/lib/lwip/src/core/dns.c.obj (_ctype_)
C:/Users/joser/.pico-sdk/toolchain/13_3_Rel1/bin/../lib/gcc/arm-none-eabi/13.3.1/thumb/v6-m/nofp\libg.a(libc_a-memcmp.o)
                              CMakeFiles/pico_w_conect_ip.dir/C_/Users/joser/.pico-sdk/sdk/2.1.0/src/rp2_common/pico_atomic/atomic.c.obj (memcmp)
C:/Users/joser/.pico-sdk/toolchain/13_3_Rel1/bin/../lib/gcc/arm-none-eabi/13.3.1/thumb/v6-m/nofp\libg.a(libc_a-memmove.o)
                              CMakeFiles/pico_w_conect_ip.dir/C_/Users/joser/.pico-sdk/sdk/2.1.0/lib/lwip/src/core/def.c.obj (memmove)
C:/Users/joser/.pico-sdk/toolchain/13_3_Rel1/bin/../lib/gcc/arm-none-eabi/13.3.1/thumb/v6-m/nofp\libg.a(libc_a-strchr.o)
                              CMakeFiles/pico_w_conect_ip.dir/C_/Users/joser/.pico-sdk/sdk/2.1.0/lib/lwip/src/apps/http/httpd.c.obj (strchr)
C:/Users/joser/.pico-sdk/toolchain/13_3_Rel1/bin/../lib/gcc/arm-none-eabi/13.3.1/thumb/v6-m/nofp\libg.a(libc_a-strncmp.o)
                              CMakeFiles/pico_w_conect_ip.dir/C_/Users/joser/.pico-sdk/sdk/2.1.0/lib/lwip/src/core/def.c.obj (strncmp)
C:/Users/joser/.pico-sdk/toolchain/13_3_Rel1/bin/../lib/gcc/arm-none-eabi/13.3.1/thumb/v6-m/nofp\libg.a(libc_a-lcltime_r.o)
                              CMakeFiles/pico_w_conect_ip.dir/C_/Users/joser/.pico-sdk/sdk/2.1.0/src/common/pico_util/datetime.c.obj (localtime_r)
C:/Users/joser/.pico-sdk/toolchain/13_3_Rel1/bin/../lib/gcc/arm-none-eabi/13.3.1/thumb/v6-m/nofp\libg.a(libc_a-mktime.o)
                              CMakeFiles/pico_w_conect_ip.dir/C_/Users/joser/.pico-sdk/sdk/2.1.0/src/common/pico_util/datetime.c.obj (mktime)
C:/Users/joser/.pico-sdk/toolchain/13_3_Rel1/bin/../lib/gcc/arm-none-eabi/13.3.1/thumb/v6-m/nofp\libg.a(libc_a-month_lengths.o)
                              C:/Users/joser/.pico-sdk/toolchain/13_3_Rel1/bin/../lib/gcc/arm-none-eabi/13.3.1/thumb/v6-m/nofp\libg.a(libc_a-lcltime_r.o) (__month_lengths)
[...]
Memory Configuration

Name             Origin             Length             Attributes
FLASH            0x10000000         0x00200000         xr
RAM              0x20000000         0x00040000         xrw
SCRATCH_X        0x20040000         0x00001000         xrw
SCRATCH_Y        0x20041000         0x00001000         xrw
*default*        0x00000000         0xffffffff

Linker script and memory map

LOAD C:/Users/joser/.pico-sdk/toolchain/13_3_Rel1/bin/../lib/gcc/arm-none-eabi/13.3.1/thumb/v6-m/nofp/crti.o
LOAD C:/Users/joser/.pico-sdk/toolchain/13_3_Rel1/bin/../lib/gcc/arm-none-eabi/13.3.1/thumb/v6-m/nofp/crtbegin.o
LOAD C:/Users/joser/.pico-sdk/toolchain/13_3_Rel1/bin/../lib/gcc/arm-none-eabi/13.3.1/thumb/v6-m/nofp/crt0.o

.flash_begin    0x10000000        0x0
                0x10000000                        __flash_binary_start = .

.boot2          0x10000000      0x100
                0x10000000                        __boot2_start__ = .
 *(.boot2)
 .boot2         0x10000000      0x100 pico-sdk/src/rp2040/boot_stage2/CMakeFiles/bs2_default_library.dir/./bs2_default_padded_checksummed.S.obj
                0x10000100                        __boot2_end__ = .
                0x00000001                        ASSERT (((__boot2_end__ - __boot2_start__) == 0x100), ERROR: Pico second stage bootloader must be 256 bytes in size)

.text           0x10000100    0x16cd4
                0x10000100                        __logical_binary_start = .
 *(.vectors)
 .vectors       0x10000100       0xd4 CMakeFiles/pico_w_conect_ip.dir/C_/Users/joser/.pico-sdk/sdk/2.1.0/src/rp2_common/pico_crt0/crt0.S.obj
                0x10000100                __VECTOR_TABLE
                0x10000100                __vectors
                0x100001c0                isr_invalid
                0x100001c0                __default_isrs_start
                0x100001c2                isr_nmi
                0x100001c4                isr_hardfault
                0x100001c6                isr_svcall
                0x100001c8                isr_pendsv
                0x100001ca                isr_systick
                0x100001cc                isr_irq23
                0x100001cc                isr_irq18
                0x100001cc                isr_irq11
                0x100001cc                isr_irq28
                0x100001cc                isr_irq19
                0x100001cc                isr_irq0
                0x100001cc                isr_irq6
                0x100001cc                isr_irq5
                0x100001cc                isr_irq12
                0x100001cc                isr_irq22
                0x100001cc                isr_irq31
                0x100001cc                isr_irq17
                0x100001cc                isr_irq27
                0x100001cc                isr_irq30
                0x100001cc                isr_irq2
                0x100001cc                isr_irq10
                0x100001cc                isr_irq8
                0x100001cc                isr_irq24
                0x100001cc                isr_irq1
                0x100001cc                isr_irq7
                0x100001cc                isr_irq21
                0x100001cc                isr_irq20
                0x100001cc                isr_irq15
                0x100001cc                isr_irq25
                0x100001cc                isr_irq13
                0x100001cc                __unhandled_user_irq
                0x100001cc                isr_irq4
                0x100001cc                isr_irq16
                0x100001cc                isr_irq29
                0x100001cc                isr_irq26
                0x100001cc                __default_isrs_end
                0x100001cc                isr_irq3
                0x100001cc                isr_irq14
                0x100001cc                isr_irq9
                0x100001d2                unhandled_user_irq_num_in_r0
 *(.binary_info_header)
 .binary_info_header
                0x100001d4       0x14 CMakeFiles/pico_w_conect_ip.dir/C_/Users/joser/.pico-sdk/sdk/2.1.0/src/rp2_common/pico_crt0/crt0.S.obj
                0x100001e8                        __binary_info_header_end = .
 *(.embedded_block)
                0x100001e8                        __embedded_block_end = .
 *(.reset)
 .reset         0x100001e8       0x9c CMakeFiles/pico_w_conect_ip.dir/C_/Users/joser/.pico-sdk/sdk/2.1.0/src/rp2_common/pico_crt0/crt0.S.obj
                0x100001e8                _entry_point
 *(.init)
 .init          0x10000284        0x4 C:/Users/joser/.pico-sdk/toolchain/13_3_Rel1/bin/../lib/gcc/arm-none-eabi/13.3.1/thumb/v6-m/nofp/crti.o
                0x10000284                _init
 *(EXCLUDE_FILE(*libm.a: *libc.a:*lib_a-mem*.o *libgcc.a:) .text*)
 .text.register_tm_clones
                0x10000288       0x28 C:/Users/joser/.pico-sdk/toolchain/13_3_Rel1/bin/../lib/gcc/arm-none-eabi/13.3.1/thumb/v6-m/nofp/crtbegin.o
 .text.frame_dummy
                0x100002b0       0x24 C:/Users/joser/.pico-sdk/toolchain/13_3_Rel1/bin/../lib/gcc/arm-none-eabi/13.3.1/thumb/v6-m/nofp/crtbegin.o
 .text.tcp_server_accept
                0x100002d4       0x14 CMakeFiles/pico_w_conect_ip.dir/pico_w_conect_ip.c.obj
 .text.bmp_safe_read
                0x100002e8       0x48 CMakeFiles/pico_w_conect_ip.dir/pico_w_conect_ip.c.obj
 .text.tcp_server_recv
                0x10000330       0xfc CMakeFiles/pico_w_conect_ip.dir/pico_w_conect_ip.c.obj
 .text.startup.main
                0x1000042c      0x558 CMakeFiles/pico_w_conect_ip.dir/pico_w_conect_ip.c.obj
                0x1000042c                main
 .text.gpio_set_function
                0x10000984       0x34 CMakeFiles/pico_w_conect_ip.dir/C_/Users/joser/.pico-sdk/sdk/2.1.0/src/rp2_common/hardware_gpio/gpio.c.obj
                0x10000984                gpio_set_function
 .text.gpio_set_pulls
                0x100009b8       0x28 CMakeFiles/pico_w_conect_ip.dir/C_/Users/joser/.pico-sdk/sdk/2.1.0/src/rp2_common/hardware_gpio/gpio.c.obj
                0x100009b8                gpio_set_pulls
 .text.gpio_set_input_hysteresis_enabled
                0x100009e0       0x28 CMakeFiles/pico_w_conect_ip.dir/C_/Users/joser/.pico-sdk/sdk/2.1.0/src/rp2_common/hardware_gpio/gpio.c.obj
                0x100009e0                gpio_set_input_hysteresis_enabled
 .text.gpio_set_irq_enabled
                0x10000a08       0x58 CMakeFiles/pico_w_conect_ip.dir/C_/Users/joser/.pico-sdk/sdk/2.1.0/src/rp2_common/hardware_gpio/gpio.c.obj
                0x10000a08                gpio_set_irq_enabled
 .text.gpio_add_raw_irq_handler_with_order_priority_masked
                0x10000a60       0x44 CMakeFiles/pico_w_conect_ip.dir/C_/Users/joser/.pico-sdk/sdk/2.1.0/src/rp2_common/hardware_gpio/gpio.c.obj
                0x10000a60                gpio_add_raw_irq_handler_with_order_priority_masked
 .text.gpio_remove_raw_irq_handler_masked
                0x10000aa4       0x20 CMakeFiles/pico_w_conect_ip.dir/C_/Users/joser/.pico-sdk/sdk/2.1.0/src/rp2_common/hardware_gpio/gpio.c.obj
                0x10000aa4                gpio_remove_raw_irq_handler_masked
 .text.gpio_init
                0x10000ac4       0x40 CMakeFiles/pico_w_conect_ip.dir/C_/Users/joser/.pico-sdk/sdk/2.1.0/src/rp2_common/hardware_gpio/gpio.c.obj
                0x10000ac4                gpio_init
 .text.rp2040_chip_version
                0x10000b04        0xc CMakeFiles/pico_w_conect_ip.dir/C_/Users/joser/.pico-sdk/sdk/2.1.0/src/rp2040/pico_platform/platform.c.obj
                0x10000b04                rp2040_chip_version
 .text.panic    0x10000b10       0x30 CMakeFiles/pico_w_conect_ip.dir/C_/Users/joser/.pico-sdk/sdk/2.1.0/src/rp2_common/pico_platform_panic/panic.c.obj
                0x10000b10                panic
 .text.hw_claim_lock
                0x10000b40       0x18 CMakeFiles/pico_w_conect_ip.dir/C_/Users/joser/.pico-sdk/sdk/2.1.0/src/common/hardware_claim/claim.c.obj
                0x10000b40                hw_claim_lock
 .text.hw_claim_unlock
                0x10000b58       0x14 CMakeFiles/pico_w_conect_ip.dir/C_/Users/joser/.pico-sdk/sdk/2.1.0/src/common/hardware_claim/claim.c.obj
                0x10000b58                hw_claim_unlock
 .text.hw_claim_or_assert
                0x10000b6c       0x44 CMakeFiles/pico_w_conect_ip.dir/C_/Users/joser/.pico-sdk/sdk/2.1.0/src/common/hardware_claim/claim.c.obj
                0x10000b6c                hw_claim_or_assert
 .text.hw_claim_unused_from_range
                0x10000bb0       0x9c CMakeFiles/pico_w_conect_ip.dir/C_/Users/joser/.pico-sdk/sdk/2.1.0/src/common/hardware_claim/claim.c.obj
                0x10000bb0                hw_claim_unused_from_range
 .text.hw_claim_clear
                0x10000c4c       0x38 CMakeFiles/pico_w_conect_ip.dir/C_/Users/joser/.pico-sdk/sdk/2.1.0/src/common/hardware_claim/claim.c.obj
                0x10000c4c                hw_claim_clear
 .text.next_striped_spin_lock_num
                0x10000c84       0x18 CMakeFiles/pico_w_conect_ip.dir/C_/Users/joser/.pico-sdk/sdk/2.1.0/src/rp2_common/hardware_sync/sync.c.obj
                0x10000c84                next_striped_spin_lock_num
 .text.spin_lock_claim_unused
                0x10000c9c       0x24 CMakeFiles/pico_w_conect_ip.dir/C_/Users/joser/.pico-sdk/sdk/2.1.0/src/rp2_common/hardware_sync/sync.c.obj
                0x10000c9c                spin_lock_claim_unused
 .text.spin_locks_reset
                0x10000cc0       0x1c CMakeFiles/pico_w_conect_ip.dir/4c99c1cedfabd5935e9dbced231afd34/hardware_sync_spin_lock/sync_spin_lock.c.obj
                0x10000cc0                spin_locks_reset
 .text.runtime_init_per_core_irq_priorities
                0x10000cdc       0x24 CMakeFiles/pico_w_conect_ip.dir/C_/Users/joser/.pico-sdk/sdk/2.1.0/src/rp2_common/hardware_irq/irq.c.obj
                0x10000cdc                runtime_init_per_core_irq_priorities
 .text.irq_set_enabled
                0x10000d00       0x24 CMakeFiles/pico_w_conect_ip.dir/C_/Users/joser/.pico-sdk/sdk/2.1.0/src/rp2_common/hardware_irq/irq.c.obj
                0x10000d00                irq_set_enabled
 .text.irq_is_enabled
                0x10000d24       0x18 CMakeFiles/pico_w_conect_ip.dir/C_/Users/joser/.pico-sdk/sdk/2.1.0/src/rp2_common/hardware_irq/irq.c.obj
                0x10000d24                irq_is_enabled
 .text.irq_set_pending
                0x10000d3c       0x10 CMakeFiles/pico_w_conect_ip.dir/C_/Users/joser/.pico-sdk/sdk/2.1.0/src/rp2_common/hardware_irq/irq.c.obj
                0x10000d3c                irq_set_pending
 .text.irq_has_shared_handler
                0x10000d4c       0x2c CMakeFiles/pico_w_conect_ip.dir/C_/Users/joser/.pico-sdk/sdk/2.1.0/src/rp2_common/hardware_irq/irq.c.obj
                0x10000d4c                irq_has_shared_handler
 .text.irq_set_exclusive_handler
                0x10000d78       0x54 CMakeFiles/pico_w_conect_ip.dir/C_/Users/joser/.pico-sdk/sdk/2.1.0/src/rp2_common/hardware_irq/irq.c.obj
                0x10000d78                irq_set_exclusive_handler
 .text.irq_add_shared_handler
                0x10000dcc      0x1f4 CMakeFiles/pico_w_conect_ip.dir/C_/Users/joser/.pico-sdk/sdk/2.1.0/src/rp2_common/hardware_irq/irq.c.obj
                0x10000dcc                irq_add_shared_handler
 .text.irq_remove_handler
                0x10000fc0      0x1d4 CMakeFiles/pico_w_conect_ip.dir/C_/Users/joser/.pico-sdk/sdk/2.1.0/src/rp2_common/hardware_irq/irq.c.obj
                0x10000fc0                irq_remove_handler
 .text.irq_set_priority
                0x10001194       0x28 CMakeFiles/pico_w_conect_ip.dir/C_/Users/joser/.pico-sdk/sdk/2.1.0/src/rp2_common/hardware_irq/irq.c.obj
                0x10001194                irq_set_priority
 .text.irq_add_tail_to_free_list
                0x100011bc       0xb4 CMakeFiles/pico_w_conect_ip.dir/C_/Users/joser/.pico-sdk/sdk/2.1.0/src/rp2_common/hardware_irq/irq.c.obj
                0x100011bc                irq_add_tail_to_free_list
 .text.user_irq_unclaim
                0x10001270       0x14 CMakeFiles/pico_w_conect_ip.dir/C_/Users/joser/.pico-sdk/sdk/2.1.0/src/rp2_common/hardware_irq/irq.c.obj
                0x10001270                user_irq_unclaim
 .text.user_irq_claim_unused
                0x10001284       0x2c CMakeFiles/pico_w_conect_ip.dir/C_/Users/joser/.pico-sdk/sdk/2.1.0/src/rp2_common/hardware_irq/irq.c.obj
                0x10001284                user_irq_claim_unused
 .text.sem_init
                0x100012b0       0x20 CMakeFiles/pico_w_conect_ip.dir/C_/Users/joser/.pico-sdk/sdk/2.1.0/src/common/pico_sync/sem.c.obj
                0x100012b0                sem_init
 .text.lock_init
                0x100012d0       0x10 CMakeFiles/pico_w_conect_ip.dir/C_/Users/joser/.pico-sdk/sdk/2.1.0/src/common/pico_sync/lock_core.c.obj
                0x100012d0                lock_init
 .text.runtime_init_mutex
                0x100012e0       0x50 CMakeFiles/pico_w_conect_ip.dir/C_/Users/joser/.pico-sdk/sdk/2.1.0/src/common/pico_sync/mutex.c.obj
                0x100012e0                runtime_init_mutex
 .text.mutex_init
                0x10001330       0x1c CMakeFiles/pico_w_conect_ip.dir/C_/Users/joser/.pico-sdk/sdk/2.1.0/src/common/pico_sync/mutex.c.obj
                0x10001330                mutex_init
 .text.recursive_mutex_init
                0x1000134c       0x1c CMakeFiles/pico_w_conect_ip.dir/C_/Users/joser/.pico-sdk/sdk/2.1.0/src/common/pico_sync/mutex.c.obj
                0x1000134c                recursive_mutex_init
 .text.critical_section_init
                0x10001368       0x1c CMakeFiles/pico_w_conect_ip.dir/C_/Users/joser/.pico-sdk/sdk/2.1.0/src/common/pico_sync/critical_section.c.obj
                0x10001368                critical_section_init
 .text.critical_section_init_with_lock_num
                0x10001384       0x14 CMakeFiles/pico_w_conect_ip.dir/C_/Users/joser/.pico-sdk/sdk/2.1.0/src/common/pico_sync/critical_section.c.obj
                0x10001384                critical_section_init_with_lock_num
 .text.sleep_until_callback
                0x10001398       0x30 CMakeFiles/pico_w_conect_ip.dir/C_/Users/joser/.pico-sdk/sdk/2.1.0/src/common/pico_time/time.c.obj
 .text.alarm_pool_irq_handler
                0x100013c8      0x2fc CMakeFiles/pico_w_conect_ip.dir/C_/Users/joser/.pico-sdk/sdk/2.1.0/src/common/pico_time/time.c.obj
 .text.runtime_init_default_alarm_pool
                0x100016c4       0xdc CMakeFiles/pico_w_conect_ip.dir/C_/Users/joser/.pico-sdk/sdk/2.1.0/src/common/pico_time/time.c.obj
                0x100016c4                runtime_init_default_alarm_pool
 .text.alarm_pool_get_default
                0x100017a0        0x8 CMakeFiles/pico_w_conect_ip.dir/C_/Users/joser/.pico-sdk/sdk/2.1.0/src/common/pico_time/time.c.obj
                0x100017a0                alarm_pool_get_default
 .text.alarm_pool_add_alarm_at
                0x100017a8       0xd4 CMakeFiles/pico_w_conect_ip.dir/C_/Users/joser/.pico-sdk/sdk/2.1.0/src/common/pico_time/time.c.obj
                0x100017a8                alarm_pool_add_alarm_at
 .text.alarm_pool_add_alarm_at_force_in_context
                0x1000187c       0xb0 CMakeFiles/pico_w_conect_ip.dir/C_/Users/joser/.pico-sdk/sdk/2.1.0/src/common/pico_time/time.c.obj
                0x1000187c                alarm_pool_add_alarm_at_force_in_context
 .text.alarm_pool_cancel_alarm
                0x1000192c       0x74 CMakeFiles/pico_w_conect_ip.dir/C_/Users/joser/.pico-sdk/sdk/2.1.0/src/common/pico_time/time.c.obj
                0x1000192c                alarm_pool_cancel_alarm
 .text.alarm_pool_core_num
                0x100019a0        0x4 CMakeFiles/pico_w_conect_ip.dir/C_/Users/joser/.pico-sdk/sdk/2.1.0/src/common/pico_time/time.c.obj
                0x100019a0                alarm_pool_core_num
 .text.sleep_until
                0x100019a4       0xd8 CMakeFiles/pico_w_conect_ip.dir/C_/Users/joser/.pico-sdk/sdk/2.1.0/src/common/pico_time/time.c.obj
                0x100019a4                sleep_until
 .text.sleep_ms
                0x10001a7c       0x38 CMakeFiles/pico_w_conect_ip.dir/C_/Users/joser/.pico-sdk/sdk/2.1.0/src/common/pico_time/time.c.obj
                0x10001a7c                sleep_ms
 .text.best_effort_wfe_or_timeout
                0x10001ab4       0xe0 CMakeFiles/pico_w_conect_ip.dir/C_/Users/joser/.pico-sdk/sdk/2.1.0/src/common/pico_time/time.c.obj
                0x10001ab4                best_effort_wfe_or_timeout
 .text.timer_hardware_alarm_claim
                0x10001b94       0x14 CMakeFiles/pico_w_conect_ip.dir/C_/Users/joser/.pico-sdk/sdk/2.1.0/src/rp2_common/hardware_timer/timer.c.obj
                0x10001b94                timer_hardware_alarm_claim
 .text.timer_time_us_64
                0x10001ba8       0x10 CMakeFiles/pico_w_conect_ip.dir/C_/Users/joser/.pico-sdk/sdk/2.1.0/src/rp2_common/hardware_timer/timer.c.obj
                0x10001ba8                timer_time_us_64
 .text.time_us_64
                0x10001bb8       0x14 CMakeFiles/pico_w_conect_ip.dir/C_/Users/joser/.pico-sdk/sdk/2.1.0/src/rp2_common/hardware_timer/timer.c.obj
                0x10001bb8                time_us_64
 .text.busy_wait_until
                0x10001bcc       0x20 CMakeFiles/pico_w_conect_ip.dir/C_/Users/joser/.pico-sdk/sdk/2.1.0/src/rp2_common/hardware_timer/timer.c.obj
                0x10001bcc                busy_wait_until
 .text.clock_configure_int_divider
                0x10001bec       0xf4 CMakeFiles/pico_w_conect_ip.dir/C_/Users/joser/.pico-sdk/sdk/2.1.0/src/rp2_common/hardware_clocks/clocks.c.obj
                0x10001bec                clock_configure_int_divider
 .text.clock_configure_undivided
                0x10001ce0       0xe8 CMakeFiles/pico_w_conect_ip.dir/C_/Users/joser/.pico-sdk/sdk/2.1.0/src/rp2_common/hardware_clocks/clocks.c.obj
                0x10001ce0                clock_configure_undivided
 .text.clock_get_hz
                0x10001dc8        0xc CMakeFiles/pico_w_conect_ip.dir/C_/Users/joser/.pico-sdk/sdk/2.1.0/src/rp2_common/hardware_clocks/clocks.c.obj
                0x10001dc8                clock_get_hz
 .text.pll_init
                0x10001dd4       0xa4 CMakeFiles/pico_w_conect_ip.dir/C_/Users/joser/.pico-sdk/sdk/2.1.0/src/rp2_common/hardware_pll/pll.c.obj
                0x10001dd4                pll_init
 .text.watchdog_reboot
                0x10001e78       0x9c CMakeFiles/pico_w_conect_ip.dir/e717d724e4192f14067618697740f6ed/src/rp2_common/hardware_watchdog/watchdog.c.obj
                0x10001e78                watchdog_reboot
 .text.tick_start
                0x10001f14       0x10 CMakeFiles/pico_w_conect_ip.dir/C_/Users/joser/.pico-sdk/sdk/2.1.0/src/rp2_common/hardware_ticks/ticks.c.obj
                0x10001f14                tick_start
 .text.rom_func_lookup
                0x10001f24       0x10 CMakeFiles/pico_w_conect_ip.dir/C_/Users/joser/.pico-sdk/sdk/2.1.0/src/rp2_common/pico_bootrom/bootrom.c.obj
                0x10001f24                rom_func_lookup
 .text.rom_data_lookup
                0x10001f34       0x10 CMakeFiles/pico_w_conect_ip.dir/C_/Users/joser/.pico-sdk/sdk/2.1.0/src/rp2_common/pico_bootrom/bootrom.c.obj
                0x10001f34                rom_data_lookup
 .text.rom_funcs_lookup
                0x10001f44       0x44 CMakeFiles/pico_w_conect_ip.dir/C_/Users/joser/.pico-sdk/sdk/2.1.0/src/rp2_common/pico_bootrom/bootrom.c.obj
                0x10001f44                rom_funcs_lookup
 .text.rom_reset_usb_boot_extra
                0x10001f88       0x28 CMakeFiles/pico_w_conect_ip.dir/C_/Users/joser/.pico-sdk/sdk/2.1.0/src/rp2_common/pico_bootrom/bootrom.c.obj
                0x10001f88                rom_reset_usb_boot_extra
 .text.xosc_init
                0x10001fb0       0x28 CMakeFiles/pico_w_conect_ip.dir/C_/Users/joser/.pico-sdk/sdk/2.1.0/src/rp2_common/hardware_xosc/xosc.c.obj
                0x10001fb0                xosc_init
 .text.first_per_core_initializer
                0x10001fd8        0x4 CMakeFiles/pico_w_conect_ip.dir/C_/Users/joser/.pico-sdk/sdk/2.1.0/src/rp2_common/pico_runtime/runtime.c.obj
 .text.hard_assertion_failure
                0x10001fdc        0xc CMakeFiles/pico_w_conect_ip.dir/C_/Users/joser/.pico-sdk/sdk/2.1.0/src/rp2_common/pico_runtime/runtime.c.obj
                0x10001fdc                hard_assertion_failure
 .text.runtime_run_initializers
                0x10001fe8       0x28 CMakeFiles/pico_w_conect_ip.dir/C_/Users/joser/.pico-sdk/sdk/2.1.0/src/rp2_common/pico_runtime/runtime.c.obj
                0x10001fe8                runtime_run_initializers
 .text.runtime_init_early_resets
                0x10002010       0x2c CMakeFiles/pico_w_conect_ip.dir/73e9fbec89917cfd40d89a3b734ea686/rp2_common/pico_runtime_init/runtime_init.c.obj
                0x10002010                runtime_init_early_resets
 .text.runtime_init_usb_power_down
                0x1000203c       0x1c CMakeFiles/pico_w_conect_ip.dir/73e9fbec89917cfd40d89a3b734ea686/rp2_common/pico_runtime_init/runtime_init.c.obj
                0x1000203c                runtime_init_usb_power_down
 .text.runtime_init_post_clock_resets
                0x10002058       0x20 CMakeFiles/pico_w_conect_ip.dir/73e9fbec89917cfd40d89a3b734ea686/rp2_common/pico_runtime_init/runtime_init.c.obj
                0x10002058                runtime_init_post_clock_resets
 .text.runtime_init_rp2040_gpio_ie_disable
                0x10002078       0x14 CMakeFiles/pico_w_conect_ip.dir/73e9fbec89917cfd40d89a3b734ea686/rp2_common/pico_runtime_init/runtime_init.c.obj
                0x10002078                runtime_init_rp2040_gpio_ie_disable
 .text.runtime_init_spin_locks_reset
                0x1000208c        0x8 CMakeFiles/pico_w_conect_ip.dir/73e9fbec89917cfd40d89a3b734ea686/rp2_common/pico_runtime_init/runtime_init.c.obj
                0x1000208c                runtime_init_spin_locks_reset
 .text.runtime_init_install_ram_vector_table
                0x10002094       0x1c CMakeFiles/pico_w_conect_ip.dir/73e9fbec89917cfd40d89a3b734ea686/rp2_common/pico_runtime_init/runtime_init.c.obj
                0x10002094                runtime_init_install_ram_vector_table
 .text.runtime_init_clocks
                0x100020b0       0xd8 CMakeFiles/pico_w_conect_ip.dir/4c99c1cedfabd5935e9dbced231afd34/pico_runtime_init/runtime_init_clocks.c.obj
                0x100020b0                runtime_init_clocks
 .text          0x10002188       0x10 CMakeFiles/pico_w_conect_ip.dir/e717d724e4192f14067618697740f6ed/src/rp2_common/pico_bit_ops/bit_ops_aeabi.S.obj
 .text.ctzsi    0x10002198        0xc CMakeFiles/pico_w_conect_ip.dir/e717d724e4192f14067618697740f6ed/src/rp2_common/pico_bit_ops/bit_ops_aeabi.S.obj
                0x10002198                __wrap___ctzsi2
 .text.__wrap___aeabi_idiv
                0x100021a4       0x50 CMakeFiles/pico_w_conect_ip.dir/73e9fbec89917cfd40d89a3b734ea686/rp2_common/pico_divider/divider_hardware.S.obj
                0x100021a4                __wrap___aeabi_idivmod
                0x100021a4                divmod_s32s32
                0x100021a4                div_s32s32
                0x100021a4                __wrap___aeabi_idiv
                0x100021ac                divmod_s32s32_unsafe
                0x100021d8                divmod_s32s32_savestate
 .text.__wrap___aeabi_uidiv
                0x100021f4       0x4c CMakeFiles/pico_w_conect_ip.dir/73e9fbec89917cfd40d89a3b734ea686/rp2_common/pico_divider/divider_hardware.S.obj
                0x100021f4                __wrap___aeabi_uidiv
                0x100021f4                __wrap___aeabi_uidivmod
                0x100021f4                div_u32u32
                0x100021f4                divmod_u32u32
                0x100021fc                divmod_u32u32_unsafe
                0x10002224                divmod_u32u32_savestate
 .text.__wrap___aeabi_ldiv
                0x10002240      0x424 CMakeFiles/pico_w_conect_ip.dir/73e9fbec89917cfd40d89a3b734ea686/rp2_common/pico_divider/divider_hardware.S.obj
                0x10002240                div_s64s64
                0x10002240                divmod_s64s64
                0x10002240                __wrap___aeabi_ldivmod
                0x10002270                divmod_u64u64
                0x10002270                div_u64u64
                0x10002270                __wrap___aeabi_uldivmod
                0x10002280                divmod_u64u64_savestate
                0x100022a0                divmod_s64s64_unsafe
                0x10002328                divmod_u64u64_unsafe
 .text.__wrap___aeabi_darithmetic
                0x10002664       0x60 CMakeFiles/pico_w_conect_ip.dir/73e9fbec89917cfd40d89a3b734ea686/rp2_common/pico_double/double_aeabi_rp2040.S.obj
                0x10002664                __wrap___aeabi_drsub
                0x1000266a                __wrap___aeabi_dsub
                0x10002674                __wrap___aeabi_dadd
                0x1000267e                __wrap___aeabi_ddiv
                0x100026b2                __wrap___aeabi_dmul
 .text.__wrap___aeabi_cdcmple
                0x100026c4       0x6c CMakeFiles/pico_w_conect_ip.dir/73e9fbec89917cfd40d89a3b734ea686/rp2_common/pico_double/double_aeabi_rp2040.S.obj
                0x100026c4                __wrap___aeabi_cdrcmple
                0x100026d4                __wrap___aeabi_cdcmpeq
                0x100026d4                __wrap___aeabi_cdcmple
 .text.__wrap___aeabi_dcmplt
                0x10002730        0xc CMakeFiles/pico_w_conect_ip.dir/73e9fbec89917cfd40d89a3b734ea686/rp2_common/pico_double/double_aeabi_rp2040.S.obj
                0x10002730                __wrap___aeabi_dcmplt
 .text.__wrap___aeabi_dcmpge
                0x1000273c       0x10 CMakeFiles/pico_w_conect_ip.dir/73e9fbec89917cfd40d89a3b734ea686/rp2_common/pico_double/double_aeabi_rp2040.S.obj
                0x1000273c                __wrap___aeabi_dcmpge
 .text.__wrap___aeabi_dcmpgt
                0x1000274c        0xa CMakeFiles/pico_w_conect_ip.dir/73e9fbec89917cfd40d89a3b734ea686/rp2_common/pico_double/double_aeabi_rp2040.S.obj
                0x1000274c                __wrap___aeabi_dcmpgt
 .text.__wrap___aeabi_dcmpun
                0x10002756       0x18 CMakeFiles/pico_w_conect_ip.dir/73e9fbec89917cfd40d89a3b734ea686/rp2_common/pico_double/double_aeabi_rp2040.S.obj
                0x10002756                __wrap___aeabi_dcmpun
 *fill*         0x1000276e        0x2 
 .text.__wrap___aeabi_i2d
                0x10002770       0x38 CMakeFiles/pico_w_conect_ip.dir/73e9fbec89917cfd40d89a3b734ea686/rp2_common/pico_double/double_aeabi_rp2040.S.obj
                0x10002770                __wrap___aeabi_ui2d
                0x10002778                __wrap___aeabi_i2d
 .text.__wrap___aeabi_d2iz
                0x100027a8       0x48 CMakeFiles/pico_w_conect_ip.dir/73e9fbec89917cfd40d89a3b734ea686/rp2_common/pico_double/double_aeabi_rp2040.S.obj
                0x100027a8                double2int_z
                0x100027a8                __wrap___aeabi_d2iz
 .text.__wrap___aeabi_d2uiz
                0x100027f0       0x10 CMakeFiles/pico_w_conect_ip.dir/73e9fbec89917cfd40d89a3b734ea686/rp2_common/pico_double/double_aeabi_rp2040.S.obj
                0x100027f0                __wrap___aeabi_d2uiz
                0x100027f0                double2uint
 .text.missing_double_func_shim
                0x10002800        0xc CMakeFiles/pico_w_conect_ip.dir/4c99c1cedfabd5935e9dbced231afd34/pico_double/double_init_rom_rp2040.c.obj
 .text.__aeabi_double_init
                0x1000280c       0xa0 CMakeFiles/pico_w_conect_ip.dir/4c99c1cedfabd5935e9dbced231afd34/pico_double/double_init_rom_rp2040.c.obj
                0x1000280c                __aeabi_double_init
 .text.double_table_shim_on_use_helper
                0x100028ac       0x2c CMakeFiles/pico_w_conect_ip.dir/4c99c1cedfabd5935e9dbced231afd34/pico_double/double_v1_rom_shim_rp2040.S.obj
                0x100028ac                double_table_shim_on_use_helper
 .text.__aeabi_lmul
                0x100028d8       0x32 CMakeFiles/pico_w_conect_ip.dir/4c99c1cedfabd5935e9dbced231afd34/pico_int64_ops/pico_int64_ops_aeabi.S.obj
                0x100028d8                __wrap___aeabi_lmul
 *fill*         0x1000290a        0x2 
 .text.__wrap___aeabi_farithmetic
                0x1000290c       0x48 CMakeFiles/pico_w_conect_ip.dir/73e9fbec89917cfd40d89a3b734ea686/rp2_common/pico_float/float_aeabi_rp2040.S.obj
                0x1000290c                __wrap___aeabi_frsub
                0x10002912                __wrap___aeabi_fsub
                0x10002918                __wrap___aeabi_fadd
                0x1000291e                __wrap___aeabi_fdiv
                0x10002946                __wrap___aeabi_fmul
 .text.__wrap___aeabi_ui2f
                0x10002954        0xa CMakeFiles/pico_w_conect_ip.dir/73e9fbec89917cfd40d89a3b734ea686/rp2_common/pico_float/float_aeabi_rp2040.S.obj
                0x10002954                __wrap___aeabi_ui2f
                0x10002954                uint2float
 *fill*         0x1000295e        0x2 
 .text.__wrap___aeabi_i2f
                0x10002960       0x44 CMakeFiles/pico_w_conect_ip.dir/73e9fbec89917cfd40d89a3b734ea686/rp2_common/pico_float/float_aeabi_rp2040.S.obj
                0x10002960                __wrap___aeabi_i2f
                0x10002960                int2float
 .text.__wrap___aeabi_f2d
                0x100029a4        0xc CMakeFiles/pico_w_conect_ip.dir/73e9fbec89917cfd40d89a3b734ea686/rp2_common/pico_float/float_aeabi_rp2040.S.obj
                0x100029a4                __wrap___aeabi_f2d
 .text.missing_float_func_shim
                0x100029b0        0xc CMakeFiles/pico_w_conect_ip.dir/4c99c1cedfabd5935e9dbced231afd34/pico_float/float_init_rom_rp2040.c.obj
 .text.__aeabi_float_init
                0x100029bc       0x5c CMakeFiles/pico_w_conect_ip.dir/4c99c1cedfabd5935e9dbced231afd34/pico_float/float_init_rom_rp2040.c.obj
                0x100029bc                __aeabi_float_init
 .text          0x10002a18       0x10 CMakeFiles/pico_w_conect_ip.dir/e717d724e4192f14067618697740f6ed/src/rp2_common/pico_mem_ops/mem_ops_aeabi.S.obj
                0x10002a18                __aeabi_mem_init
 .text.memset   0x10002a28        0xc CMakeFiles/pico_w_conect_ip.dir/e717d724e4192f14067618697740f6ed/src/rp2_common/pico_mem_ops/mem_ops_aeabi.S.obj
                0x10002a28                __wrap_memset
 .text.memcpy   0x10002a34        0xc CMakeFiles/pico_w_conect_ip.dir/e717d724e4192f14067618697740f6ed/src/rp2_common/pico_mem_ops/mem_ops_aeabi.S.obj
                0x10002a34                __wrap_memcpy
                0x10002a34                __wrap___aeabi_memcpy
 .text._out_buffer
                0x10002a40        0x8 CMakeFiles/pico_w_conect_ip.dir/C_/Users/joser/.pico-sdk/sdk/2.1.0/src/rp2_common/pico_printf/printf.c.obj
 .text._out_null
                0x10002a48        0x4 CMakeFiles/pico_w_conect_ip.dir/C_/Users/joser/.pico-sdk/sdk/2.1.0/src/rp2_common/pico_printf/printf.c.obj
 .text._out_rev
                0x10002a4c       0xac CMakeFiles/pico_w_conect_ip.dir/C_/Users/joser/.pico-sdk/sdk/2.1.0/src/rp2_common/pico_printf/printf.c.obj
 .text._ntoa_format
                0x10002af8      0x250 CMakeFiles/pico_w_conect_ip.dir/C_/Users/joser/.pico-sdk/sdk/2.1.0/src/rp2_common/pico_printf/printf.c.obj
 .text._out_char
                0x10002d48       0x10 CMakeFiles/pico_w_conect_ip.dir/C_/Users/joser/.pico-sdk/sdk/2.1.0/src/rp2_common/pico_printf/printf.c.obj
 .text._out_fct
                0x10002d58       0x10 CMakeFiles/pico_w_conect_ip.dir/C_/Users/joser/.pico-sdk/sdk/2.1.0/src/rp2_common/pico_printf/printf.c.obj
 .text._etoa    0x10002d68      0x464 CMakeFiles/pico_w_conect_ip.dir/C_/Users/joser/.pico-sdk/sdk/2.1.0/src/rp2_common/pico_printf/printf.c.obj
 .text._ftoa    0x100031cc      0x3c0 CMakeFiles/pico_w_conect_ip.dir/C_/Users/joser/.pico-sdk/sdk/2.1.0/src/rp2_common/pico_printf/printf.c.obj
 .text._vsnprintf
                0x1000358c      0xbc8 CMakeFiles/pico_w_conect_ip.dir/C_/Users/joser/.pico-sdk/sdk/2.1.0/src/rp2_common/pico_printf/printf.c.obj
 .text.__wrap_snprintf
                0x10004154       0x28 CMakeFiles/pico_w_conect_ip.dir/C_/Users/joser/.pico-sdk/sdk/2.1.0/src/rp2_common/pico_printf/printf.c.obj
                0x10004154                __wrap_snprintf
 .text.vfctprintf
                0x1000417c       0x20 CMakeFiles/pico_w_conect_ip.dir/C_/Users/joser/.pico-sdk/sdk/2.1.0/src/rp2_common/pico_printf/printf.c.obj
                0x1000417c                vfctprintf
 .text.weak_raw_vprintf
                0x1000419c       0x30 CMakeFiles/pico_w_conect_ip.dir/C_/Users/joser/.pico-sdk/sdk/2.1.0/src/rp2_common/pico_printf/printf.c.obj
                0x1000419c                weak_raw_vprintf
 .text._exit    0x100041cc        0x4 CMakeFiles/pico_w_conect_ip.dir/4c99c1cedfabd5935e9dbced231afd34/pico_clib_interface/newlib_interface.c.obj
                0x100041cc                _exit
 .text.exit     0x100041d0        0x8 CMakeFiles/pico_w_conect_ip.dir/4c99c1cedfabd5935e9dbced231afd34/pico_clib_interface/newlib_interface.c.obj
                0x100041d0                exit
 .text.runtime_init
                0x100041d8       0x2c CMakeFiles/pico_w_conect_ip.dir/4c99c1cedfabd5935e9dbced231afd34/pico_clib_interface/newlib_interface.c.obj
                0x100041d8                runtime_init
 .text.stdio_out_chars_no_crlf
                0x10004204       0x10 CMakeFiles/pico_w_conect_ip.dir/C_/Users/joser/.pico-sdk/sdk/2.1.0/src/rp2_common/pico_stdio/stdio.c.obj
 .text.stdio_out_chars_crlf
                0x10004214       0x94 CMakeFiles/pico_w_conect_ip.dir/C_/Users/joser/.pico-sdk/sdk/2.1.0/src/rp2_common/pico_stdio/stdio.c.obj
 .text.stdio_buffered_printer
                0x100042a8       0x64 CMakeFiles/pico_w_conect_ip.dir/C_/Users/joser/.pico-sdk/sdk/2.1.0/src/rp2_common/pico_stdio/stdio.c.obj
 .text.stdio_put_string
                0x1000430c      0x100 CMakeFiles/pico_w_conect_ip.dir/C_/Users/joser/.pico-sdk/sdk/2.1.0/src/rp2_common/pico_stdio/stdio.c.obj
                0x1000430c                stdio_put_string
 .text.stdio_set_driver_enabled
                0x1000440c       0x30 CMakeFiles/pico_w_conect_ip.dir/C_/Users/joser/.pico-sdk/sdk/2.1.0/src/rp2_common/pico_stdio/stdio.c.obj
                0x1000440c                stdio_set_driver_enabled
 .text.stdio_init_all
                0x1000443c        0x8 CMakeFiles/pico_w_conect_ip.dir/C_/Users/joser/.pico-sdk/sdk/2.1.0/src/rp2_common/pico_stdio/stdio.c.obj
                0x1000443c                stdio_init_all
 .text.__wrap_putchar
                0x10004444       0x98 CMakeFiles/pico_w_conect_ip.dir/C_/Users/joser/.pico-sdk/sdk/2.1.0/src/rp2_common/pico_stdio/stdio.c.obj
                0x10004444                __wrap_putchar
                0x10004444                stdio_putchar
 .text.__wrap_puts
                0x100044dc       0x3c CMakeFiles/pico_w_conect_ip.dir/C_/Users/joser/.pico-sdk/sdk/2.1.0/src/rp2_common/pico_stdio/stdio.c.obj
                0x100044dc                stdio_puts
                0x100044dc                __wrap_puts
 .text.__wrap_vprintf
                0x10004518       0xd4 CMakeFiles/pico_w_conect_ip.dir/C_/Users/joser/.pico-sdk/sdk/2.1.0/src/rp2_common/pico_stdio/stdio.c.obj
                0x10004518                stdio_vprintf
                0x10004518                __wrap_vprintf
 .text.__wrap_printf
                0x100045ec       0x18 CMakeFiles/pico_w_conect_ip.dir/C_/Users/joser/.pico-sdk/sdk/2.1.0/src/rp2_common/pico_stdio/stdio.c.obj
                0x100045ec                __wrap_printf
                0x100045ec                stdio_printf
 .text.resetd_init
                0x10004604        0x4 CMakeFiles/pico_w_conect_ip.dir/73e9fbec89917cfd40d89a3b734ea686/rp2_common/pico_stdio_usb/reset_interface.c.obj
 .text.resetd_reset
                0x10004608        0xc CMakeFiles/pico_w_conect_ip.dir/73e9fbec89917cfd40d89a3b734ea686/rp2_common/pico_stdio_usb/reset_interface.c.obj
 .text.resetd_open
                0x10004614       0x28 CMakeFiles/pico_w_conect_ip.dir/73e9fbec89917cfd40d89a3b734ea686/rp2_common/pico_stdio_usb/reset_interface.c.obj
 .text.resetd_xfer_cb
                0x1000463c        0x4 CMakeFiles/pico_w_conect_ip.dir/73e9fbec89917cfd40d89a3b734ea686/rp2_common/pico_stdio_usb/reset_interface.c.obj
 .text.resetd_control_xfer_cb
                0x10004640       0x5c CMakeFiles/pico_w_conect_ip.dir/73e9fbec89917cfd40d89a3b734ea686/rp2_common/pico_stdio_usb/reset_interface.c.obj
 .text.tud_descriptor_bos_cb
                0x1000469c        0x8 CMakeFiles/pico_w_conect_ip.dir/73e9fbec89917cfd40d89a3b734ea686/rp2_common/pico_stdio_usb/reset_interface.c.obj
                0x1000469c                tud_descriptor_bos_cb
 .text.tud_vendor_control_xfer_cb
                0x100046a4       0x34 CMakeFiles/pico_w_conect_ip.dir/73e9fbec89917cfd40d89a3b734ea686/rp2_common/pico_stdio_usb/reset_interface.c.obj
                0x100046a4                tud_vendor_control_xfer_cb
 .text.usbd_app_driver_get_cb
                0x100046d8        0xc CMakeFiles/pico_w_conect_ip.dir/73e9fbec89917cfd40d89a3b734ea686/rp2_common/pico_stdio_usb/reset_interface.c.obj
                0x100046d8                usbd_app_driver_get_cb
 .text.tud_cdc_line_coding_cb
                0x100046e4       0x2c CMakeFiles/pico_w_conect_ip.dir/73e9fbec89917cfd40d89a3b734ea686/rp2_common/pico_stdio_usb/reset_interface.c.obj
                0x100046e4                tud_cdc_line_coding_cb
 .text.stdio_usb_set_chars_available_callback
                0x10004710       0x14 CMakeFiles/pico_w_conect_ip.dir/C_/Users/joser/.pico-sdk/sdk/2.1.0/src/rp2_common/pico_stdio_usb/stdio_usb.c.obj
                0x10004710                stdio_usb_set_chars_available_callback
 .text.usb_irq  0x10004724       0x10 CMakeFiles/pico_w_conect_ip.dir/C_/Users/joser/.pico-sdk/sdk/2.1.0/src/rp2_common/pico_stdio_usb/stdio_usb.c.obj
 .text.timer_task
                0x10004734       0x64 CMakeFiles/pico_w_conect_ip.dir/C_/Users/joser/.pico-sdk/sdk/2.1.0/src/rp2_common/pico_stdio_usb/stdio_usb.c.obj
 .text.stdio_usb_in_chars
                0x10004798       0x90 CMakeFiles/pico_w_conect_ip.dir/C_/Users/joser/.pico-sdk/sdk/2.1.0/src/rp2_common/pico_stdio_usb/stdio_usb.c.obj
                0x10004798                stdio_usb_in_chars
 .text.stdio_usb_out_flush
                0x10004828       0x50 CMakeFiles/pico_w_conect_ip.dir/C_/Users/joser/.pico-sdk/sdk/2.1.0/src/rp2_common/pico_stdio_usb/stdio_usb.c.obj
 .text.stdio_usb_out_chars
                0x10004878      0x104 CMakeFiles/pico_w_conect_ip.dir/C_/Users/joser/.pico-sdk/sdk/2.1.0/src/rp2_common/pico_stdio_usb/stdio_usb.c.obj
 .text.low_priority_worker_irq
                0x1000497c       0xcc CMakeFiles/pico_w_conect_ip.dir/C_/Users/joser/.pico-sdk/sdk/2.1.0/src/rp2_common/pico_stdio_usb/stdio_usb.c.obj
 .text.stdio_usb_init
                0x10004a48       0xe8 CMakeFiles/pico_w_conect_ip.dir/C_/Users/joser/.pico-sdk/sdk/2.1.0/src/rp2_common/pico_stdio_usb/stdio_usb.c.obj
                0x10004a48                stdio_usb_init
 .text.tud_descriptor_device_cb
                0x10004b30        0x8 CMakeFiles/pico_w_conect_ip.dir/4c99c1cedfabd5935e9dbced231afd34/pico_stdio_usb/stdio_usb_descriptors.c.obj
                0x10004b30                tud_descriptor_device_cb
 .text.tud_descriptor_configuration_cb
                0x10004b38        0x8 CMakeFiles/pico_w_conect_ip.dir/4c99c1cedfabd5935e9dbced231afd34/pico_stdio_usb/stdio_usb_descriptors.c.obj
                0x10004b38                tud_descriptor_configuration_cb
 .text.tud_descriptor_string_cb
                0x10004b40       0x78 CMakeFiles/pico_w_conect_ip.dir/4c99c1cedfabd5935e9dbced231afd34/pico_stdio_usb/stdio_usb_descriptors.c.obj
                0x10004b40                tud_descriptor_string_cb
 .text.startup._retrieve_unique_id_on_boot
                0x10004bb8       0x10 CMakeFiles/pico_w_conect_ip.dir/C_/Users/joser/.pico-sdk/sdk/2.1.0/src/rp2_common/pico_unique_id/unique_id.c.obj
 .text.pico_get_unique_board_id
                0x10004bc8       0x10 CMakeFiles/pico_w_conect_ip.dir/C_/Users/joser/.pico-sdk/sdk/2.1.0/src/rp2_common/pico_unique_id/unique_id.c.obj
                0x10004bc8                pico_get_unique_board_id
 .text.pico_get_unique_board_id_string
                0x10004bd8      0x1a8 CMakeFiles/pico_w_conect_ip.dir/C_/Users/joser/.pico-sdk/sdk/2.1.0/src/rp2_common/pico_unique_id/unique_id.c.obj
                0x10004bd8                pico_get_unique_board_id_string
 .text.flash_get_unique_id
                0x10004d80       0x3c CMakeFiles/pico_w_conect_ip.dir/C_/Users/joser/.pico-sdk/sdk/2.1.0/src/rp2_common/hardware_flash/flash.c.obj
                0x10004d80                flash_get_unique_id
 .text.dcd_init
                0x10004dbc       0x8c CMakeFiles/pico_w_conect_ip.dir/d310111c129a1043358077babdd4688b/src/portable/raspberrypi/rp2040/dcd_rp2040.c.obj
                0x10004dbc                dcd_init
 .text.dcd_int_enable
                0x10004e48        0xc CMakeFiles/pico_w_conect_ip.dir/d310111c129a1043358077babdd4688b/src/portable/raspberrypi/rp2040/dcd_rp2040.c.obj
                0x10004e48                dcd_int_enable
 .text.dcd_set_address
                0x10004e54       0x14 CMakeFiles/pico_w_conect_ip.dir/d310111c129a1043358077babdd4688b/src/portable/raspberrypi/rp2040/dcd_rp2040.c.obj
                0x10004e54                dcd_set_address
 .text.dcd_sof_enable
                0x10004e68       0x1c CMakeFiles/pico_w_conect_ip.dir/d310111c129a1043358077babdd4688b/src/portable/raspberrypi/rp2040/dcd_rp2040.c.obj
                0x10004e68                dcd_sof_enable
 .text.dcd_edpt0_status_complete
                0x10004e84       0x1c CMakeFiles/pico_w_conect_ip.dir/d310111c129a1043358077babdd4688b/src/portable/raspberrypi/rp2040/dcd_rp2040.c.obj
                0x10004e84                dcd_edpt0_status_complete
 .text.dcd_edpt_open
                0x10004ea0      0x108 CMakeFiles/pico_w_conect_ip.dir/d310111c129a1043358077babdd4688b/src/portable/raspberrypi/rp2040/dcd_rp2040.c.obj
                0x10004ea0                dcd_edpt_open
 .text.dcd_edpt_close_all
                0x10004fa8        0x8 CMakeFiles/pico_w_conect_ip.dir/d310111c129a1043358077babdd4688b/src/portable/raspberrypi/rp2040/dcd_rp2040.c.obj
                0x10004fa8                dcd_edpt_close_all
 .text.dcd_edpt_xfer
                0x10004fb0       0x24 CMakeFiles/pico_w_conect_ip.dir/d310111c129a1043358077babdd4688b/src/portable/raspberrypi/rp2040/dcd_rp2040.c.obj
                0x10004fb0                dcd_edpt_xfer
 .text.dcd_edpt_stall
                0x10004fd4       0x34 CMakeFiles/pico_w_conect_ip.dir/d310111c129a1043358077babdd4688b/src/portable/raspberrypi/rp2040/dcd_rp2040.c.obj
                0x10004fd4                dcd_edpt_stall
 .text.dcd_edpt_clear_stall
                0x10005008       0x30 CMakeFiles/pico_w_conect_ip.dir/d310111c129a1043358077babdd4688b/src/portable/raspberrypi/rp2040/dcd_rp2040.c.obj
                0x10005008                dcd_edpt_clear_stall
 .text.rp2040_usb_init
                0x10005038       0x40 CMakeFiles/pico_w_conect_ip.dir/d310111c129a1043358077babdd4688b/src/portable/raspberrypi/rp2040/rp2040_usb.c.obj
                0x10005038                rp2040_usb_init
 .text.hw_endpoint_xfer_start
                0x10005078       0x40 CMakeFiles/pico_w_conect_ip.dir/d310111c129a1043358077babdd4688b/src/portable/raspberrypi/rp2040/rp2040_usb.c.obj
                0x10005078                hw_endpoint_xfer_start
 .text.tud_event_hook_cb
                0x100050b8        0x4 CMakeFiles/pico_w_conect_ip.dir/C_/Users/joser/.pico-sdk/sdk/2.1.0/lib/tinyusb/src/device/usbd.c.obj
                0x100050b8                tud_event_hook_cb
 .text.tud_sof_cb
                0x100050bc        0x4 CMakeFiles/pico_w_conect_ip.dir/C_/Users/joser/.pico-sdk/sdk/2.1.0/lib/tinyusb/src/device/usbd.c.obj
                0x100050bc                tud_sof_cb
 .text.tud_descriptor_device_qualifier_cb
                0x100050c0        0x4 CMakeFiles/pico_w_conect_ip.dir/C_/Users/joser/.pico-sdk/sdk/2.1.0/lib/tinyusb/src/device/usbd.c.obj
                0x100050c0                tud_descriptor_device_qualifier_cb
 .text.tud_descriptor_other_speed_configuration_cb
                0x100050c4        0x4 CMakeFiles/pico_w_conect_ip.dir/C_/Users/joser/.pico-sdk/sdk/2.1.0/lib/tinyusb/src/device/usbd.c.obj
                0x100050c4                tud_descriptor_other_speed_configuration_cb
 .text.tud_mount_cb
                0x100050c8        0x4 CMakeFiles/pico_w_conect_ip.dir/C_/Users/joser/.pico-sdk/sdk/2.1.0/lib/tinyusb/src/device/usbd.c.obj
                0x100050c8                tud_mount_cb
 .text.tud_umount_cb
                0x100050cc        0x4 CMakeFiles/pico_w_conect_ip.dir/C_/Users/joser/.pico-sdk/sdk/2.1.0/lib/tinyusb/src/device/usbd.c.obj
                0x100050cc                tud_umount_cb
 .text.tud_suspend_cb
                0x100050d0        0x4 CMakeFiles/pico_w_conect_ip.dir/C_/Users/joser/.pico-sdk/sdk/2.1.0/lib/tinyusb/src/device/usbd.c.obj
                0x100050d0                tud_suspend_cb
 .text.tud_resume_cb
                0x100050d4        0x4 CMakeFiles/pico_w_conect_ip.dir/C_/Users/joser/.pico-sdk/sdk/2.1.0/lib/tinyusb/src/device/usbd.c.obj
                0x100050d4                tud_resume_cb
 .text.tud_mounted
                0x100050d8       0x10 CMakeFiles/pico_w_conect_ip.dir/C_/Users/joser/.pico-sdk/sdk/2.1.0/lib/tinyusb/src/device/usbd.c.obj
                0x100050d8                tud_mounted
 .text.tud_suspended
                0x100050e8       0x10 CMakeFiles/pico_w_conect_ip.dir/C_/Users/joser/.pico-sdk/sdk/2.1.0/lib/tinyusb/src/device/usbd.c.obj
                0x100050e8                tud_suspended
 .text.tud_init
                0x100050f8       0xe4 CMakeFiles/pico_w_conect_ip.dir/C_/Users/joser/.pico-sdk/sdk/2.1.0/lib/tinyusb/src/device/usbd.c.obj
                0x100050f8                tud_init
 .text.tud_task_ext
                0x100051dc      0x800 CMakeFiles/pico_w_conect_ip.dir/C_/Users/joser/.pico-sdk/sdk/2.1.0/lib/tinyusb/src/device/usbd.c.obj
                0x100051dc                tud_task_ext
 .text.usbd_open_edpt_pair
                0x100059dc       0x9c CMakeFiles/pico_w_conect_ip.dir/C_/Users/joser/.pico-sdk/sdk/2.1.0/lib/tinyusb/src/device/usbd.c.obj
                0x100059dc                usbd_open_edpt_pair
 .text.usbd_edpt_open
                0x10005a78       0x34 CMakeFiles/pico_w_conect_ip.dir/C_/Users/joser/.pico-sdk/sdk/2.1.0/lib/tinyusb/src/device/usbd.c.obj
                0x10005a78                usbd_edpt_open
 .text.usbd_edpt_claim
                0x10005aac       0x28 CMakeFiles/pico_w_conect_ip.dir/C_/Users/joser/.pico-sdk/sdk/2.1.0/lib/tinyusb/src/device/usbd.c.obj
                0x10005aac                usbd_edpt_claim
 .text.usbd_edpt_release
                0x10005ad4       0x28 CMakeFiles/pico_w_conect_ip.dir/C_/Users/joser/.pico-sdk/sdk/2.1.0/lib/tinyusb/src/device/usbd.c.obj
                0x10005ad4                usbd_edpt_release
 .text.usbd_edpt_xfer
                0x10005afc       0x4c CMakeFiles/pico_w_conect_ip.dir/C_/Users/joser/.pico-sdk/sdk/2.1.0/lib/tinyusb/src/device/usbd.c.obj
                0x10005afc                usbd_edpt_xfer
 .text.tud_control_status
                0x10005b48       0x2c CMakeFiles/pico_w_conect_ip.dir/C_/Users/joser/.pico-sdk/sdk/2.1.0/lib/tinyusb/src/device/usbd_control.c.obj
                0x10005b48                tud_control_status
 .text.tud_control_xfer
                0x10005b74       0xac CMakeFiles/pico_w_conect_ip.dir/C_/Users/joser/.pico-sdk/sdk/2.1.0/lib/tinyusb/src/device/usbd_control.c.obj
                0x10005b74                tud_control_xfer
 .text.usbd_control_reset
                0x10005c20       0x14 CMakeFiles/pico_w_conect_ip.dir/C_/Users/joser/.pico-sdk/sdk/2.1.0/lib/tinyusb/src/device/usbd_control.c.obj
                0x10005c20                usbd_control_reset
 .text.usbd_control_set_complete_callback
                0x10005c34        0xc CMakeFiles/pico_w_conect_ip.dir/C_/Users/joser/.pico-sdk/sdk/2.1.0/lib/tinyusb/src/device/usbd_control.c.obj
                0x10005c34                usbd_control_set_complete_callback
 .text.usbd_control_set_request
                0x10005c40       0x1c CMakeFiles/pico_w_conect_ip.dir/C_/Users/joser/.pico-sdk/sdk/2.1.0/lib/tinyusb/src/device/usbd_control.c.obj
                0x10005c40                usbd_control_set_request
 .text.usbd_control_xfer_cb
                0x10005c5c       0xec CMakeFiles/pico_w_conect_ip.dir/C_/Users/joser/.pico-sdk/sdk/2.1.0/lib/tinyusb/src/device/usbd_control.c.obj
                0x10005c5c                usbd_control_xfer_cb
 .text._prep_out_transaction.isra.0
                0x10005d48       0x5c CMakeFiles/pico_w_conect_ip.dir/C_/Users/joser/.pico-sdk/sdk/2.1.0/lib/tinyusb/src/class/cdc/cdc_device.c.obj
 .text.tud_cdc_n_connected
                0x10005da4       0x30 CMakeFiles/pico_w_conect_ip.dir/C_/Users/joser/.pico-sdk/sdk/2.1.0/lib/tinyusb/src/class/cdc/cdc_device.c.obj
                0x10005da4                tud_cdc_n_connected
 .text.tud_cdc_n_available
                0x10005dd4       0x18 CMakeFiles/pico_w_conect_ip.dir/C_/Users/joser/.pico-sdk/sdk/2.1.0/lib/tinyusb/src/class/cdc/cdc_device.c.obj
                0x10005dd4                tud_cdc_n_available
 .text.tud_cdc_n_read
                0x10005dec       0x98 CMakeFiles/pico_w_conect_ip.dir/C_/Users/joser/.pico-sdk/sdk/2.1.0/lib/tinyusb/src/class/cdc/cdc_device.c.obj
                0x10005dec                tud_cdc_n_read
 .text.tud_cdc_n_write_flush
                0x10005e84       0x78 CMakeFiles/pico_w_conect_ip.dir/C_/Users/joser/.pico-sdk/sdk/2.1.0/lib/tinyusb/src/class/cdc/cdc_device.c.obj
                0x10005e84                tud_cdc_n_write_flush
 .text.tud_cdc_n_write
                0x10005efc       0x40 CMakeFiles/pico_w_conect_ip.dir/C_/Users/joser/.pico-sdk/sdk/2.1.0/lib/tinyusb/src/class/cdc/cdc_device.c.obj
                0x10005efc                tud_cdc_n_write
 .text.tud_cdc_n_write_available
                0x10005f3c       0x18 CMakeFiles/pico_w_conect_ip.dir/C_/Users/joser/.pico-sdk/sdk/2.1.0/lib/tinyusb/src/class/cdc/cdc_device.c.obj
                0x10005f3c                tud_cdc_n_write_available
 .text.cdcd_init
                0x10005f54       0x7c CMakeFiles/pico_w_conect_ip.dir/C_/Users/joser/.pico-sdk/sdk/2.1.0/lib/tinyusb/src/class/cdc/cdc_device.c.obj
                0x10005f54                cdcd_init
 .text.cdcd_deinit
                0x10005fd0       0x34 CMakeFiles/pico_w_conect_ip.dir/C_/Users/joser/.pico-sdk/sdk/2.1.0/lib/tinyusb/src/class/cdc/cdc_device.c.obj
                0x10005fd0                cdcd_deinit
 .text.cdcd_reset
                0x10006004       0x4c CMakeFiles/pico_w_conect_ip.dir/C_/Users/joser/.pico-sdk/sdk/2.1.0/lib/tinyusb/src/class/cdc/cdc_device.c.obj
                0x10006004                cdcd_reset
 .text.cdcd_open
                0x10006050       0xb0 CMakeFiles/pico_w_conect_ip.dir/C_/Users/joser/.pico-sdk/sdk/2.1.0/lib/tinyusb/src/class/cdc/cdc_device.c.obj
                0x10006050                cdcd_open
 .text.cdcd_control_xfer_cb
                0x10006100       0xe4 CMakeFiles/pico_w_conect_ip.dir/C_/Users/joser/.pico-sdk/sdk/2.1.0/lib/tinyusb/src/class/cdc/cdc_device.c.obj
                0x10006100                cdcd_control_xfer_cb
 .text.cdcd_xfer_cb
                0x100061e4      0x100 CMakeFiles/pico_w_conect_ip.dir/C_/Users/joser/.pico-sdk/sdk/2.1.0/lib/tinyusb/src/class/cdc/cdc_device.c.obj
                0x100061e4                cdcd_xfer_cb
 .text.vendord_init
                0x100062e4       0x5c CMakeFiles/pico_w_conect_ip.dir/e717d724e4192f14067618697740f6ed/lib/tinyusb/src/class/vendor/vendor_device.c.obj
                0x100062e4                vendord_init
 .text.vendord_deinit
                0x10006340       0x1c CMakeFiles/pico_w_conect_ip.dir/e717d724e4192f14067618697740f6ed/lib/tinyusb/src/class/vendor/vendor_device.c.obj
                0x10006340                vendord_deinit
 .text.vendord_reset
                0x1000635c       0x20 CMakeFiles/pico_w_conect_ip.dir/e717d724e4192f14067618697740f6ed/lib/tinyusb/src/class/vendor/vendor_device.c.obj
                0x1000635c                vendord_reset
 .text.vendord_open
                0x1000637c      0x138 CMakeFiles/pico_w_conect_ip.dir/e717d724e4192f14067618697740f6ed/lib/tinyusb/src/class/vendor/vendor_device.c.obj
                0x1000637c                vendord_open
 .text.vendord_xfer_cb
                0x100064b4       0x9c CMakeFiles/pico_w_conect_ip.dir/e717d724e4192f14067618697740f6ed/lib/tinyusb/src/class/vendor/vendor_device.c.obj
                0x100064b4                vendord_xfer_cb
 .text.tusb_init
                0x10006550        0xc CMakeFiles/pico_w_conect_ip.dir/C_/Users/joser/.pico-sdk/sdk/2.1.0/lib/tinyusb/src/tusb.c.obj
                0x10006550                tusb_init
 .text.tu_edpt_claim
                0x1000655c       0x50 CMakeFiles/pico_w_conect_ip.dir/C_/Users/joser/.pico-sdk/sdk/2.1.0/lib/tinyusb/src/tusb.c.obj
                0x1000655c                tu_edpt_claim
 .text.tu_edpt_release
                0x100065ac       0x38 CMakeFiles/pico_w_conect_ip.dir/C_/Users/joser/.pico-sdk/sdk/2.1.0/lib/tinyusb/src/tusb.c.obj
                0x100065ac                tu_edpt_release
 .text.tu_edpt_validate
                0x100065e4       0x7c CMakeFiles/pico_w_conect_ip.dir/C_/Users/joser/.pico-sdk/sdk/2.1.0/lib/tinyusb/src/tusb.c.obj
                0x100065e4                tu_edpt_validate
 .text.tu_edpt_bind_driver
                0x10006660       0x34 CMakeFiles/pico_w_conect_ip.dir/C_/Users/joser/.pico-sdk/sdk/2.1.0/lib/tinyusb/src/tusb.c.obj
                0x10006660                tu_edpt_bind_driver
 .text.tu_edpt_stream_init
                0x10006694       0x6c CMakeFiles/pico_w_conect_ip.dir/C_/Users/joser/.pico-sdk/sdk/2.1.0/lib/tinyusb/src/tusb.c.obj
                0x10006694                tu_edpt_stream_init
 .text.tu_edpt_stream_deinit
                0x10006700        0x4 CMakeFiles/pico_w_conect_ip.dir/C_/Users/joser/.pico-sdk/sdk/2.1.0/lib/tinyusb/src/tusb.c.obj
                0x10006700                tu_edpt_stream_deinit
 .text.tu_edpt_stream_write_zlp_if_needed
                0x10006704       0x68 CMakeFiles/pico_w_conect_ip.dir/C_/Users/joser/.pico-sdk/sdk/2.1.0/lib/tinyusb/src/tusb.c.obj
                0x10006704                tu_edpt_stream_write_zlp_if_needed
 .text.tu_edpt_stream_write_xfer
                0x1000676c       0x64 CMakeFiles/pico_w_conect_ip.dir/C_/Users/joser/.pico-sdk/sdk/2.1.0/lib/tinyusb/src/tusb.c.obj
                0x1000676c                tu_edpt_stream_write_xfer
 .text.tu_edpt_stream_read_xfer
                0x100067d0       0xdc CMakeFiles/pico_w_conect_ip.dir/C_/Users/joser/.pico-sdk/sdk/2.1.0/lib/tinyusb/src/tusb.c.obj
                0x100067d0                tu_edpt_stream_read_xfer
 .text.tu_fifo_config
                0x100068ac       0x6c CMakeFiles/pico_w_conect_ip.dir/C_/Users/joser/.pico-sdk/sdk/2.1.0/lib/tinyusb/src/common/tusb_fifo.c.obj
                0x100068ac                tu_fifo_config
 .text.tu_fifo_count
                0x10006918       0x2c CMakeFiles/pico_w_conect_ip.dir/C_/Users/joser/.pico-sdk/sdk/2.1.0/lib/tinyusb/src/common/tusb_fifo.c.obj
                0x10006918                tu_fifo_count
 .text.tu_fifo_empty
                0x10006944       0x10 CMakeFiles/pico_w_conect_ip.dir/C_/Users/joser/.pico-sdk/sdk/2.1.0/lib/tinyusb/src/common/tusb_fifo.c.obj
                0x10006944                tu_fifo_empty
 .text.tu_fifo_remaining
                0x10006954       0x2c CMakeFiles/pico_w_conect_ip.dir/C_/Users/joser/.pico-sdk/sdk/2.1.0/lib/tinyusb/src/common/tusb_fifo.c.obj
                0x10006954                tu_fifo_remaining
 .text.tu_fifo_read
                0x10006980       0x9c CMakeFiles/pico_w_conect_ip.dir/C_/Users/joser/.pico-sdk/sdk/2.1.0/lib/tinyusb/src/common/tusb_fifo.c.obj
                0x10006980                tu_fifo_read
 .text.tu_fifo_read_n
                0x10006a1c       0xe8 CMakeFiles/pico_w_conect_ip.dir/C_/Users/joser/.pico-sdk/sdk/2.1.0/lib/tinyusb/src/common/tusb_fifo.c.obj
                0x10006a1c                tu_fifo_read_n
 .text.tu_fifo_write
                0x10006b04       0xa8 CMakeFiles/pico_w_conect_ip.dir/C_/Users/joser/.pico-sdk/sdk/2.1.0/lib/tinyusb/src/common/tusb_fifo.c.obj
                0x10006b04                tu_fifo_write
 .text.tu_fifo_write_n
                0x10006bac      0x178 CMakeFiles/pico_w_conect_ip.dir/C_/Users/joser/.pico-sdk/sdk/2.1.0/lib/tinyusb/src/common/tusb_fifo.c.obj
                0x10006bac                tu_fifo_write_n
 .text.tu_fifo_clear
                0x10006d24       0x40 CMakeFiles/pico_w_conect_ip.dir/C_/Users/joser/.pico-sdk/sdk/2.1.0/lib/tinyusb/src/common/tusb_fifo.c.obj
                0x10006d24                tu_fifo_clear
 .text.tu_fifo_set_overwritable
                0x10006d64       0x48 CMakeFiles/pico_w_conect_ip.dir/C_/Users/joser/.pico-sdk/sdk/2.1.0/lib/tinyusb/src/common/tusb_fifo.c.obj
                0x10006d64                tu_fifo_set_overwritable
 .text.lwip_timeout_reached
                0x10006dac        0x8 CMakeFiles/pico_w_conect_ip.dir/C_/Users/joser/.pico-sdk/sdk/2.1.0/src/rp2_common/pico_lwip/lwip_nosys.c.obj
 .text.update_next_timeout
                0x10006db4       0x60 CMakeFiles/pico_w_conect_ip.dir/C_/Users/joser/.pico-sdk/sdk/2.1.0/src/rp2_common/pico_lwip/lwip_nosys.c.obj
 .text.lwip_nosys_init
                0x10006e14       0x30 CMakeFiles/pico_w_conect_ip.dir/C_/Users/joser/.pico-sdk/sdk/2.1.0/src/rp2_common/pico_lwip/lwip_nosys.c.obj
                0x10006e14                lwip_nosys_init
 .text.lwip_nosys_deinit
                0x10006e44       0x20 CMakeFiles/pico_w_conect_ip.dir/C_/Users/joser/.pico-sdk/sdk/2.1.0/src/rp2_common/pico_lwip/lwip_nosys.c.obj
                0x10006e44                lwip_nosys_deinit
 .text.sys_arch_protect
                0x10006e64        0x4 CMakeFiles/pico_w_conect_ip.dir/C_/Users/joser/.pico-sdk/sdk/2.1.0/src/rp2_common/pico_lwip/lwip_nosys.c.obj
                0x10006e64                sys_arch_protect
 .text.sys_arch_unprotect
                0x10006e68        0x4 CMakeFiles/pico_w_conect_ip.dir/C_/Users/joser/.pico-sdk/sdk/2.1.0/src/rp2_common/pico_lwip/lwip_nosys.c.obj
                0x10006e68                sys_arch_unprotect
 .text.sys_now  0x10006e6c       0x20 CMakeFiles/pico_w_conect_ip.dir/C_/Users/joser/.pico-sdk/sdk/2.1.0/src/rp2_common/pico_lwip/lwip_nosys.c.obj
                0x10006e6c                sys_now
 .text.async_context_base_add_at_time_worker
                0x10006e8c       0x24 CMakeFiles/pico_w_conect_ip.dir/4c99c1cedfabd5935e9dbced231afd34/pico_async_context/async_context_base.c.obj
                0x10006e8c                async_context_base_add_at_time_worker
 .text.async_context_base_remove_at_time_worker
                0x10006eb0       0x28 CMakeFiles/pico_w_conect_ip.dir/4c99c1cedfabd5935e9dbced231afd34/pico_async_context/async_context_base.c.obj
                0x10006eb0                async_context_base_remove_at_time_worker
 .text.async_context_base_add_when_pending_worker
                0x10006ed8       0x24 CMakeFiles/pico_w_conect_ip.dir/4c99c1cedfabd5935e9dbced231afd34/pico_async_context/async_context_base.c.obj
                0x10006ed8                async_context_base_add_when_pending_worker
 .text.async_context_base_remove_when_pending_worker
                0x10006efc       0x28 CMakeFiles/pico_w_conect_ip.dir/4c99c1cedfabd5935e9dbced231afd34/pico_async_context/async_context_base.c.obj
                0x10006efc                async_context_base_remove_when_pending_worker
 .text.async_context_base_execute_once
                0x10006f24      0x108 CMakeFiles/pico_w_conect_ip.dir/4c99c1cedfabd5935e9dbced231afd34/pico_async_context/async_context_base.c.obj
                0x10006f24                async_context_base_execute_once
 .text.splitmix64
                0x1000702c       0x58 CMakeFiles/pico_w_conect_ip.dir/C_/Users/joser/.pico-sdk/sdk/2.1.0/src/rp2_common/pico_rand/rand.c.obj
 .text.xoroshiro128ss
                0x10007084       0x90 CMakeFiles/pico_w_conect_ip.dir/C_/Users/joser/.pico-sdk/sdk/2.1.0/src/rp2_common/pico_rand/rand.c.obj
 .text.get_rand_64
                0x10007114      0x4a4 CMakeFiles/pico_w_conect_ip.dir/C_/Users/joser/.pico-sdk/sdk/2.1.0/src/rp2_common/pico_rand/rand.c.obj
                0x10007114                get_rand_64
 .text.get_rand_32
                0x100075b8        0x8 CMakeFiles/pico_w_conect_ip.dir/C_/Users/joser/.pico-sdk/sdk/2.1.0/src/rp2_common/pico_rand/rand.c.obj
                0x100075b8                get_rand_32
 .text.lwip_init
                0x100075c0       0x24 CMakeFiles/pico_w_conect_ip.dir/C_/Users/joser/.pico-sdk/sdk/2.1.0/lib/lwip/src/core/init.c.obj
                0x100075c0                lwip_init
 .text.lwip_htons
                0x100075e4        0x8 CMakeFiles/pico_w_conect_ip.dir/C_/Users/joser/.pico-sdk/sdk/2.1.0/lib/lwip/src/core/def.c.obj
                0x100075e4                lwip_htons
 .text.lwip_htonl
                0x100075ec        0x4 CMakeFiles/pico_w_conect_ip.dir/C_/Users/joser/.pico-sdk/sdk/2.1.0/lib/lwip/src/core/def.c.obj
                0x100075ec                lwip_htonl
 .text.dns_call_found
                0x100075f0      0x184 CMakeFiles/pico_w_conect_ip.dir/C_/Users/joser/.pico-sdk/sdk/2.1.0/lib/lwip/src/core/dns.c.obj
 .text.dns_send.isra.0
                0x10007774      0x174 CMakeFiles/pico_w_conect_ip.dir/C_/Users/joser/.pico-sdk/sdk/2.1.0/lib/lwip/src/core/dns.c.obj
 .text.dns_init
                0x100078e8        0x4 CMakeFiles/pico_w_conect_ip.dir/C_/Users/joser/.pico-sdk/sdk/2.1.0/lib/lwip/src/core/dns.c.obj
                0x100078e8                dns_init
 .text.dns_setserver
                0x100078ec       0x24 CMakeFiles/pico_w_conect_ip.dir/C_/Users/joser/.pico-sdk/sdk/2.1.0/lib/lwip/src/core/dns.c.obj
                0x100078ec                dns_setserver
 .text.dns_tmr  0x10007910      0x140 CMakeFiles/pico_w_conect_ip.dir/C_/Users/joser/.pico-sdk/sdk/2.1.0/lib/lwip/src/core/dns.c.obj
                0x10007910                dns_tmr
 .text.lwip_standard_chksum
                0x10007a50       0xdc CMakeFiles/pico_w_conect_ip.dir/C_/Users/joser/.pico-sdk/sdk/2.1.0/lib/lwip/src/core/inet_chksum.c.obj
                0x10007a50                lwip_standard_chksum
 .text.inet_chksum_pseudo
                0x10007b2c       0xbc CMakeFiles/pico_w_conect_ip.dir/C_/Users/joser/.pico-sdk/sdk/2.1.0/lib/lwip/src/core/inet_chksum.c.obj
                0x10007b2c                inet_chksum_pseudo
 .text.ip_chksum_pseudo
                0x10007be8       0x10 CMakeFiles/pico_w_conect_ip.dir/C_/Users/joser/.pico-sdk/sdk/2.1.0/lib/lwip/src/core/inet_chksum.c.obj
                0x10007be8                ip_chksum_pseudo
 .text.inet_chksum
                0x10007bf8        0xc CMakeFiles/pico_w_conect_ip.dir/C_/Users/joser/.pico-sdk/sdk/2.1.0/lib/lwip/src/core/inet_chksum.c.obj
                0x10007bf8                inet_chksum
 .text.inet_chksum_pbuf
                0x10007c04       0x78 CMakeFiles/pico_w_conect_ip.dir/C_/Users/joser/.pico-sdk/sdk/2.1.0/lib/lwip/src/core/inet_chksum.c.obj
                0x10007c04                inet_chksum_pbuf
 .text.mem_init
                0x10007c7c       0x3c CMakeFiles/pico_w_conect_ip.dir/C_/Users/joser/.pico-sdk/sdk/2.1.0/lib/lwip/src/core/mem.c.obj
                0x10007c7c                mem_init
 .text.mem_free
                0x10007cb8      0x130 CMakeFiles/pico_w_conect_ip.dir/C_/Users/joser/.pico-sdk/sdk/2.1.0/lib/lwip/src/core/mem.c.obj
                0x10007cb8                mem_free
 .text.mem_trim
                0x10007de8      0x104 CMakeFiles/pico_w_conect_ip.dir/C_/Users/joser/.pico-sdk/sdk/2.1.0/lib/lwip/src/core/mem.c.obj
                0x10007de8                mem_trim
 .text.mem_malloc
                0x10007eec      0x124 CMakeFiles/pico_w_conect_ip.dir/C_/Users/joser/.pico-sdk/sdk/2.1.0/lib/lwip/src/core/mem.c.obj
                0x10007eec                mem_malloc
 .text.memp_init
                0x10008010       0x6c CMakeFiles/pico_w_conect_ip.dir/C_/Users/joser/.pico-sdk/sdk/2.1.0/lib/lwip/src/core/memp.c.obj
                0x10008010                memp_init
 .text.memp_malloc
                0x1000807c       0x40 CMakeFiles/pico_w_conect_ip.dir/C_/Users/joser/.pico-sdk/sdk/2.1.0/lib/lwip/src/core/memp.c.obj
                0x1000807c                memp_malloc
 .text.memp_free
                0x100080bc       0x38 CMakeFiles/pico_w_conect_ip.dir/C_/Users/joser/.pico-sdk/sdk/2.1.0/lib/lwip/src/core/memp.c.obj
                0x100080bc                memp_free
 .text.netif_null_output_ip4
                0x100080f4        0x8 CMakeFiles/pico_w_conect_ip.dir/C_/Users/joser/.pico-sdk/sdk/2.1.0/lib/lwip/src/core/netif.c.obj
 .text.netif_do_set_ipaddr.isra.0
                0x100080fc       0x60 CMakeFiles/pico_w_conect_ip.dir/C_/Users/joser/.pico-sdk/sdk/2.1.0/lib/lwip/src/core/netif.c.obj
 .text.netif_init
                0x1000815c        0x4 CMakeFiles/pico_w_conect_ip.dir/C_/Users/joser/.pico-sdk/sdk/2.1.0/lib/lwip/src/core/netif.c.obj
                0x1000815c                netif_init
 .text.netif_add
                0x10008160      0x16c CMakeFiles/pico_w_conect_ip.dir/C_/Users/joser/.pico-sdk/sdk/2.1.0/lib/lwip/src/core/netif.c.obj
                0x10008160                netif_add
 .text.netif_set_addr
                0x100082cc       0xb4 CMakeFiles/pico_w_conect_ip.dir/C_/Users/joser/.pico-sdk/sdk/2.1.0/lib/lwip/src/core/netif.c.obj
                0x100082cc                netif_set_addr
 .text.netif_remove
                0x10008380       0x94 CMakeFiles/pico_w_conect_ip.dir/C_/Users/joser/.pico-sdk/sdk/2.1.0/lib/lwip/src/core/netif.c.obj
                0x10008380                netif_remove
 .text.netif_set_default
                0x10008414        0xc CMakeFiles/pico_w_conect_ip.dir/C_/Users/joser/.pico-sdk/sdk/2.1.0/lib/lwip/src/core/netif.c.obj
                0x10008414                netif_set_default
 .text.netif_set_up
                0x10008420       0x40 CMakeFiles/pico_w_conect_ip.dir/C_/Users/joser/.pico-sdk/sdk/2.1.0/lib/lwip/src/core/netif.c.obj
                0x10008420                netif_set_up
 .text.netif_set_link_up
                0x10008460       0x44 CMakeFiles/pico_w_conect_ip.dir/C_/Users/joser/.pico-sdk/sdk/2.1.0/lib/lwip/src/core/netif.c.obj
                0x10008460                netif_set_link_up
 .text.netif_set_link_down
                0x100084a4       0x20 CMakeFiles/pico_w_conect_ip.dir/C_/Users/joser/.pico-sdk/sdk/2.1.0/lib/lwip/src/core/netif.c.obj
                0x100084a4                netif_set_link_down
 .text.netif_get_by_index
                0x100084c4       0x2c CMakeFiles/pico_w_conect_ip.dir/C_/Users/joser/.pico-sdk/sdk/2.1.0/lib/lwip/src/core/netif.c.obj
                0x100084c4                netif_get_by_index
 .text.pbuf_free.part.0
                0x100084f0       0x7c CMakeFiles/pico_w_conect_ip.dir/C_/Users/joser/.pico-sdk/sdk/2.1.0/lib/lwip/src/core/pbuf.c.obj
 .text.pbuf_free_ooseq
                0x1000856c       0x34 CMakeFiles/pico_w_conect_ip.dir/C_/Users/joser/.pico-sdk/sdk/2.1.0/lib/lwip/src/core/pbuf.c.obj
                0x1000856c                pbuf_free_ooseq
 .text.pbuf_alloc
                0x100085a0      0x134 CMakeFiles/pico_w_conect_ip.dir/C_/Users/joser/.pico-sdk/sdk/2.1.0/lib/lwip/src/core/pbuf.c.obj
                0x100085a0                pbuf_alloc
 .text.pbuf_realloc
                0x100086d4       0x84 CMakeFiles/pico_w_conect_ip.dir/C_/Users/joser/.pico-sdk/sdk/2.1.0/lib/lwip/src/core/pbuf.c.obj
                0x100086d4                pbuf_realloc
 .text.pbuf_add_header
                0x10008758       0x50 CMakeFiles/pico_w_conect_ip.dir/C_/Users/joser/.pico-sdk/sdk/2.1.0/lib/lwip/src/core/pbuf.c.obj
                0x10008758                pbuf_add_header
 .text.pbuf_remove_header
                0x100087a8       0x3c CMakeFiles/pico_w_conect_ip.dir/C_/Users/joser/.pico-sdk/sdk/2.1.0/lib/lwip/src/core/pbuf.c.obj
                0x100087a8                pbuf_remove_header
 .text.pbuf_header_force
                0x100087e4       0x68 CMakeFiles/pico_w_conect_ip.dir/C_/Users/joser/.pico-sdk/sdk/2.1.0/lib/lwip/src/core/pbuf.c.obj
                0x100087e4                pbuf_header_force
 .text.pbuf_free
                0x1000884c       0x18 CMakeFiles/pico_w_conect_ip.dir/C_/Users/joser/.pico-sdk/sdk/2.1.0/lib/lwip/src/core/pbuf.c.obj
                0x1000884c                pbuf_free
 .text.pbuf_clen
                0x10008864       0x14 CMakeFiles/pico_w_conect_ip.dir/C_/Users/joser/.pico-sdk/sdk/2.1.0/lib/lwip/src/core/pbuf.c.obj
                0x10008864                pbuf_clen
 .text.pbuf_ref
                0x10008878       0x28 CMakeFiles/pico_w_conect_ip.dir/C_/Users/joser/.pico-sdk/sdk/2.1.0/lib/lwip/src/core/pbuf.c.obj
                0x10008878                pbuf_ref
 .text.pbuf_cat
                0x100088a0       0x44 CMakeFiles/pico_w_conect_ip.dir/C_/Users/joser/.pico-sdk/sdk/2.1.0/lib/lwip/src/core/pbuf.c.obj
                0x100088a0                pbuf_cat
 .text.pbuf_chain
                0x100088e4       0x64 CMakeFiles/pico_w_conect_ip.dir/C_/Users/joser/.pico-sdk/sdk/2.1.0/lib/lwip/src/core/pbuf.c.obj
                0x100088e4                pbuf_chain
 .text.pbuf_copy_partial_pbuf
                0x10008948      0x148 CMakeFiles/pico_w_conect_ip.dir/C_/Users/joser/.pico-sdk/sdk/2.1.0/lib/lwip/src/core/pbuf.c.obj
                0x10008948                pbuf_copy_partial_pbuf
 .text.pbuf_copy
                0x10008a90       0x18 CMakeFiles/pico_w_conect_ip.dir/C_/Users/joser/.pico-sdk/sdk/2.1.0/lib/lwip/src/core/pbuf.c.obj
                0x10008a90                pbuf_copy
 .text.pbuf_copy_partial
                0x10008aa8       0x68 CMakeFiles/pico_w_conect_ip.dir/C_/Users/joser/.pico-sdk/sdk/2.1.0/lib/lwip/src/core/pbuf.c.obj
                0x10008aa8                pbuf_copy_partial
 .text.pbuf_take
                0x10008b10       0x78 CMakeFiles/pico_w_conect_ip.dir/C_/Users/joser/.pico-sdk/sdk/2.1.0/lib/lwip/src/core/pbuf.c.obj
                0x10008b10                pbuf_take
 .text.pbuf_take_at
                0x10008b88       0xcc CMakeFiles/pico_w_conect_ip.dir/C_/Users/joser/.pico-sdk/sdk/2.1.0/lib/lwip/src/core/pbuf.c.obj
                0x10008b88                pbuf_take_at
 .text.pbuf_clone
                0x10008c54       0x30 CMakeFiles/pico_w_conect_ip.dir/C_/Users/joser/.pico-sdk/sdk/2.1.0/lib/lwip/src/core/pbuf.c.obj
                0x10008c54                pbuf_clone
 .text.pbuf_put_at
                0x10008c84       0x1c CMakeFiles/pico_w_conect_ip.dir/C_/Users/joser/.pico-sdk/sdk/2.1.0/lib/lwip/src/core/pbuf.c.obj
                0x10008c84                pbuf_put_at
 .text.raw_input
                0x10008ca0      0x164 CMakeFiles/pico_w_conect_ip.dir/C_/Users/joser/.pico-sdk/sdk/2.1.0/lib/lwip/src/core/raw.c.obj
                0x10008ca0                raw_input
 .text.raw_netif_ip_addr_changed
                0x10008e04       0x40 CMakeFiles/pico_w_conect_ip.dir/C_/Users/joser/.pico-sdk/sdk/2.1.0/lib/lwip/src/core/raw.c.obj
                0x10008e04                raw_netif_ip_addr_changed
 .text.stats_init
                0x10008e44        0x4 CMakeFiles/pico_w_conect_ip.dir/C_/Users/joser/.pico-sdk/sdk/2.1.0/lib/lwip/src/core/stats.c.obj
                0x10008e44                stats_init
 .text.tcp_close_shutdown_fin
                0x10008e48       0x54 CMakeFiles/pico_w_conect_ip.dir/C_/Users/joser/.pico-sdk/sdk/2.1.0/lib/lwip/src/core/tcp.c.obj
 .text.tcp_pcb_purge.part.0
                0x10008e9c       0xc4 CMakeFiles/pico_w_conect_ip.dir/C_/Users/joser/.pico-sdk/sdk/2.1.0/lib/lwip/src/core/tcp.c.obj
 .text.tcp_init
                0x10008f60       0x20 CMakeFiles/pico_w_conect_ip.dir/C_/Users/joser/.pico-sdk/sdk/2.1.0/lib/lwip/src/core/tcp.c.obj
                0x10008f60                tcp_init
 .text.tcp_free
                0x10008f80       0x1c CMakeFiles/pico_w_conect_ip.dir/C_/Users/joser/.pico-sdk/sdk/2.1.0/lib/lwip/src/core/tcp.c.obj
                0x10008f80                tcp_free
 .text.tcp_bind
                0x10008f9c       0xf4 CMakeFiles/pico_w_conect_ip.dir/C_/Users/joser/.pico-sdk/sdk/2.1.0/lib/lwip/src/core/tcp.c.obj
                0x10008f9c                tcp_bind
 .text.tcp_listen_with_backlog
                0x10009090       0x98 CMakeFiles/pico_w_conect_ip.dir/C_/Users/joser/.pico-sdk/sdk/2.1.0/lib/lwip/src/core/tcp.c.obj
                0x10009090                tcp_listen_with_backlog
 .text.tcp_update_rcv_ann_wnd
                0x10009128       0x58 CMakeFiles/pico_w_conect_ip.dir/C_/Users/joser/.pico-sdk/sdk/2.1.0/lib/lwip/src/core/tcp.c.obj
                0x10009128                tcp_update_rcv_ann_wnd
 .text.tcp_recved
                0x10009180       0x98 CMakeFiles/pico_w_conect_ip.dir/C_/Users/joser/.pico-sdk/sdk/2.1.0/lib/lwip/src/core/tcp.c.obj
                0x10009180                tcp_recved
 .text.tcp_slowtmr
                0x10009218      0x524 CMakeFiles/pico_w_conect_ip.dir/C_/Users/joser/.pico-sdk/sdk/2.1.0/lib/lwip/src/core/tcp.c.obj
                0x10009218                tcp_slowtmr
 .text.tcp_segs_free
                0x1000973c       0x38 CMakeFiles/pico_w_conect_ip.dir/C_/Users/joser/.pico-sdk/sdk/2.1.0/lib/lwip/src/core/tcp.c.obj
                0x1000973c                tcp_segs_free
 .text.tcp_seg_free
                0x10009774       0x1c CMakeFiles/pico_w_conect_ip.dir/C_/Users/joser/.pico-sdk/sdk/2.1.0/lib/lwip/src/core/tcp.c.obj
                0x10009774                tcp_seg_free
 .text.tcp_seg_copy
                0x10009790       0x2c CMakeFiles/pico_w_conect_ip.dir/C_/Users/joser/.pico-sdk/sdk/2.1.0/lib/lwip/src/core/tcp.c.obj
                0x10009790                tcp_seg_copy
 .text.tcp_recv
                0x100097bc       0x1c CMakeFiles/pico_w_conect_ip.dir/C_/Users/joser/.pico-sdk/sdk/2.1.0/lib/lwip/src/core/tcp.c.obj
                0x100097bc                tcp_recv
 .text.tcp_accept
                0x100097d8       0x10 CMakeFiles/pico_w_conect_ip.dir/C_/Users/joser/.pico-sdk/sdk/2.1.0/lib/lwip/src/core/tcp.c.obj
                0x100097d8                tcp_accept
 .text.tcp_pcb_purge
                0x100097e8       0x18 CMakeFiles/pico_w_conect_ip.dir/C_/Users/joser/.pico-sdk/sdk/2.1.0/lib/lwip/src/core/tcp.c.obj
                0x100097e8                tcp_pcb_purge
 .text.tcp_pcb_remove
                0x10009800       0xc8 CMakeFiles/pico_w_conect_ip.dir/C_/Users/joser/.pico-sdk/sdk/2.1.0/lib/lwip/src/core/tcp.c.obj
                0x10009800                tcp_pcb_remove
 .text.tcp_abandon
                0x100098c8      0x1a0 CMakeFiles/pico_w_conect_ip.dir/C_/Users/joser/.pico-sdk/sdk/2.1.0/lib/lwip/src/core/tcp.c.obj
                0x100098c8                tcp_abandon
 .text.tcp_abort
                0x10009a68        0xc CMakeFiles/pico_w_conect_ip.dir/C_/Users/joser/.pico-sdk/sdk/2.1.0/lib/lwip/src/core/tcp.c.obj
                0x10009a68                tcp_abort
 .text.tcp_accept_null
                0x10009a74       0x20 CMakeFiles/pico_w_conect_ip.dir/C_/Users/joser/.pico-sdk/sdk/2.1.0/lib/lwip/src/core/tcp.c.obj
 .text.tcp_alloc
                0x10009a94      0x1d4 CMakeFiles/pico_w_conect_ip.dir/C_/Users/joser/.pico-sdk/sdk/2.1.0/lib/lwip/src/core/tcp.c.obj
                0x10009a94                tcp_alloc
 .text.tcp_new_ip_type
                0x10009c68        0xc CMakeFiles/pico_w_conect_ip.dir/C_/Users/joser/.pico-sdk/sdk/2.1.0/lib/lwip/src/core/tcp.c.obj
                0x10009c68                tcp_new_ip_type
 .text.tcp_close_shutdown
                0x10009c74      0x188 CMakeFiles/pico_w_conect_ip.dir/C_/Users/joser/.pico-sdk/sdk/2.1.0/lib/lwip/src/core/tcp.c.obj
 .text.tcp_recv_null
                0x10009dfc       0xcc CMakeFiles/pico_w_conect_ip.dir/C_/Users/joser/.pico-sdk/sdk/2.1.0/lib/lwip/src/core/tcp.c.obj
                0x10009dfc                tcp_recv_null
 .text.tcp_process_refused_data
                0x10009ec8       0x78 CMakeFiles/pico_w_conect_ip.dir/C_/Users/joser/.pico-sdk/sdk/2.1.0/lib/lwip/src/core/tcp.c.obj
                0x10009ec8                tcp_process_refused_data
 .text.tcp_fasttmr
                0x10009f40       0x98 CMakeFiles/pico_w_conect_ip.dir/C_/Users/joser/.pico-sdk/sdk/2.1.0/lib/lwip/src/core/tcp.c.obj
                0x10009f40                tcp_fasttmr
 .text.tcp_tmr  0x10009fd8       0x20 CMakeFiles/pico_w_conect_ip.dir/C_/Users/joser/.pico-sdk/sdk/2.1.0/lib/lwip/src/core/tcp.c.obj
                0x10009fd8                tcp_tmr
 .text.tcp_close
                0x10009ff8      0x170 CMakeFiles/pico_w_conect_ip.dir/C_/Users/joser/.pico-sdk/sdk/2.1.0/lib/lwip/src/core/tcp.c.obj
                0x10009ff8                tcp_close
 .text.tcp_next_iss
                0x1000a168       0x28 CMakeFiles/pico_w_conect_ip.dir/C_/Users/joser/.pico-sdk/sdk/2.1.0/lib/lwip/src/core/tcp.c.obj
                0x1000a168                tcp_next_iss
 .text.tcp_eff_send_mss_netif
                0x1000a190       0x34 CMakeFiles/pico_w_conect_ip.dir/C_/Users/joser/.pico-sdk/sdk/2.1.0/lib/lwip/src/core/tcp.c.obj
                0x1000a190                tcp_eff_send_mss_netif
 .text.tcp_netif_ip_addr_changed
                0x1000a1c4       0x94 CMakeFiles/pico_w_conect_ip.dir/C_/Users/joser/.pico-sdk/sdk/2.1.0/lib/lwip/src/core/tcp.c.obj
                0x1000a1c4                tcp_netif_ip_addr_changed
 .text.tcp_free_ooseq
                0x1000a258       0x40 CMakeFiles/pico_w_conect_ip.dir/C_/Users/joser/.pico-sdk/sdk/2.1.0/lib/lwip/src/core/tcp.c.obj
                0x1000a258                tcp_free_ooseq
 .text.tcp_parseopt
                0x1000a298      0x1bc CMakeFiles/pico_w_conect_ip.dir/C_/Users/joser/.pico-sdk/sdk/2.1.0/lib/lwip/src/core/tcp_in.c.obj
 .text.tcp_oos_insert_segment
                0x1000a454       0xdc CMakeFiles/pico_w_conect_ip.dir/C_/Users/joser/.pico-sdk/sdk/2.1.0/lib/lwip/src/core/tcp_in.c.obj
 .text.tcp_free_acked_segments.isra.0
                0x1000a530       0xdc CMakeFiles/pico_w_conect_ip.dir/C_/Users/joser/.pico-sdk/sdk/2.1.0/lib/lwip/src/core/tcp_in.c.obj
 .text.tcp_receive
                0x1000a60c      0xa00 CMakeFiles/pico_w_conect_ip.dir/C_/Users/joser/.pico-sdk/sdk/2.1.0/lib/lwip/src/core/tcp_in.c.obj
 .text.tcp_input
                0x1000b00c      0xe54 CMakeFiles/pico_w_conect_ip.dir/C_/Users/joser/.pico-sdk/sdk/2.1.0/lib/lwip/src/core/tcp_in.c.obj
                0x1000b00c                tcp_input
 .text.tcp_trigger_input_pcb_close
                0x1000be60       0x10 CMakeFiles/pico_w_conect_ip.dir/C_/Users/joser/.pico-sdk/sdk/2.1.0/lib/lwip/src/core/tcp_in.c.obj
                0x1000be60                tcp_trigger_input_pcb_close
 .text.tcp_create_segment
                0x1000be70       0xf8 CMakeFiles/pico_w_conect_ip.dir/C_/Users/joser/.pico-sdk/sdk/2.1.0/lib/lwip/src/core/tcp_out.c.obj
 .text.tcp_output_control_segment
                0x1000bf68       0xc0 CMakeFiles/pico_w_conect_ip.dir/C_/Users/joser/.pico-sdk/sdk/2.1.0/lib/lwip/src/core/tcp_out.c.obj
 .text.tcp_output_alloc_header.constprop.0
                0x1000c028       0xc8 CMakeFiles/pico_w_conect_ip.dir/C_/Users/joser/.pico-sdk/sdk/2.1.0/lib/lwip/src/core/tcp_out.c.obj
 .text.tcp_write
                0x1000c0f0      0x468 CMakeFiles/pico_w_conect_ip.dir/C_/Users/joser/.pico-sdk/sdk/2.1.0/lib/lwip/src/core/tcp_out.c.obj
                0x1000c0f0                tcp_write
 .text.tcp_split_unsent_seg
                0x1000c558      0x1b4 CMakeFiles/pico_w_conect_ip.dir/C_/Users/joser/.pico-sdk/sdk/2.1.0/lib/lwip/src/core/tcp_out.c.obj
                0x1000c558                tcp_split_unsent_seg
 .text.tcp_send_fin
                0x1000c70c      0x118 CMakeFiles/pico_w_conect_ip.dir/C_/Users/joser/.pico-sdk/sdk/2.1.0/lib/lwip/src/core/tcp_out.c.obj
                0x1000c70c                tcp_send_fin
 .text.tcp_enqueue_flags
                0x1000c824      0x108 CMakeFiles/pico_w_conect_ip.dir/C_/Users/joser/.pico-sdk/sdk/2.1.0/lib/lwip/src/core/tcp_out.c.obj
                0x1000c824                tcp_enqueue_flags
 .text.tcp_rexmit_rto_prepare
                0x1000c92c       0x9c CMakeFiles/pico_w_conect_ip.dir/C_/Users/joser/.pico-sdk/sdk/2.1.0/lib/lwip/src/core/tcp_out.c.obj
                0x1000c92c                tcp_rexmit_rto_prepare
 .text.tcp_rexmit
                0x1000c9c8       0x9c CMakeFiles/pico_w_conect_ip.dir/C_/Users/joser/.pico-sdk/sdk/2.1.0/lib/lwip/src/core/tcp_out.c.obj
                0x1000c9c8                tcp_rexmit
 .text.tcp_rexmit_fast
                0x1000ca64       0x64 CMakeFiles/pico_w_conect_ip.dir/C_/Users/joser/.pico-sdk/sdk/2.1.0/lib/lwip/src/core/tcp_out.c.obj
                0x1000ca64                tcp_rexmit_fast
 .text.tcp_rst  0x1000cac8       0xe8 CMakeFiles/pico_w_conect_ip.dir/C_/Users/joser/.pico-sdk/sdk/2.1.0/lib/lwip/src/core/tcp_out.c.obj
                0x1000cac8                tcp_rst
 .text.tcp_rst_netif
                0x1000cbb0      0x130 CMakeFiles/pico_w_conect_ip.dir/C_/Users/joser/.pico-sdk/sdk/2.1.0/lib/lwip/src/core/tcp_out.c.obj
                0x1000cbb0                tcp_rst_netif
 .text.tcp_send_empty_ack
                0x1000cce0       0x4c CMakeFiles/pico_w_conect_ip.dir/C_/Users/joser/.pico-sdk/sdk/2.1.0/lib/lwip/src/core/tcp_out.c.obj
                0x1000cce0                tcp_send_empty_ack
 .text.tcp_output
                0x1000cd2c      0x454 CMakeFiles/pico_w_conect_ip.dir/C_/Users/joser/.pico-sdk/sdk/2.1.0/lib/lwip/src/core/tcp_out.c.obj
                0x1000cd2c                tcp_output
 .text.tcp_rexmit_rto_commit
                0x1000d180       0x24 CMakeFiles/pico_w_conect_ip.dir/C_/Users/joser/.pico-sdk/sdk/2.1.0/lib/lwip/src/core/tcp_out.c.obj
                0x1000d180                tcp_rexmit_rto_commit
 .text.tcp_rexmit_rto
                0x1000d1a4       0xa4 CMakeFiles/pico_w_conect_ip.dir/C_/Users/joser/.pico-sdk/sdk/2.1.0/lib/lwip/src/core/tcp_out.c.obj
                0x1000d1a4                tcp_rexmit_rto
 .text.tcp_keepalive
                0x1000d248       0xdc CMakeFiles/pico_w_conect_ip.dir/C_/Users/joser/.pico-sdk/sdk/2.1.0/lib/lwip/src/core/tcp_out.c.obj
                0x1000d248                tcp_keepalive
 .text.tcp_zero_window_probe
                0x1000d324      0x110 CMakeFiles/pico_w_conect_ip.dir/C_/Users/joser/.pico-sdk/sdk/2.1.0/lib/lwip/src/core/tcp_out.c.obj
                0x1000d324                tcp_zero_window_probe
 .text.tcpip_tcp_timer
                0x1000d434       0x78 CMakeFiles/pico_w_conect_ip.dir/C_/Users/joser/.pico-sdk/sdk/2.1.0/lib/lwip/src/core/timeouts.c.obj
 .text.lwip_cyclic_timer
                0x1000d4ac       0x98 CMakeFiles/pico_w_conect_ip.dir/C_/Users/joser/.pico-sdk/sdk/2.1.0/lib/lwip/src/core/timeouts.c.obj
 .text.tcp_timer_needed
                0x1000d544       0x7c CMakeFiles/pico_w_conect_ip.dir/C_/Users/joser/.pico-sdk/sdk/2.1.0/lib/lwip/src/core/timeouts.c.obj
                0x1000d544                tcp_timer_needed
 .text.sys_timeouts_init
                0x1000d5c0       0x8c CMakeFiles/pico_w_conect_ip.dir/C_/Users/joser/.pico-sdk/sdk/2.1.0/lib/lwip/src/core/timeouts.c.obj
                0x1000d5c0                sys_timeouts_init
 .text.sys_check_timeouts
                0x1000d64c       0x68 CMakeFiles/pico_w_conect_ip.dir/C_/Users/joser/.pico-sdk/sdk/2.1.0/lib/lwip/src/core/timeouts.c.obj
                0x1000d64c                sys_check_timeouts
 .text.sys_timeouts_sleeptime
                0x1000d6b4       0x28 CMakeFiles/pico_w_conect_ip.dir/C_/Users/joser/.pico-sdk/sdk/2.1.0/lib/lwip/src/core/timeouts.c.obj
                0x1000d6b4                sys_timeouts_sleeptime
 .text.udp_init
                0x1000d6dc       0x20 CMakeFiles/pico_w_conect_ip.dir/C_/Users/joser/.pico-sdk/sdk/2.1.0/lib/lwip/src/core/udp.c.obj
                0x1000d6dc                udp_init
 .text.udp_input
                0x1000d6fc      0x320 CMakeFiles/pico_w_conect_ip.dir/C_/Users/joser/.pico-sdk/sdk/2.1.0/lib/lwip/src/core/udp.c.obj
                0x1000d6fc                udp_input
 .text.udp_bind
                0x1000da1c      0x118 CMakeFiles/pico_w_conect_ip.dir/C_/Users/joser/.pico-sdk/sdk/2.1.0/lib/lwip/src/core/udp.c.obj
                0x1000da1c                udp_bind
 .text.udp_sendto_if_src
                0x1000db34      0x130 CMakeFiles/pico_w_conect_ip.dir/C_/Users/joser/.pico-sdk/sdk/2.1.0/lib/lwip/src/core/udp.c.obj
                0x1000db34                udp_sendto_if_src
 .text.udp_sendto_if
                0x1000dc64       0x48 CMakeFiles/pico_w_conect_ip.dir/C_/Users/joser/.pico-sdk/sdk/2.1.0/lib/lwip/src/core/udp.c.obj
                0x1000dc64                udp_sendto_if
 .text.udp_sendto
                0x1000dcac       0x78 CMakeFiles/pico_w_conect_ip.dir/C_/Users/joser/.pico-sdk/sdk/2.1.0/lib/lwip/src/core/udp.c.obj
                0x1000dcac                udp_sendto
 .text.udp_connect
                0x1000dd24       0x60 CMakeFiles/pico_w_conect_ip.dir/C_/Users/joser/.pico-sdk/sdk/2.1.0/lib/lwip/src/core/udp.c.obj
                0x1000dd24                udp_connect
 .text.udp_recv
                0x1000dd84        0xc CMakeFiles/pico_w_conect_ip.dir/C_/Users/joser/.pico-sdk/sdk/2.1.0/lib/lwip/src/core/udp.c.obj
                0x1000dd84                udp_recv
 .text.udp_remove
                0x1000dd90       0x3c CMakeFiles/pico_w_conect_ip.dir/C_/Users/joser/.pico-sdk/sdk/2.1.0/lib/lwip/src/core/udp.c.obj
                0x1000dd90                udp_remove
 .text.udp_new  0x1000ddcc       0x1c CMakeFiles/pico_w_conect_ip.dir/C_/Users/joser/.pico-sdk/sdk/2.1.0/lib/lwip/src/core/udp.c.obj
                0x1000ddcc                udp_new
 .text.udp_netif_ip_addr_changed
                0x1000dde8       0x40 CMakeFiles/pico_w_conect_ip.dir/C_/Users/joser/.pico-sdk/sdk/2.1.0/lib/lwip/src/core/udp.c.obj
                0x1000dde8                udp_netif_ip_addr_changed
 .text.dhcp_create_msg
                0x1000de28      0x164 CMakeFiles/pico_w_conect_ip.dir/C_/Users/joser/.pico-sdk/sdk/2.1.0/lib/lwip/src/core/ipv4/dhcp.c.obj
 .text.dhcp_inc_pcb_refcount
                0x1000df8c       0x6c CMakeFiles/pico_w_conect_ip.dir/C_/Users/joser/.pico-sdk/sdk/2.1.0/lib/lwip/src/core/ipv4/dhcp.c.obj
 .text.dhcp_bind
                0x1000dff8      0x138 CMakeFiles/pico_w_conect_ip.dir/C_/Users/joser/.pico-sdk/sdk/2.1.0/lib/lwip/src/core/ipv4/dhcp.c.obj
 .text.dhcp_option_hostname.isra.0
                0x1000e130       0x84 CMakeFiles/pico_w_conect_ip.dir/C_/Users/joser/.pico-sdk/sdk/2.1.0/lib/lwip/src/core/ipv4/dhcp.c.obj
 .text.dhcp_handle_ack.isra.0
                0x1000e1b4       0xcc CMakeFiles/pico_w_conect_ip.dir/C_/Users/joser/.pico-sdk/sdk/2.1.0/lib/lwip/src/core/ipv4/dhcp.c.obj
 .text.dhcp_reboot.isra.0
                0x1000e280      0x178 CMakeFiles/pico_w_conect_ip.dir/C_/Users/joser/.pico-sdk/sdk/2.1.0/lib/lwip/src/core/ipv4/dhcp.c.obj
 .text.dhcp_discover
                0x1000e3f8      0x140 CMakeFiles/pico_w_conect_ip.dir/C_/Users/joser/.pico-sdk/sdk/2.1.0/lib/lwip/src/core/ipv4/dhcp.c.obj
 .text.dhcp_select.isra.0
                0x1000e538      0x1e0 CMakeFiles/pico_w_conect_ip.dir/C_/Users/joser/.pico-sdk/sdk/2.1.0/lib/lwip/src/core/ipv4/dhcp.c.obj
 .text.dhcp_recv
                0x1000e718      0x47c CMakeFiles/pico_w_conect_ip.dir/C_/Users/joser/.pico-sdk/sdk/2.1.0/lib/lwip/src/core/ipv4/dhcp.c.obj
 .text.dhcp_set_struct
                0x1000eb94       0x44 CMakeFiles/pico_w_conect_ip.dir/C_/Users/joser/.pico-sdk/sdk/2.1.0/lib/lwip/src/core/ipv4/dhcp.c.obj
                0x1000eb94                dhcp_set_struct
 .text.dhcp_network_changed_link_up
                0x1000ebd8       0x40 CMakeFiles/pico_w_conect_ip.dir/C_/Users/joser/.pico-sdk/sdk/2.1.0/lib/lwip/src/core/ipv4/dhcp.c.obj
                0x1000ebd8                dhcp_network_changed_link_up
 .text.dhcp_renew
                0x1000ec18      0x138 CMakeFiles/pico_w_conect_ip.dir/C_/Users/joser/.pico-sdk/sdk/2.1.0/lib/lwip/src/core/ipv4/dhcp.c.obj
                0x1000ec18                dhcp_renew
 .text.dhcp_release_and_stop
                0x1000ed50      0x158 CMakeFiles/pico_w_conect_ip.dir/C_/Users/joser/.pico-sdk/sdk/2.1.0/lib/lwip/src/core/ipv4/dhcp.c.obj
                0x1000ed50                dhcp_release_and_stop
 .text.dhcp_start
                0x1000eea8       0xb0 CMakeFiles/pico_w_conect_ip.dir/C_/Users/joser/.pico-sdk/sdk/2.1.0/lib/lwip/src/core/ipv4/dhcp.c.obj
                0x1000eea8                dhcp_start
 .text.dhcp_coarse_tmr
                0x1000ef58      0x1d8 CMakeFiles/pico_w_conect_ip.dir/C_/Users/joser/.pico-sdk/sdk/2.1.0/lib/lwip/src/core/ipv4/dhcp.c.obj
                0x1000ef58                dhcp_coarse_tmr
 .text.dhcp_fine_tmr
                0x1000f130       0x78 CMakeFiles/pico_w_conect_ip.dir/C_/Users/joser/.pico-sdk/sdk/2.1.0/lib/lwip/src/core/ipv4/dhcp.c.obj
                0x1000f130                dhcp_fine_tmr
 .text.dhcp_stop
                0x1000f1a8      0x158 CMakeFiles/pico_w_conect_ip.dir/C_/Users/joser/.pico-sdk/sdk/2.1.0/lib/lwip/src/core/ipv4/dhcp.c.obj
                0x1000f1a8                dhcp_stop
 .text.etharp_find_entry
                0x1000f300      0x3c0 CMakeFiles/pico_w_conect_ip.dir/C_/Users/joser/.pico-sdk/sdk/2.1.0/lib/lwip/src/core/ipv4/etharp.c.obj
 .text.etharp_raw
                0x1000f6c0       0xec CMakeFiles/pico_w_conect_ip.dir/C_/Users/joser/.pico-sdk/sdk/2.1.0/lib/lwip/src/core/ipv4/etharp.c.obj
 .text.etharp_output_to_arp_index
                0x1000f7ac       0xd0 CMakeFiles/pico_w_conect_ip.dir/C_/Users/joser/.pico-sdk/sdk/2.1.0/lib/lwip/src/core/ipv4/etharp.c.obj
 .text.etharp_tmr
                0x1000f87c       0x94 CMakeFiles/pico_w_conect_ip.dir/C_/Users/joser/.pico-sdk/sdk/2.1.0/lib/lwip/src/core/ipv4/etharp.c.obj
                0x1000f87c                etharp_tmr
 .text.etharp_cleanup_netif
                0x1000f910      0x188 CMakeFiles/pico_w_conect_ip.dir/C_/Users/joser/.pico-sdk/sdk/2.1.0/lib/lwip/src/core/ipv4/etharp.c.obj
                0x1000f910                etharp_cleanup_netif
 .text.etharp_input
                0x1000fa98      0x1b8 CMakeFiles/pico_w_conect_ip.dir/C_/Users/joser/.pico-sdk/sdk/2.1.0/lib/lwip/src/core/ipv4/etharp.c.obj
                0x1000fa98                etharp_input
 .text.etharp_query
                0x1000fc50      0x1b8 CMakeFiles/pico_w_conect_ip.dir/C_/Users/joser/.pico-sdk/sdk/2.1.0/lib/lwip/src/core/ipv4/etharp.c.obj
                0x1000fc50                etharp_query
 .text.etharp_output
                0x1000fe08      0x24c CMakeFiles/pico_w_conect_ip.dir/C_/Users/joser/.pico-sdk/sdk/2.1.0/lib/lwip/src/core/ipv4/etharp.c.obj
                0x1000fe08                etharp_output
 .text.etharp_request
                0x10010054       0x2c CMakeFiles/pico_w_conect_ip.dir/C_/Users/joser/.pico-sdk/sdk/2.1.0/lib/lwip/src/core/ipv4/etharp.c.obj
                0x10010054                etharp_request
 .text.icmp_input
                0x10010080      0x1ec CMakeFiles/pico_w_conect_ip.dir/C_/Users/joser/.pico-sdk/sdk/2.1.0/lib/lwip/src/core/ipv4/icmp.c.obj
                0x10010080                icmp_input
 .text.icmp_dest_unreach
                0x1001026c       0xcc CMakeFiles/pico_w_conect_ip.dir/C_/Users/joser/.pico-sdk/sdk/2.1.0/lib/lwip/src/core/ipv4/icmp.c.obj
                0x1001026c                icmp_dest_unreach
 .text.icmp_time_exceeded
                0x10010338       0xcc CMakeFiles/pico_w_conect_ip.dir/C_/Users/joser/.pico-sdk/sdk/2.1.0/lib/lwip/src/core/ipv4/icmp.c.obj
                0x10010338                icmp_time_exceeded
 .text.ip_reass_free_complete_datagram
                0x10010404      0x11c CMakeFiles/pico_w_conect_ip.dir/C_/Users/joser/.pico-sdk/sdk/2.1.0/lib/lwip/src/core/ipv4/ip4_frag.c.obj
 .text.ip_reass_remove_oldest_datagram
                0x10010520       0xd8 CMakeFiles/pico_w_conect_ip.dir/C_/Users/joser/.pico-sdk/sdk/2.1.0/lib/lwip/src/core/ipv4/ip4_frag.c.obj
 .text.ip_reass_tmr
                0x100105f8       0x30 CMakeFiles/pico_w_conect_ip.dir/C_/Users/joser/.pico-sdk/sdk/2.1.0/lib/lwip/src/core/ipv4/ip4_frag.c.obj
                0x100105f8                ip_reass_tmr
 .text.ip4_reass
                0x10010628      0x560 CMakeFiles/pico_w_conect_ip.dir/C_/Users/joser/.pico-sdk/sdk/2.1.0/lib/lwip/src/core/ipv4/ip4_frag.c.obj
                0x10010628                ip4_reass
 .text.ip4_frag
                0x10010b88      0x254 CMakeFiles/pico_w_conect_ip.dir/C_/Users/joser/.pico-sdk/sdk/2.1.0/lib/lwip/src/core/ipv4/ip4_frag.c.obj
                0x10010b88                ip4_frag
 .text.ip4_route
                0x10010ddc       0x7c CMakeFiles/pico_w_conect_ip.dir/C_/Users/joser/.pico-sdk/sdk/2.1.0/lib/lwip/src/core/ipv4/ip4.c.obj
                0x10010ddc                ip4_route
 .text.ip4_input
                0x10010e58      0x300 CMakeFiles/pico_w_conect_ip.dir/C_/Users/joser/.pico-sdk/sdk/2.1.0/lib/lwip/src/core/ipv4/ip4.c.obj
                0x10010e58                ip4_input
 .text.ip4_output_if
                0x10011158      0x190 CMakeFiles/pico_w_conect_ip.dir/C_/Users/joser/.pico-sdk/sdk/2.1.0/lib/lwip/src/core/ipv4/ip4.c.obj
                0x10011158                ip4_output_if
 .text.ip4_output_if_src
                0x100112e8      0x184 CMakeFiles/pico_w_conect_ip.dir/C_/Users/joser/.pico-sdk/sdk/2.1.0/lib/lwip/src/core/ipv4/ip4.c.obj
                0x100112e8                ip4_output_if_src
 .text.ip4_addr_isbroadcast_u32
                0x1001146c       0x3c CMakeFiles/pico_w_conect_ip.dir/C_/Users/joser/.pico-sdk/sdk/2.1.0/lib/lwip/src/core/ipv4/ip4_addr.c.obj
                0x1001146c                ip4_addr_isbroadcast_u32
 .text.ip4addr_ntoa
                0x100114a8       0xec CMakeFiles/pico_w_conect_ip.dir/C_/Users/joser/.pico-sdk/sdk/2.1.0/lib/lwip/src/core/ipv4/ip4_addr.c.obj
                0x100114a8                ip4addr_ntoa
 .text.ethernet_input
                0x10011594       0xd0 CMakeFiles/pico_w_conect_ip.dir/C_/Users/joser/.pico-sdk/sdk/2.1.0/lib/lwip/src/netif/ethernet.c.obj
                0x10011594                ethernet_input
 .text.ethernet_output