Archive member included to satisfy reference by file (symbol)

C:/Users/joser/.pico-sdk/toolchain/13_3_Rel1/bin/../lib/gcc/arm-none-eabi/13.3.1/thumb/v6-m/nofp\libgcc.a(_dvmd_tls.o)
                              CMakeFiles/pico_w_monitor.dir/C_/Users/joser/.pico-sdk/sdk/2.1.0/src/rp2_common/pico_divider/divider_hardware.S.obj (__aeabi_idiv0)
C:/Users/joser/.pico-sdk/toolchain/13_3_Rel1/bin/../lib/gcc/arm-none-eabi/13.3.1/thumb/v6-m/nofp\libg.a(libc_a-atoi.o)
                              CMakeFiles/pico_w_monitor.dir/C_/Users/joser/.pico-sdk/sdk/2.1.0/lib/lwip/src/core/netif.c.obj (atoi)
C:/Users/joser/.pico-sdk/toolchain/13_3_Rel1/bin/../lib/gcc/arm-none-eabi/13.3.1/thumb/v6-m/nofp\libg.a(libc_a-calloc.o)
                              CMakeFiles/pico_w_monitor.dir/C_/Users/joser/.pico-sdk/sdk/2.1.0/src/rp2_common/pico_malloc/malloc.c.obj (calloc)
C:/Users/joser/.pico-sdk/toolchain/13_3_Rel1/bin/../lib/gcc/arm-none-eabi/13.3.1/thumb/v6-m/nofp\libg.a(libc_a-callocr.o)
                              C:/Users/joser/.pico-sdk/toolchain/13_3_Rel1/bin/../lib/gcc/arm-none-eabi/13.3.1/thumb/v6-m/nofp\libg.a(libc_a-calloc.o) (_calloc_r)
C:/Users/joser/.pico-sdk/toolchain/13_3_Rel1/bin/../lib/gcc/arm-none-eabi/13.3.1/thumb/v6-m/nofp\libg.a(libc_a-malloc.o)
                              CMakeFiles/pico_w_monitor.dir/C_/Users/joser/.pico-sdk/sdk/2.1.0/src/rp2_common/pico_malloc/malloc.c.obj (malloc)
C:/Users/joser/.pico-sdk/toolchain/13_3_Rel1/bin/../lib/gcc/arm-none-eabi/13.3.1/thumb/v6-m/nofp\libg.a(libc_a-mallocr.o)
                              C:/Users/joser/.pico-sdk/toolchain/13_3_Rel1/bin/../lib/gcc/arm-none-eabi/13.3.1/thumb/v6-m/nofp\libg.a(libc_a-callocr.o) (_malloc_r)
C:/Users/joser/.pico-sdk/toolchain/13_3_Rel1/bin/../lib/gcc/arm-none-eabi/13.3.1/thumb/v6-m/nofp\libg.a(libc_a-mlock.o)
                              C:/Users/joser/.pico-sdk/toolchain/13_3_Rel1/bin/../lib/gcc/arm-none-eabi/13.3.1/thumb/v6-m/nofp\libg.a(libc_a-mallocr.o) (__malloc_lock)
C:/Users/joser/.pico-sdk/toolchain/13_3_Rel1/bin/../lib/gcc/arm-none-eabi/13.3.1/thumb/v6-m/nofp\libg.a(libc_a-realloc.o)
                              CMakeFiles/pico_w_monitor.dir/C_/Users/joser/.pico-sdk/sdk/2.1.0/src/rp2_common/pico_malloc/malloc.c.obj (realloc)
C:/Users/joser/.pico-sdk/toolchain/13_3_Rel1/bin/../lib/gcc/arm-none-eabi/13.3.1/thumb/v6-m/nofp\libg.a(libc_a-reallocr.o)
                              C:/Users/joser/.pico-sdk/toolchain/13_3_Rel1/bin/../lib/gcc/arm-none-eabi/13.3.1/thumb/v6-m/nofp\libg.a(libc_a-realloc.o) (_realloc_r)
C:/Users/joser/.pico-sdk/toolchain/13_3_Rel1/bin/../lib/gcc/arm-none-eabi/13.3.1/thumb/v6-m/nofp\libg.a(libc_a-strtol.o)
                              C:/Users/joser/.pico-sdk/toolchain/13_3_Rel1/bin/../lib/gcc/arm-none-eabi/13.3.1/thumb/v6-m/nofp\libg.a(libc_a-atoi.o) (_strtol_r)
C:/Users/joser/.pico-sdk/toolchain/13_3_Rel1/bin/../lib/gcc/arm-none-eabi/13.3.1/thumb/v6-m/nofp\libg.a(libc_a-ctype_.o)
                              CMakeFiles/pico_w_monitor.dir/C_/Users/joser/.pico-sdk/sdk/2.1.0/lib/lwip/src/core/dns.c.obj (_ctype_)
C:/Users/joser/.pico-sdk/toolchain/13_3_Rel1/bin/../lib/gcc/arm-none-eabi/13.3.1/thumb/v6-m/nofp\libg.a(libc_a-memcmp.o)
                              CMakeFiles/pico_w_monitor.dir/C_/Users/joser/.pico-sdk/sdk/2.1.0/src/rp2_common/pico_atomic/atomic.c.obj (memcmp)
C:/Users/joser/.pico-sdk/toolchain/13_3_Rel1/bin/../lib/gcc/arm-none-eabi/13.3.1/thumb/v6-m/nofp\libg.a(libc_a-memmove.o)
                              CMakeFiles/pico_w_monitor.dir/C_/Users/joser/.pico-sdk/sdk/2.1.0/lib/lwip/src/core/def.c.obj (memmove)
C:/Users/joser/.pico-sdk/toolchain/13_3_Rel1/bin/../lib/gcc/arm-none-eabi/13.3.1/thumb/v6-m/nofp\libg.a(libc_a-strchr.o)
                              CMakeFiles/pico_w_monitor.dir/C_/Users/joser/.pico-sdk/sdk/2.1.0/lib/lwip/src/apps/http/httpd.c.obj (strchr)
C:/Users/joser/.pico-sdk/toolchain/13_3_Rel1/bin/../lib/gcc/arm-none-eabi/13.3.1/thumb/v6-m/nofp\libg.a(libc_a-strncmp.o)
                              CMakeFiles/pico_w_monitor.dir/main.c.obj (strncmp)
C:/Users/joser/.pico-sdk/toolchain/13_3_Rel1/bin/../lib/gcc/arm-none-eabi/13.3.1/thumb/v6-m/nofp\libg.a(libc_a-lcltime_r.o)
                              CMakeFiles/pico_w_monitor.dir/C_/Users/joser/.pico-sdk/sdk/2.1.0/src/common/pico_util/datetime.c.obj (localtime_r)
C:/Users/joser/.pico-sdk/toolchain/13_3_Rel1/bin/../lib/gcc/arm-none-eabi/13.3.1/thumb/v6-m/nofp\libg.a(libc_a-mktime.o)
                              CMakeFiles/pico_w_monitor.dir/C_/Users/joser/.pico-sdk/sdk/2.1.0/src/common/pico_util/datetime.c.obj (mktime)
C:/Users/joser/.pico-sdk/toolchain/13_3_Rel1/bin/../lib/gcc/arm-none-eabi/13.3.1/thumb/v6-m/nofp\libg.a(libc_a-month_lengths.o)
                              C:/Users/joser/.pico-sdk/toolchain/13_3_Rel1/bin/../lib/gcc/arm-none-eabi/13.3.1/thumb/v6-m/nofp\libg.a(libc_a-lcltime_r.o) (__month_lengths)
[...]
Memory Configuration

Name             Origin             Length             Attributes
FLASH            0x10000000         0x00200000         xr
RAM              0x20000000         0x00040000         xrw
SCRATCH_X        0x20040000         0x00001000         xrw
SCRATCH_Y        0x20041000         0x00001000         xrw
*default*        0x00000000         0xffffffff

Linker script and memory map

LOAD C:/Users/joser/.pico-sdk/toolchain/13_3_Rel1/bin/../lib/gcc/arm-none-eabi/13.3.1/thumb/v6-m/nofp/crti.o
LOAD C:/Users/joser/.pico-sdk/toolchain/13_3_Rel1/bin/../lib/gcc/arm-none-eabi/13.3.1/thumb/v6-m/nofp/crtbegin.o
LOAD C:/Users/joser/.pico-sdk/toolchain/13_3_Rel1/bin/../lib/gcc/arm-none-eabi/13.3.1/thumb/v6-m/nofp/crt0.o

.flash_begin    0x10000000        0x0
                0x10000000                        __flash_binary_start = .

.boot2          0x10000000      0x100
                0x10000000                        __boot2_start__ = .
 *(.boot2)
 .boot2         0x10000000      0x100 pico-sdk/src/rp2040/boot_stage2/CMakeFiles/bs2_default_library.dir/./bs2_default_padded_checksummed.S.obj
                0x10000100                        __boot2_end__ = .
                0x00000001                        ASSERT (((__boot2_end__ - __boot2_start__) == 0x100), ERROR: Pico second stage bootloader must be 256 bytes in size)

.text           0x10000100    0x1791c
                0x10000100                        __logical_binary_start = .
 *(.vectors)
 .vectors       0x10000100       0xd4 CMakeFiles/pico_w_monitor.dir/C_/Users/joser/.pico-sdk/sdk/2.1.0/src/rp2_common/pico_crt0/crt0.S.obj
                0x10000100                __VECTOR_TABLE
                0x10000100                __vectors
                0x100001c0                isr_invalid
                0x100001c0                __default_isrs_start
                0x100001c2                isr_nmi
                0x100001c4                isr_hardfault
                0x100001c6                isr_svcall
                0x100001c8                isr_pendsv
                0x100001ca                isr_systick
                0x100001cc                isr_irq23
                0x100001cc                isr_irq18
                0x100001cc                isr_irq11
                0x100001cc                isr_irq28
                0x100001cc                isr_irq19
                0x100001cc                isr_irq0
                0x100001cc                isr_irq6
                0x100001cc                isr_irq5
                0x100001cc                isr_irq12
                0x100001cc                isr_irq22
                0x100001cc                isr_irq31
                0x100001cc                isr_irq17
                0x100001cc                isr_irq27
                0x100001cc                isr_irq30
                0x100001cc                isr_irq2
                0x100001cc                isr_irq10
                0x100001cc                isr_irq8
                0x100001cc                isr_irq24
                0x100001cc                isr_irq1
                0x100001cc                isr_irq7
                0x100001cc                isr_irq21
                0x100001cc                isr_irq20
                0x100001cc                isr_irq15
                0x100001cc                isr_irq25
                0x100001cc                isr_irq13
                0x100001cc                __unhandled_user_irq
                0x100001cc                isr_irq4
                0x100001cc                isr_irq16
                0x100001cc                isr_irq29
                0x100001cc                isr_irq26
                0x100001cc                __default_isrs_end
                0x100001cc                isr_irq3
                0x100001cc                isr_irq14
                0x100001cc                isr_irq9
                0x100001d2                unhandled_user_irq_num_in_r0
 *(.binary_info_header)
 .binary_info_header
                0x100001d4       0x14 CMakeFiles/pico_w_monitor.dir/C_/Users/joser/.pico-sdk/sdk/2.1.0/src/rp2_common/pico_crt0/crt0.S.obj
                0x100001e8                        __binary_info_header_end = .
 *(.embedded_block)
                0x100001e8                        __embedded_block_end = .
 *(.reset)
 .reset         0x100001e8       0x9c CMakeFiles/pico_w_monitor.dir/C_/Users/joser/.pico-sdk/sdk/2.1.0/src/rp2_common/pico_crt0/crt0.S.obj
                0x100001e8                _entry_point
 *(.init)
 .init          0x10000284        0x4 C:/Users/joser/.pico-sdk/toolchain/13_3_Rel1/bin/../lib/gcc/arm-none-eabi/13.3.1/thumb/v6-m/nofp/crti.o
                0x10000284                _init
 *(EXCLUDE_FILE(*libm.a: *libc.a:*lib_a-mem*.o *libgcc.a:) .text*)
 .text.register_tm_clones
                0x10000288       0x28 C:/Users/joser/.pico-sdk/toolchain/13_3_Rel1/bin/../lib/gcc/arm-none-eabi/13.3.1/thumb/v6-m/nofp/crtbegin.o
 .text.frame_dummy
                0x100002b0       0x24 C:/Users/joser/.pico-sdk/toolchain/13_3_Rel1/bin/../lib/gcc/arm-none-eabi/13.3.1/thumb/v6-m/nofp/crtbegin.o
 .text.tcp_server_accept
                0x100002d4       0x20 CMakeFiles/pico_w_monitor.dir/main.c.obj
 .text.bmp_safe_read
                0x100002f4       0x48 CMakeFiles/pico_w_monitor.dir/main.c.obj
 .text.read_u16
                0x1000033c       0x1c CMakeFiles/pico_w_monitor.dir/main.c.obj
 .text.set_buzzer_freq.part.0
                0x10000358       0x8c CMakeFiles/pico_w_monitor.dir/main.c.obj
 .text.set_led_color_pwm
                0x100003e4       0xac CMakeFiles/pico_w_monitor.dir/main.c.obj
                0x100003e4                set_led_color_pwm
 .text.tcp_server_recv
                0x10000490      0x5cc CMakeFiles/pico_w_monitor.dir/main.c.obj
 .text.init_pwm_rgb_led
                0x10000a5c       0x8c CMakeFiles/pico_w_monitor.dir/main.c.obj
                0x10000a5c                init_pwm_rgb_led
 .text.init_pwm_buzzer
                0x10000ae8       0x48 CMakeFiles/pico_w_monitor.dir/main.c.obj
                0x10000ae8                init_pwm_buzzer
 .text.read_and_update_state
                0x10000b30      0x44c CMakeFiles/pico_w_monitor.dir/main.c.obj
                0x10000b30                read_and_update_state
 .text.startup.main
                0x10000f7c      0x424 CMakeFiles/pico_w_monitor.dir/main.c.obj
                0x10000f7c                main
 .text.bh1750_init
                0x100013a0       0x3c CMakeFiles/pico_w_monitor.dir/bh1750.c.obj
                0x100013a0                bh1750_init
 .text.bh1750_read_lux
                0x100013dc       0x54 CMakeFiles/pico_w_monitor.dir/bh1750.c.obj
                0x100013dc                bh1750_read_lux
 .text.aht10_init
                0x10001430       0x88 CMakeFiles/pico_w_monitor.dir/aht10.c.obj
                0x10001430                aht10_init
 .text.aht10_read_data
                0x100014b8       0xa4 CMakeFiles/pico_w_monitor.dir/aht10.c.obj
                0x100014b8                aht10_read_data
 .text.gpio_set_function
                0x1000155c       0x34 CMakeFiles/pico_w_monitor.dir/C_/Users/joser/.pico-sdk/sdk/2.1.0/src/rp2_common/hardware_gpio/gpio.c.obj
                0x1000155c                gpio_set_function
 .text.gpio_set_pulls
                0x10001590       0x28 CMakeFiles/pico_w_monitor.dir/C_/Users/joser/.pico-sdk/sdk/2.1.0/src/rp2_common/hardware_gpio/gpio.c.obj
                0x10001590                gpio_set_pulls
 .text.gpio_set_input_hysteresis_enabled
                0x100015b8       0x28 CMakeFiles/pico_w_monitor.dir/C_/Users/joser/.pico-sdk/sdk/2.1.0/src/rp2_common/hardware_gpio/gpio.c.obj
                0x100015b8                gpio_set_input_hysteresis_enabled
 .text.gpio_set_irq_enabled
                0x100015e0       0x58 CMakeFiles/pico_w_monitor.dir/C_/Users/joser/.pico-sdk/sdk/2.1.0/src/rp2_common/hardware_gpio/gpio.c.obj
                0x100015e0                gpio_set_irq_enabled
 .text.gpio_add_raw_irq_handler_with_order_priority_masked
                0x10001638       0x44 CMakeFiles/pico_w_monitor.dir/C_/Users/joser/.pico-sdk/sdk/2.1.0/src/rp2_common/hardware_gpio/gpio.c.obj
                0x10001638                gpio_add_raw_irq_handler_with_order_priority_masked
 .text.gpio_remove_raw_irq_handler_masked
                0x1000167c       0x20 CMakeFiles/pico_w_monitor.dir/C_/Users/joser/.pico-sdk/sdk/2.1.0/src/rp2_common/hardware_gpio/gpio.c.obj
                0x1000167c                gpio_remove_raw_irq_handler_masked
 .text.gpio_init
                0x1000169c       0x40 CMakeFiles/pico_w_monitor.dir/C_/Users/joser/.pico-sdk/sdk/2.1.0/src/rp2_common/hardware_gpio/gpio.c.obj
                0x1000169c                gpio_init
 .text.rp2040_chip_version
                0x100016dc        0xc CMakeFiles/pico_w_monitor.dir/C_/Users/joser/.pico-sdk/sdk/2.1.0/src/rp2040/pico_platform/platform.c.obj
                0x100016dc                rp2040_chip_version
 .text.panic    0x100016e8       0x30 CMakeFiles/pico_w_monitor.dir/C_/Users/joser/.pico-sdk/sdk/2.1.0/src/rp2_common/pico_platform_panic/panic.c.obj
                0x100016e8                panic
 .text.hw_claim_lock
                0x10001718       0x18 CMakeFiles/pico_w_monitor.dir/C_/Users/joser/.pico-sdk/sdk/2.1.0/src/common/hardware_claim/claim.c.obj
                0x10001718                hw_claim_lock
 .text.hw_claim_unlock
                0x10001730       0x14 CMakeFiles/pico_w_monitor.dir/C_/Users/joser/.pico-sdk/sdk/2.1.0/src/common/hardware_claim/claim.c.obj
                0x10001730                hw_claim_unlock
 .text.hw_claim_or_assert
                0x10001744       0x44 CMakeFiles/pico_w_monitor.dir/C_/Users/joser/.pico-sdk/sdk/2.1.0/src/common/hardware_claim/claim.c.obj
                0x10001744                hw_claim_or_assert
 .text.hw_claim_unused_from_range
                0x10001788       0x9c CMakeFiles/pico_w_monitor.dir/C_/Users/joser/.pico-sdk/sdk/2.1.0/src/common/hardware_claim/claim.c.obj
                0x10001788                hw_claim_unused_from_range
 .text.hw_claim_clear
                0x10001824       0x38 CMakeFiles/pico_w_monitor.dir/C_/Users/joser/.pico-sdk/sdk/2.1.0/src/common/hardware_claim/claim.c.obj
                0x10001824                hw_claim_clear
 .text.next_striped_spin_lock_num
                0x1000185c       0x18 CMakeFiles/pico_w_monitor.dir/C_/Users/joser/.pico-sdk/sdk/2.1.0/src/rp2_common/hardware_sync/sync.c.obj
                0x1000185c                next_striped_spin_lock_num
 .text.spin_lock_claim_unused
                0x10001874       0x24 CMakeFiles/pico_w_monitor.dir/C_/Users/joser/.pico-sdk/sdk/2.1.0/src/rp2_common/hardware_sync/sync.c.obj
                0x10001874                spin_lock_claim_unused
 .text.spin_locks_reset
                0x10001898       0x1c CMakeFiles/pico_w_monitor.dir/C_/Users/joser/.pico-sdk/sdk/2.1.0/src/rp2_common/hardware_sync_spin_lock/sync_spin_lock.c.obj
                0x10001898                spin_locks_reset
 .text.runtime_init_per_core_irq_priorities
                0x100018b4       0x24 CMakeFiles/pico_w_monitor.dir/C_/Users/joser/.pico-sdk/sdk/2.1.0/src/rp2_common/hardware_irq/irq.c.obj
                0x100018b4                runtime_init_per_core_irq_priorities
 .text.irq_set_enabled
                0x100018d8       0x24 CMakeFiles/pico_w_monitor.dir/C_/Users/joser/.pico-sdk/sdk/2.1.0/src/rp2_common/hardware_irq/irq.c.obj
                0x100018d8                irq_set_enabled
 .text.irq_is_enabled
                0x100018fc       0x18 CMakeFiles/pico_w_monitor.dir/C_/Users/joser/.pico-sdk/sdk/2.1.0/src/rp2_common/hardware_irq/irq.c.obj
                0x100018fc                irq_is_enabled
 .text.irq_set_pending
                0x10001914       0x10 CMakeFiles/pico_w_monitor.dir/C_/Users/joser/.pico-sdk/sdk/2.1.0/src/rp2_common/hardware_irq/irq.c.obj
                0x10001914                irq_set_pending
 .text.irq_has_shared_handler
                0x10001924       0x2c CMakeFiles/pico_w_monitor.dir/C_/Users/joser/.pico-sdk/sdk/2.1.0/src/rp2_common/hardware_irq/irq.c.obj
                0x10001924                irq_has_shared_handler
 .text.irq_set_exclusive_handler
                0x10001950       0x54 CMakeFiles/pico_w_monitor.dir/C_/Users/joser/.pico-sdk/sdk/2.1.0/src/rp2_common/hardware_irq/irq.c.obj
                0x10001950                irq_set_exclusive_handler
 .text.irq_add_shared_handler
                0x100019a4      0x1f4 CMakeFiles/pico_w_monitor.dir/C_/Users/joser/.pico-sdk/sdk/2.1.0/src/rp2_common/hardware_irq/irq.c.obj
                0x100019a4                irq_add_shared_handler
 .text.irq_remove_handler
                0x10001b98      0x1d4 CMakeFiles/pico_w_monitor.dir/C_/Users/joser/.pico-sdk/sdk/2.1.0/src/rp2_common/hardware_irq/irq.c.obj
                0x10001b98                irq_remove_handler
 .text.irq_set_priority
                0x10001d6c       0x28 CMakeFiles/pico_w_monitor.dir/C_/Users/joser/.pico-sdk/sdk/2.1.0/src/rp2_common/hardware_irq/irq.c.obj
                0x10001d6c                irq_set_priority
 .text.irq_add_tail_to_free_list
                0x10001d94       0xb4 CMakeFiles/pico_w_monitor.dir/C_/Users/joser/.pico-sdk/sdk/2.1.0/src/rp2_common/hardware_irq/irq.c.obj
                0x10001d94                irq_add_tail_to_free_list
 .text.user_irq_unclaim
                0x10001e48       0x14 CMakeFiles/pico_w_monitor.dir/C_/Users/joser/.pico-sdk/sdk/2.1.0/src/rp2_common/hardware_irq/irq.c.obj
                0x10001e48                user_irq_unclaim
 .text.user_irq_claim_unused
                0x10001e5c       0x2c CMakeFiles/pico_w_monitor.dir/C_/Users/joser/.pico-sdk/sdk/2.1.0/src/rp2_common/hardware_irq/irq.c.obj
                0x10001e5c                user_irq_claim_unused
 .text.sem_init
                0x10001e88       0x20 CMakeFiles/pico_w_monitor.dir/C_/Users/joser/.pico-sdk/sdk/2.1.0/src/common/pico_sync/sem.c.obj
                0x10001e88                sem_init
 .text.lock_init
                0x10001ea8       0x10 CMakeFiles/pico_w_monitor.dir/C_/Users/joser/.pico-sdk/sdk/2.1.0/src/common/pico_sync/lock_core.c.obj
                0x10001ea8                lock_init
 .text.runtime_init_mutex
                0x10001eb8       0x50 CMakeFiles/pico_w_monitor.dir/C_/Users/joser/.pico-sdk/sdk/2.1.0/src/common/pico_sync/mutex.c.obj
                0x10001eb8                runtime_init_mutex
 .text.mutex_init
                0x10001f08       0x1c CMakeFiles/pico_w_monitor.dir/C_/Users/joser/.pico-sdk/sdk/2.1.0/src/common/pico_sync/mutex.c.obj
                0x10001f08                mutex_init
 .text.recursive_mutex_init
                0x10001f24       0x1c CMakeFiles/pico_w_monitor.dir/C_/Users/joser/.pico-sdk/sdk/2.1.0/src/common/pico_sync/mutex.c.obj
                0x10001f24                recursive_mutex_init
 .text.critical_section_init
                0x10001f40       0x1c CMakeFiles/pico_w_monitor.dir/C_/Users/joser/.pico-sdk/sdk/2.1.0/src/common/pico_sync/critical_section.c.obj
                0x10001f40                critical_section_init
 .text.critical_section_init_with_lock_num
                0x10001f5c       0x14 CMakeFiles/pico_w_monitor.dir/C_/Users/joser/.pico-sdk/sdk/2.1.0/src/common/pico_sync/critical_section.c.obj
                0x10001f5c                critical_section_init_with_lock_num
 .text.sleep_until_callback
                0x10001f70       0x30 CMakeFiles/pico_w_monitor.dir/C_/Users/joser/.pico-sdk/sdk/2.1.0/src/common/pico_time/time.c.obj
 .text.alarm_pool_irq_handler
                0x10001fa0      0x2fc CMakeFiles/pico_w_monitor.dir/C_/Users/joser/.pico-sdk/sdk/2.1.0/src/common/pico_time/time.c.obj
 .text.runtime_init_default_alarm_pool
                0x1000229c       0xdc CMakeFiles/pico_w_monitor.dir/C_/Users/joser/.pico-sdk/sdk/2.1.0/src/common/pico_time/time.c.obj
                0x1000229c                runtime_init_default_alarm_pool
 .text.alarm_pool_get_default
                0x10002378        0x8 CMakeFiles/pico_w_monitor.dir/C_/Users/joser/.pico-sdk/sdk/2.1.0/src/common/pico_time/time.c.obj
                0x10002378                alarm_pool_get_default
 .text.alarm_pool_add_alarm_at
                0x10002380       0xd4 CMakeFiles/pico_w_monitor.dir/C_/Users/joser/.pico-sdk/sdk/2.1.0/src/common/pico_time/time.c.obj
                0x10002380                alarm_pool_add_alarm_at
 .text.alarm_pool_add_alarm_at_force_in_context
                0x10002454       0xb0 CMakeFiles/pico_w_monitor.dir/C_/Users/joser/.pico-sdk/sdk/2.1.0/src/common/pico_time/time.c.obj
                0x10002454                alarm_pool_add_alarm_at_force_in_context
 .text.alarm_pool_cancel_alarm
                0x10002504       0x74 CMakeFiles/pico_w_monitor.dir/C_/Users/joser/.pico-sdk/sdk/2.1.0/src/common/pico_time/time.c.obj
                0x10002504                alarm_pool_cancel_alarm
 .text.alarm_pool_core_num
                0x10002578        0x4 CMakeFiles/pico_w_monitor.dir/C_/Users/joser/.pico-sdk/sdk/2.1.0/src/common/pico_time/time.c.obj
                0x10002578                alarm_pool_core_num
 .text.sleep_until
                0x1000257c       0xd8 CMakeFiles/pico_w_monitor.dir/C_/Users/joser/.pico-sdk/sdk/2.1.0/src/common/pico_time/time.c.obj
                0x1000257c                sleep_until
 .text.sleep_ms
                0x10002654       0x38 CMakeFiles/pico_w_monitor.dir/C_/Users/joser/.pico-sdk/sdk/2.1.0/src/common/pico_time/time.c.obj
                0x10002654                sleep_ms
 .text.best_effort_wfe_or_timeout
                0x1000268c       0xe0 CMakeFiles/pico_w_monitor.dir/C_/Users/joser/.pico-sdk/sdk/2.1.0/src/common/pico_time/time.c.obj
                0x1000268c                best_effort_wfe_or_timeout
 .text.timer_hardware_alarm_claim
                0x1000276c       0x14 CMakeFiles/pico_w_monitor.dir/C_/Users/joser/.pico-sdk/sdk/2.1.0/src/rp2_common/hardware_timer/timer.c.obj
                0x1000276c                timer_hardware_alarm_claim
 .text.timer_time_us_64
                0x10002780       0x10 CMakeFiles/pico_w_monitor.dir/C_/Users/joser/.pico-sdk/sdk/2.1.0/src/rp2_common/hardware_timer/timer.c.obj
                0x10002780                timer_time_us_64
 .text.time_us_64
                0x10002790       0x14 CMakeFiles/pico_w_monitor.dir/C_/Users/joser/.pico-sdk/sdk/2.1.0/src/rp2_common/hardware_timer/timer.c.obj
                0x10002790                time_us_64
 .text.busy_wait_until
                0x100027a4       0x20 CMakeFiles/pico_w_monitor.dir/C_/Users/joser/.pico-sdk/sdk/2.1.0/src/rp2_common/hardware_timer/timer.c.obj
                0x100027a4                busy_wait_until
 .text.clock_configure_int_divider
                0x100027c4       0xf4 CMakeFiles/pico_w_monitor.dir/C_/Users/joser/.pico-sdk/sdk/2.1.0/src/rp2_common/hardware_clocks/clocks.c.obj
                0x100027c4                clock_configure_int_divider
 .text.clock_configure_undivided
                0x100028b8       0xe8 CMakeFiles/pico_w_monitor.dir/C_/Users/joser/.pico-sdk/sdk/2.1.0/src/rp2_common/hardware_clocks/clocks.c.obj
                0x100028b8                clock_configure_undivided
 .text.clock_get_hz
                0x100029a0        0xc CMakeFiles/pico_w_monitor.dir/C_/Users/joser/.pico-sdk/sdk/2.1.0/src/rp2_common/hardware_clocks/clocks.c.obj
                0x100029a0                clock_get_hz
 .text.pll_init
                0x100029ac       0xa4 CMakeFiles/pico_w_monitor.dir/C_/Users/joser/.pico-sdk/sdk/2.1.0/src/rp2_common/hardware_pll/pll.c.obj
                0x100029ac                pll_init
 .text.watchdog_reboot
                0x10002a50       0x9c CMakeFiles/pico_w_monitor.dir/C_/Users/joser/.pico-sdk/sdk/2.1.0/src/rp2_common/hardware_watchdog/watchdog.c.obj
                0x10002a50                watchdog_reboot
 .text.tick_start
                0x10002aec       0x10 CMakeFiles/pico_w_monitor.dir/C_/Users/joser/.pico-sdk/sdk/2.1.0/src/rp2_common/hardware_ticks/ticks.c.obj
                0x10002aec                tick_start
 .text.rom_func_lookup
                0x10002afc       0x10 CMakeFiles/pico_w_monitor.dir/C_/Users/joser/.pico-sdk/sdk/2.1.0/src/rp2_common/pico_bootrom/bootrom.c.obj
                0x10002afc                rom_func_lookup
 .text.rom_data_lookup
                0x10002b0c       0x10 CMakeFiles/pico_w_monitor.dir/C_/Users/joser/.pico-sdk/sdk/2.1.0/src/rp2_common/pico_bootrom/bootrom.c.obj
                0x10002b0c                rom_data_lookup
 .text.rom_funcs_lookup
                0x10002b1c       0x44 CMakeFiles/pico_w_monitor.dir/C_/Users/joser/.pico-sdk/sdk/2.1.0/src/rp2_common/pico_bootrom/bootrom.c.obj
                0x10002b1c                rom_funcs_lookup
 .text.rom_reset_usb_boot_extra
                0x10002b60       0x28 CMakeFiles/pico_w_monitor.dir/C_/Users/joser/.pico-sdk/sdk/2.1.0/src/rp2_common/pico_bootrom/bootrom.c.obj
                0x10002b60                rom_reset_usb_boot_extra
 .text.xosc_init
                0x10002b88       0x28 CMakeFiles/pico_w_monitor.dir/C_/Users/joser/.pico-sdk/sdk/2.1.0/src/rp2_common/hardware_xosc/xosc.c.obj
                0x10002b88                xosc_init
 .text.first_per_core_initializer
                0x10002bb0        0x4 CMakeFiles/pico_w_monitor.dir/C_/Users/joser/.pico-sdk/sdk/2.1.0/src/rp2_common/pico_runtime/runtime.c.obj
 .text.hard_assertion_failure
                0x10002bb4        0xc CMakeFiles/pico_w_monitor.dir/C_/Users/joser/.pico-sdk/sdk/2.1.0/src/rp2_common/pico_runtime/runtime.c.obj
                0x10002bb4                hard_assertion_failure
 .text.runtime_run_initializers
                0x10002bc0       0x28 CMakeFiles/pico_w_monitor.dir/C_/Users/joser/.pico-sdk/sdk/2.1.0/src/rp2_common/pico_runtime/runtime.c.obj
                0x10002bc0                runtime_run_initializers
 .text.runtime_init_early_resets
                0x10002be8       0x2c CMakeFiles/pico_w_monitor.dir/C_/Users/joser/.pico-sdk/sdk/2.1.0/src/rp2_common/pico_runtime_init/runtime_init.c.obj
                0x10002be8                runtime_init_early_resets
 .text.runtime_init_usb_power_down
                0x10002c14       0x1c CMakeFiles/pico_w_monitor.dir/C_/Users/joser/.pico-sdk/sdk/2.1.0/src/rp2_common/pico_runtime_init/runtime_init.c.obj
                0x10002c14                runtime_init_usb_power_down
 .text.runtime_init_post_clock_resets
                0x10002c30       0x20 CMakeFiles/pico_w_monitor.dir/C_/Users/joser/.pico-sdk/sdk/2.1.0/src/rp2_common/pico_runtime_init/runtime_init.c.obj
                0x10002c30                runtime_init_post_clock_resets
 .text.runtime_init_rp2040_gpio_ie_disable
                0x10002c50       0x14 CMakeFiles/pico_w_monitor.dir/C_/Users/joser/.pico-sdk/sdk/2.1.0/src/rp2_common/pico_runtime_init/runtime_init.c.obj
                0x10002c50                runtime_init_rp2040_gpio_ie_disable
 .text.runtime_init_spin_locks_reset
                0x10002c64        0x8 CMakeFiles/pico_w_monitor.dir/C_/Users/joser/.pico-sdk/sdk/2.1.0/src/rp2_common/pico_runtime_init/runtime_init.c.obj
                0x10002c64                runtime_init_spin_locks_reset
 .text.runtime_init_install_ram_vector_table
                0x10002c6c       0x1c CMakeFiles/pico_w_monitor.dir/C_/Users/joser/.pico-sdk/sdk/2.1.0/src/rp2_common/pico_runtime_init/runtime_init.c.obj
                0x10002c6c                runtime_init_install_ram_vector_table
 .text.runtime_init_clocks
                0x10002c88       0xd8 CMakeFiles/pico_w_monitor.dir/C_/Users/joser/.pico-sdk/sdk/2.1.0/src/rp2_common/pico_runtime_init/runtime_init_clocks.c.obj
                0x10002c88                runtime_init_clocks
 .text          0x10002d60       0x10 CMakeFiles/pico_w_monitor.dir/C_/Users/joser/.pico-sdk/sdk/2.1.0/src/rp2_common/pico_bit_ops/bit_ops_aeabi.S.obj
 .text.ctzsi    0x10002d70        0xc CMakeFiles/pico_w_monitor.dir/C_/Users/joser/.pico-sdk/sdk/2.1.0/src/rp2_common/pico_bit_ops/bit_ops_aeabi.S.obj
                0x10002d70                __wrap___ctzsi2
 .text.__wrap___aeabi_idiv
                0x10002d7c       0x50 CMakeFiles/pico_w_monitor.dir/C_/Users/joser/.pico-sdk/sdk/2.1.0/src/rp2_common/pico_divider/divider_hardware.S.obj
                0x10002d7c                __wrap___aeabi_idivmod
                0x10002d7c                divmod_s32s32
                0x10002d7c                div_s32s32
                0x10002d7c                __wrap___aeabi_idiv
                0x10002d84                divmod_s32s32_unsafe
                0x10002db0                divmod_s32s32_savestate
 .text.__wrap___aeabi_uidiv
                0x10002dcc       0x4c CMakeFiles/pico_w_monitor.dir/C_/Users/joser/.pico-sdk/sdk/2.1.0/src/rp2_common/pico_divider/divider_hardware.S.obj
                0x10002dcc                __wrap___aeabi_uidiv
                0x10002dcc                __wrap___aeabi_uidivmod
                0x10002dcc                div_u32u32
                0x10002dcc                divmod_u32u32
                0x10002dd4                divmod_u32u32_unsafe
                0x10002dfc                divmod_u32u32_savestate
 .text.__wrap___aeabi_ldiv
                0x10002e18      0x424 CMakeFiles/pico_w_monitor.dir/C_/Users/joser/.pico-sdk/sdk/2.1.0/src/rp2_common/pico_divider/divider_hardware.S.obj
                0x10002e18                div_s64s64
                0x10002e18                divmod_s64s64
                0x10002e18                __wrap___aeabi_ldivmod
                0x10002e48                divmod_u64u64
                0x10002e48                div_u64u64
                0x10002e48                __wrap___aeabi_uldivmod
                0x10002e58                divmod_u64u64_savestate
                0x10002e78                divmod_s64s64_unsafe
                0x10002f00                divmod_u64u64_unsafe
 .text.__wrap___aeabi_darithmetic
                0x1000323c       0x60 CMakeFiles/pico_w_monitor.dir/C_/Users/joser/.pico-sdk/sdk/2.1.0/src/rp2_common/pico_double/double_aeabi_rp2040.S.obj
                0x1000323c                __wrap___aeabi_drsub
                0x10003242                __wrap___aeabi_dsub
                0x1000324c                __wrap___aeabi_dadd
                0x10003256                __wrap___aeabi_ddiv
                0x1000328a                __wrap___aeabi_dmul
 .text.__wrap___aeabi_cdcmple
                0x1000329c       0x6c CMakeFiles/pico_w_monitor.dir/C_/Users/joser/.pico-sdk/sdk/2.1.0/src/rp2_common/pico_double/double_aeabi_rp2040.S.obj
                0x1000329c                __wrap___aeabi_cdrcmple
                0x100032ac                __wrap___aeabi_cdcmpeq
                0x100032ac                __wrap___aeabi_cdcmple
 .text.__wrap___aeabi_dcmplt
                0x10003308        0xc CMakeFiles/pico_w_monitor.dir/C_/Users/joser/.pico-sdk/sdk/2.1.0/src/rp2_common/pico_double/double_aeabi_rp2040.S.obj
                0x10003308                __wrap___aeabi_dcmplt
 .text.__wrap___aeabi_dcmpge
                0x10003314       0x10 CMakeFiles/pico_w_monitor.dir/C_/Users/joser/.pico-sdk/sdk/2.1.0/src/rp2_common/pico_double/double_aeabi_rp2040.S.obj
                0x10003314                __wrap___aeabi_dcmpge
 .text.__wrap___aeabi_dcmpgt
                0x10003324        0xa CMakeFiles/pico_w_monitor.dir/C_/Users/joser/.pico-sdk/sdk/2.1.0/src/rp2_common/pico_double/double_aeabi_rp2040.S.obj
                0x10003324                __wrap___aeabi_dcmpgt
 .text.__wrap___aeabi_dcmpun
                0x1000332e       0x18 CMakeFiles/pico_w_monitor.dir/C_/Users/joser/.pico-sdk/sdk/2.1.0/src/rp2_common/pico_double/double_aeabi_rp2040.S.obj
                0x1000332e                __wrap___aeabi_dcmpun
 *fill*         0x10003346        0x2 
 .text.__wrap___aeabi_i2d
                0x10003348       0x38 CMakeFiles/pico_w_monitor.dir/C_/Users/joser/.pico-sdk/sdk/2.1.0/src/rp2_common/pico_double/double_aeabi_rp2040.S.obj
                0x10003348                __wrap___aeabi_ui2d
                0x10003350                __wrap___aeabi_i2d
 .text.__wrap___aeabi_d2iz
                0x10003380       0x48 CMakeFiles/pico_w_monitor.dir/C_/Users/joser/.pico-sdk/sdk/2.1.0/src/rp2_common/pico_double/double_aeabi_rp2040.S.obj
                0x10003380                double2int_z
                0x10003380                __wrap___aeabi_d2iz
 .text.__wrap___aeabi_d2uiz
                0x100033c8       0x10 CMakeFiles/pico_w_monitor.dir/C_/Users/joser/.pico-sdk/sdk/2.1.0/src/rp2_common/pico_double/double_aeabi_rp2040.S.obj
                0x100033c8                __wrap___aeabi_d2uiz
                0x100033c8                double2uint
 .text.missing_double_func_shim
                0x100033d8        0xc CMakeFiles/pico_w_monitor.dir/C_/Users/joser/.pico-sdk/sdk/2.1.0/src/rp2_common/pico_double/double_init_rom_rp2040.c.obj
 .text.__aeabi_double_init
                0x100033e4       0xa0 CMakeFiles/pico_w_monitor.dir/C_/Users/joser/.pico-sdk/sdk/2.1.0/src/rp2_common/pico_double/double_init_rom_rp2040.c.obj
                0x100033e4                __aeabi_double_init
 .text.double_table_shim_on_use_helper
                0x10003484       0x2c CMakeFiles/pico_w_monitor.dir/C_/Users/joser/.pico-sdk/sdk/2.1.0/src/rp2_common/pico_double/double_v1_rom_shim_rp2040.S.obj
                0x10003484                double_table_shim_on_use_helper
 .text.__aeabi_lmul
                0x100034b0       0x32 CMakeFiles/pico_w_monitor.dir/C_/Users/joser/.pico-sdk/sdk/2.1.0/src/rp2_common/pico_int64_ops/pico_int64_ops_aeabi.S.obj
                0x100034b0                __wrap___aeabi_lmul
 *fill*         0x100034e2        0x2 
 .text.__wrap___aeabi_farithmetic
                0x100034e4       0x48 CMakeFiles/pico_w_monitor.dir/C_/Users/joser/.pico-sdk/sdk/2.1.0/src/rp2_common/pico_float/float_aeabi_rp2040.S.obj
                0x100034e4                __wrap___aeabi_frsub
                0x100034ea                __wrap___aeabi_fsub
                0x100034f0                __wrap___aeabi_fadd
                0x100034f6                __wrap___aeabi_fdiv
                0x1000351e                __wrap___aeabi_fmul
 .text.__wrap___aeabi_cfcmple
                0x1000352c       0x50 CMakeFiles/pico_w_monitor.dir/C_/Users/joser/.pico-sdk/sdk/2.1.0/src/rp2_common/pico_float/float_aeabi_rp2040.S.obj
                0x1000352c                __wrap___aeabi_cfrcmple
                0x10003538                __wrap___aeabi_cfcmple
                0x10003538                __wrap___aeabi_cfcmpeq
 .text.__wrap___aeabi_fcmplt
                0x1000357c        0xc CMakeFiles/pico_w_monitor.dir/C_/Users/joser/.pico-sdk/sdk/2.1.0/src/rp2_common/pico_float/float_aeabi_rp2040.S.obj
                0x1000357c                __wrap___aeabi_fcmplt
 .text.__wrap___aeabi_fcmpgt
                0x10003588        0xa CMakeFiles/pico_w_monitor.dir/C_/Users/joser/.pico-sdk/sdk/2.1.0/src/rp2_common/pico_float/float_aeabi_rp2040.S.obj
                0x10003588                __wrap___aeabi_fcmpgt
 .text.__wrap___aeabi_ui2f
                0x10003592        0xa CMakeFiles/pico_w_monitor.dir/C_/Users/joser/.pico-sdk/sdk/2.1.0/src/rp2_common/pico_float/float_aeabi_rp2040.S.obj
                0x10003592                __wrap___aeabi_ui2f
                0x10003592                uint2float
 .text.__wrap___aeabi_i2f
                0x1000359c       0x44 CMakeFiles/pico_w_monitor.dir/C_/Users/joser/.pico-sdk/sdk/2.1.0/src/rp2_common/pico_float/float_aeabi_rp2040.S.obj
                0x1000359c                __wrap___aeabi_i2f
                0x1000359c                int2float
 .text.__wrap___aeabi_f2uiz
                0x100035e0        0xc CMakeFiles/pico_w_monitor.dir/C_/Users/joser/.pico-sdk/sdk/2.1.0/src/rp2_common/pico_float/float_aeabi_rp2040.S.obj
                0x100035e0                __wrap___aeabi_f2uiz
                0x100035e0                float2uint_z
 .text.__wrap___aeabi_f2d
                0x100035ec        0xc CMakeFiles/pico_w_monitor.dir/C_/Users/joser/.pico-sdk/sdk/2.1.0/src/rp2_common/pico_float/float_aeabi_rp2040.S.obj
                0x100035ec                __wrap___aeabi_f2d
 .text.missing_float_func_shim
                0x100035f8        0xc CMakeFiles/pico_w_monitor.dir/C_/Users/joser/.pico-sdk/sdk/2.1.0/src/rp2_common/pico_float/float_init_rom_rp2040.c.obj
 .text.__aeabi_float_init
                0x10003604       0x5c CMakeFiles/pico_w_monitor.dir/C_/Users/joser/.pico-sdk/sdk/2.1.0/src/rp2_common/pico_float/float_init_rom_rp2040.c.obj
                0x10003604                __aeabi_float_init
 .text          0x10003660       0x10 CMakeFiles/pico_w_monitor.dir/C_/Users/joser/.pico-sdk/sdk/2.1.0/src/rp2_common/pico_mem_ops/mem_ops_aeabi.S.obj
                0x10003660                __aeabi_mem_init
 .text.memset   0x10003670        0xc CMakeFiles/pico_w_monitor.dir/C_/Users/joser/.pico-sdk/sdk/2.1.0/src/rp2_common/pico_mem_ops/mem_ops_aeabi.S.obj
                0x10003670                __wrap_memset
 .text.memcpy   0x1000367c        0xc CMakeFiles/pico_w_monitor.dir/C_/Users/joser/.pico-sdk/sdk/2.1.0/src/rp2_common/pico_mem_ops/mem_ops_aeabi.S.obj
                0x1000367c                __wrap_memcpy
                0x1000367c                __wrap___aeabi_memcpy
 .text._out_buffer
                0x10003688        0x8 CMakeFiles/pico_w_monitor.dir/C_/Users/joser/.pico-sdk/sdk/2.1.0/src/rp2_common/pico_printf/printf.c.obj
 .text._out_null
                0x10003690        0x4 CMakeFiles/pico_w_monitor.dir/C_/Users/joser/.pico-sdk/sdk/2.1.0/src/rp2_common/pico_printf/printf.c.obj
 .text._out_rev
                0x10003694       0xac CMakeFiles/pico_w_monitor.dir/C_/Users/joser/.pico-sdk/sdk/2.1.0/src/rp2_common/pico_printf/printf.c.obj
 .text._ntoa_format
                0x10003740      0x250 CMakeFiles/pico_w_monitor.dir/C_/Users/joser/.pico-sdk/sdk/2.1.0/src/rp2_common/pico_printf/printf.c.obj
 .text._out_char
                0x10003990       0x10 CMakeFiles/pico_w_monitor.dir/C_/Users/joser/.pico-sdk/sdk/2.1.0/src/rp2_common/pico_printf/printf.c.obj
 .text._out_fct
                0x100039a0       0x10 CMakeFiles/pico_w_monitor.dir/C_/Users/joser/.pico-sdk/sdk/2.1.0/src/rp2_common/pico_printf/printf.c.obj
 .text._etoa    0x100039b0      0x464 CMakeFiles/pico_w_monitor.dir/C_/Users/joser/.pico-sdk/sdk/2.1.0/src/rp2_common/pico_printf/printf.c.obj
 .text._ftoa    0x10003e14      0x3c0 CMakeFiles/pico_w_monitor.dir/C_/Users/joser/.pico-sdk/sdk/2.1.0/src/rp2_common/pico_printf/printf.c.obj
 .text._vsnprintf
                0x100041d4      0xbc8 CMakeFiles/pico_w_monitor.dir/C_/Users/joser/.pico-sdk/sdk/2.1.0/src/rp2_common/pico_printf/printf.c.obj
 .text.__wrap_snprintf
                0x10004d9c       0x28 CMakeFiles/pico_w_monitor.dir/C_/Users/joser/.pico-sdk/sdk/2.1.0/src/rp2_common/pico_printf/printf.c.obj
                0x10004d9c                __wrap_snprintf
 .text.vfctprintf
                0x10004dc4       0x20 CMakeFiles/pico_w_monitor.dir/C_/Users/joser/.pico-sdk/sdk/2.1.0/src/rp2_common/pico_printf/printf.c.obj
                0x10004dc4                vfctprintf
 .text.weak_raw_vprintf
                0x10004de4       0x30 CMakeFiles/pico_w_monitor.dir/C_/Users/joser/.pico-sdk/sdk/2.1.0/src/rp2_common/pico_printf/printf.c.obj
                0x10004de4                weak_raw_vprintf
 .text._exit    0x10004e14        0x4 CMakeFiles/pico_w_monitor.dir/C_/Users/joser/.pico-sdk/sdk/2.1.0/src/rp2_common/pico_clib_interface/newlib_interface.c.obj
                0x10004e14                _exit
 .text.exit     0x10004e18        0x8 CMakeFiles/pico_w_monitor.dir/C_/Users/joser/.pico-sdk/sdk/2.1.0/src/rp2_common/pico_clib_interface/newlib_interface.c.obj
                0x10004e18                exit
 .text.runtime_init
                0x10004e20       0x2c CMakeFiles/pico_w_monitor.dir/C_/Users/joser/.pico-sdk/sdk/2.1.0/src/rp2_common/pico_clib_interface/newlib_interface.c.obj
                0x10004e20                runtime_init
 .text.stdio_out_chars_no_crlf
                0x10004e4c       0x10 CMakeFiles/pico_w_monitor.dir/C_/Users/joser/.pico-sdk/sdk/2.1.0/src/rp2_common/pico_stdio/stdio.c.obj
 .text.stdio_out_chars_crlf
                0x10004e5c       0x94 CMakeFiles/pico_w_monitor.dir/C_/Users/joser/.pico-sdk/sdk/2.1.0/src/rp2_common/pico_stdio/stdio.c.obj
 .text.stdio_buffered_printer
                0x10004ef0       0x64 CMakeFiles/pico_w_monitor.dir/C_/Users/joser/.pico-sdk/sdk/2.1.0/src/rp2_common/pico_stdio/stdio.c.obj
 .text.stdio_put_string
                0x10004f54      0x100 CMakeFiles/pico_w_monitor.dir/C_/Users/joser/.pico-sdk/sdk/2.1.0/src/rp2_common/pico_stdio/stdio.c.obj
                0x10004f54                stdio_put_string
 .text.stdio_set_driver_enabled
                0x10005054       0x30 CMakeFiles/pico_w_monitor.dir/C_/Users/joser/.pico-sdk/sdk/2.1.0/src/rp2_common/pico_stdio/stdio.c.obj
                0x10005054                stdio_set_driver_enabled
 .text.stdio_init_all
                0x10005084        0x8 CMakeFiles/pico_w_monitor.dir/C_/Users/joser/.pico-sdk/sdk/2.1.0/src/rp2_common/pico_stdio/stdio.c.obj
                0x10005084                stdio_init_all
 .text.__wrap_putchar
                0x1000508c       0x98 CMakeFiles/pico_w_monitor.dir/C_/Users/joser/.pico-sdk/sdk/2.1.0/src/rp2_common/pico_stdio/stdio.c.obj
                0x1000508c                __wrap_putchar
                0x1000508c                stdio_putchar
 .text.__wrap_puts
                0x10005124       0x3c CMakeFiles/pico_w_monitor.dir/C_/Users/joser/.pico-sdk/sdk/2.1.0/src/rp2_common/pico_stdio/stdio.c.obj
                0x10005124                stdio_puts
                0x10005124                __wrap_puts
 .text.__wrap_vprintf
                0x10005160       0xd4 CMakeFiles/pico_w_monitor.dir/C_/Users/joser/.pico-sdk/sdk/2.1.0/src/rp2_common/pico_stdio/stdio.c.obj
                0x10005160                stdio_vprintf
                0x10005160                __wrap_vprintf
 .text.__wrap_printf
                0x10005234       0x18 CMakeFiles/pico_w_monitor.dir/C_/Users/joser/.pico-sdk/sdk/2.1.0/src/rp2_common/pico_stdio/stdio.c.obj
                0x10005234                __wrap_printf
                0x10005234                stdio_printf
 .text.resetd_init
                0x1000524c        0x4 CMakeFiles/pico_w_monitor.dir/C_/Users/joser/.pico-sdk/sdk/2.1.0/src/rp2_common/pico_stdio_usb/reset_interface.c.obj
 .text.resetd_reset
                0x10005250        0xc CMakeFiles/pico_w_monitor.dir/C_/Users/joser/.pico-sdk/sdk/2.1.0/src/rp2_common/pico_stdio_usb/reset_interface.c.obj
 .text.resetd_open
                0x1000525c       0x28 CMakeFiles/pico_w_monitor.dir/C_/Users/joser/.pico-sdk/sdk/2.1.0/src/rp2_common/pico_stdio_usb/reset_interface.c.obj
 .text.resetd_xfer_cb
                0x10005284        0x4 CMakeFiles/pico_w_monitor.dir/C_/Users/joser/.pico-sdk/sdk/2.1.0/src/rp2_common/pico_stdio_usb/reset_interface.c.obj
 .text.resetd_control_xfer_cb
                0x10005288       0x5c CMakeFiles/pico_w_monitor.dir/C_/Users/joser/.pico-sdk/sdk/2.1.0/src/rp2_common/pico_stdio_usb/reset_interface.c.obj
 .text.tud_descriptor_bos_cb
                0x100052e4        0x8 CMakeFiles/pico_w_monitor.dir/C_/Users/joser/.pico-sdk/sdk/2.1.0/src/rp2_common/pico_stdio_usb/reset_interface.c.obj
                0x100052e4                tud_descriptor_bos_cb
 .text.tud_vendor_control_xfer_cb
                0x100052ec       0x34 CMakeFiles/pico_w_monitor.dir/C_/Users/joser/.pico-sdk/sdk/2.1.0/src/rp2_common/pico_stdio_usb/reset_interface.c.obj
                0x100052ec                tud_vendor_control_xfer_cb
 .text.usbd_app_driver_get_cb
                0x10005320        0xc CMakeFiles/pico_w_monitor.dir/C_/Users/joser/.pico-sdk/sdk/2.1.0/src/rp2_common/pico_stdio_usb/reset_interface.c.obj
                0x10005320                usbd_app_driver_get_cb
 .text.tud_cdc_line_coding_cb
                0x1000532c       0x2c CMakeFiles/pico_w_monitor.dir/C_/Users/joser/.pico-sdk/sdk/2.1.0/src/rp2_common/pico_stdio_usb/reset_interface.c.obj
                0x1000532c                tud_cdc_line_coding_cb
 .text.stdio_usb_set_chars_available_callback
                0x10005358       0x14 CMakeFiles/pico_w_monitor.dir/C_/Users/joser/.pico-sdk/sdk/2.1.0/src/rp2_common/pico_stdio_usb/stdio_usb.c.obj
                0x10005358                stdio_usb_set_chars_available_callback
 .text.usb_irq  0x1000536c       0x10 CMakeFiles/pico_w_monitor.dir/C_/Users/joser/.pico-sdk/sdk/2.1.0/src/rp2_common/pico_stdio_usb/stdio_usb.c.obj
 .text.timer_task
                0x1000537c       0x64 CMakeFiles/pico_w_monitor.dir/C_/Users/joser/.pico-sdk/sdk/2.1.0/src/rp2_common/pico_stdio_usb/stdio_usb.c.obj
 .text.stdio_usb_in_chars
                0x100053e0       0x90 CMakeFiles/pico_w_monitor.dir/C_/Users/joser/.pico-sdk/sdk/2.1.0/src/rp2_common/pico_stdio_usb/stdio_usb.c.obj
                0x100053e0                stdio_usb_in_chars
 .text.stdio_usb_out_flush
                0x10005470       0x50 CMakeFiles/pico_w_monitor.dir/C_/Users/joser/.pico-sdk/sdk/2.1.0/src/rp2_common/pico_stdio_usb/stdio_usb.c.obj
 .text.stdio_usb_out_chars
                0x100054c0      0x104 CMakeFiles/pico_w_monitor.dir/C_/Users/joser/.pico-sdk/sdk/2.1.0/src/rp2_common/pico_stdio_usb/stdio_usb.c.obj
 .text.low_priority_worker_irq
                0x100055c4       0xcc CMakeFiles/pico_w_monitor.dir/C_/Users/joser/.pico-sdk/sdk/2.1.0/src/rp2_common/pico_stdio_usb/stdio_usb.c.obj
 .text.stdio_usb_init
                0x10005690       0xe8 CMakeFiles/pico_w_monitor.dir/C_/Users/joser/.pico-sdk/sdk/2.1.0/src/rp2_common/pico_stdio_usb/stdio_usb.c.obj
                0x10005690                stdio_usb_init
 .text.tud_descriptor_device_cb
                0x10005778        0x8 CMakeFiles/pico_w_monitor.dir/C_/Users/joser/.pico-sdk/sdk/2.1.0/src/rp2_common/pico_stdio_usb/stdio_usb_descriptors.c.obj
                0x10005778                tud_descriptor_device_cb
 .text.tud_descriptor_configuration_cb
                0x10005780        0x8 CMakeFiles/pico_w_monitor.dir/C_/Users/joser/.pico-sdk/sdk/2.1.0/src/rp2_common/pico_stdio_usb/stdio_usb_descriptors.c.obj
                0x10005780                tud_descriptor_configuration_cb
 .text.tud_descriptor_string_cb
                0x10005788       0x78 CMakeFiles/pico_w_monitor.dir/C_/Users/joser/.pico-sdk/sdk/2.1.0/src/rp2_common/pico_stdio_usb/stdio_usb_descriptors.c.obj
                0x10005788                tud_descriptor_string_cb
 .text.startup._retrieve_unique_id_on_boot
                0x10005800       0x10 CMakeFiles/pico_w_monitor.dir/C_/Users/joser/.pico-sdk/sdk/2.1.0/src/rp2_common/pico_unique_id/unique_id.c.obj
 .text.pico_get_unique_board_id
                0x10005810       0x10 CMakeFiles/pico_w_monitor.dir/C_/Users/joser/.pico-sdk/sdk/2.1.0/src/rp2_common/pico_unique_id/unique_id.c.obj
                0x10005810                pico_get_unique_board_id
 .text.pico_get_unique_board_id_string
                0x10005820      0x1a8 CMakeFiles/pico_w_monitor.dir/C_/Users/joser/.pico-sdk/sdk/2.1.0/src/rp2_common/pico_unique_id/unique_id.c.obj
                0x10005820                pico_get_unique_board_id_string
 .text.flash_get_unique_id
                0x100059c8       0x3c CMakeFiles/pico_w_monitor.dir/C_/Users/joser/.pico-sdk/sdk/2.1.0/src/rp2_common/hardware_flash/flash.c.obj
                0x100059c8                flash_get_unique_id
 .text.dcd_init
                0x10005a04       0x8c CMakeFiles/pico_w_monitor.dir/C_/Users/joser/.pico-sdk/sdk/2.1.0/lib/tinyusb/src/portable/raspberrypi/rp2040/dcd_rp2040.c.obj
                0x10005a04                dcd_init
 .text.dcd_int_enable
                0x10005a90        0xc CMakeFiles/pico_w_monitor.dir/C_/Users/joser/.pico-sdk/sdk/2.1.0/lib/tinyusb/src/portable/raspberrypi/rp2040/dcd_rp2040.c.obj
                0x10005a90                dcd_int_enable
 .text.dcd_set_address
                0x10005a9c       0x14 CMakeFiles/pico_w_monitor.dir/C_/Users/joser/.pico-sdk/sdk/2.1.0/lib/tinyusb/src/portable/raspberrypi/rp2040/dcd_rp2040.c.obj
                0x10005a9c                dcd_set_address
 .text.dcd_sof_enable
                0x10005ab0       0x1c CMakeFiles/pico_w_monitor.dir/C_/Users/joser/.pico-sdk/sdk/2.1.0/lib/tinyusb/src/portable/raspberrypi/rp2040/dcd_rp2040.c.obj
                0x10005ab0                dcd_sof_enable
 .text.dcd_edpt0_status_complete
                0x10005acc       0x1c CMakeFiles/pico_w_monitor.dir/C_/Users/joser/.pico-sdk/sdk/2.1.0/lib/tinyusb/src/portable/raspberrypi/rp2040/dcd_rp2040.c.obj
                0x10005acc                dcd_edpt0_status_complete
 .text.dcd_edpt_open
                0x10005ae8      0x108 CMakeFiles/pico_w_monitor.dir/C_/Users/joser/.pico-sdk/sdk/2.1.0/lib/tinyusb/src/portable/raspberrypi/rp2040/dcd_rp2040.c.obj
                0x10005ae8                dcd_edpt_open
 .text.dcd_edpt_close_all
                0x10005bf0        0x8 CMakeFiles/pico_w_monitor.dir/C_/Users/joser/.pico-sdk/sdk/2.1.0/lib/tinyusb/src/portable/raspberrypi/rp2040/dcd_rp2040.c.obj
                0x10005bf0                dcd_edpt_close_all
 .text.dcd_edpt_xfer
                0x10005bf8       0x24 CMakeFiles/pico_w_monitor.dir/C_/Users/joser/.pico-sdk/sdk/2.1.0/lib/tinyusb/src/portable/raspberrypi/rp2040/dcd_rp2040.c.obj
                0x10005bf8                dcd_edpt_xfer
 .text.dcd_edpt_stall
                0x10005c1c       0x34 CMakeFiles/pico_w_monitor.dir/C_/Users/joser/.pico-sdk/sdk/2.1.0/lib/tinyusb/src/portable/raspberrypi/rp2040/dcd_rp2040.c.obj
                0x10005c1c                dcd_edpt_stall
 .text.dcd_edpt_clear_stall
                0x10005c50       0x30 CMakeFiles/pico_w_monitor.dir/C_/Users/joser/.pico-sdk/sdk/2.1.0/lib/tinyusb/src/portable/raspberrypi/rp2040/dcd_rp2040.c.obj
                0x10005c50                dcd_edpt_clear_stall
 .text.rp2040_usb_init
                0x10005c80       0x40 CMakeFiles/pico_w_monitor.dir/C_/Users/joser/.pico-sdk/sdk/2.1.0/lib/tinyusb/src/portable/raspberrypi/rp2040/rp2040_usb.c.obj
                0x10005c80                rp2040_usb_init
 .text.hw_endpoint_xfer_start
                0x10005cc0       0x40 CMakeFiles/pico_w_monitor.dir/C_/Users/joser/.pico-sdk/sdk/2.1.0/lib/tinyusb/src/portable/raspberrypi/rp2040/rp2040_usb.c.obj
                0x10005cc0                hw_endpoint_xfer_start
 .text.tud_event_hook_cb
                0x10005d00        0x4 CMakeFiles/pico_w_monitor.dir/C_/Users/joser/.pico-sdk/sdk/2.1.0/lib/tinyusb/src/device/usbd.c.obj
                0x10005d00                tud_event_hook_cb
 .text.tud_sof_cb
                0x10005d04        0x4 CMakeFiles/pico_w_monitor.dir/C_/Users/joser/.pico-sdk/sdk/2.1.0/lib/tinyusb/src/device/usbd.c.obj
                0x10005d04                tud_sof_cb
 .text.tud_descriptor_device_qualifier_cb
                0x10005d08        0x4 CMakeFiles/pico_w_monitor.dir/C_/Users/joser/.pico-sdk/sdk/2.1.0/lib/tinyusb/src/device/usbd.c.obj
                0x10005d08                tud_descriptor_device_qualifier_cb
 .text.tud_descriptor_other_speed_configuration_cb
                0x10005d0c        0x4 CMakeFiles/pico_w_monitor.dir/C_/Users/joser/.pico-sdk/sdk/2.1.0/lib/tinyusb/src/device/usbd.c.obj
                0x10005d0c                tud_descriptor_other_speed_configuration_cb
 .text.tud_mount_cb
                0x10005d10        0x4 CMakeFiles/pico_w_monitor.dir/C_/Users/joser/.pico-sdk/sdk/2.1.0/lib/tinyusb/src/device/usbd.c.obj
                0x10005d10                tud_mount_cb
 .text.tud_umount_cb
                0x10005d14        0x4 CMakeFiles/pico_w_monitor.dir/C_/Users/joser/.pico-sdk/sdk/2.1.0/lib/tinyusb/src/device/usbd.c.obj
                0x10005d14                tud_umount_cb
 .text.tud_suspend_cb
                0x10005d18        0x4 CMakeFiles/pico_w_monitor.dir/C_/Users/joser/.pico-sdk/sdk/2.1.0/lib/tinyusb/src/device/usbd.c.obj
                0x10005d18                tud_suspend_cb
 .text.tud_resume_cb
                0x10005d1c        0x4 CMakeFiles/pico_w_monitor.dir/C_/Users/joser/.pico-sdk/sdk/2.1.0/lib/tinyusb/src/device/usbd.c.obj
                0x10005d1c                tud_resume_cb
 .text.tud_mounted
                0x10005d20       0x10 CMakeFiles/pico_w_monitor.dir/C_/Users/joser/.pico-sdk/sdk/2.1.0/lib/tinyusb/src/device/usbd.c.obj
                0x10005d20                tud_mounted
 .text.tud_suspended
                0x10005d30       0x10 CMakeFiles/pico_w_monitor.dir/C_/Users/joser/.pico-sdk/sdk/2.1.0/lib/tinyusb/src/device/usbd.c.obj
                0x10005d30                tud_suspended
 .text.tud_init
                0x10005d40       0xe4 CMakeFiles/pico_w_monitor.dir/C_/Users/joser/.pico-sdk/sdk/2.1.0/lib/tinyusb/src/device/usbd.c.obj
                0x10005d40                tud_init
 .text.tud_task_ext
                0x10005e24      0x800 CMakeFiles/pico_w_monitor.dir/C_/Users/joser/.pico-sdk/sdk/2.1.0/lib/tinyusb/src/device/usbd.c.obj
                0x10005e24                tud_task_ext
 .text.usbd_open_edpt_pair
                0x10006624       0x9c CMakeFiles/pico_w_monitor.dir/C_/Users/joser/.pico-sdk/sdk/2.1.0/lib/tinyusb/src/device/usbd.c.obj
                0x10006624                usbd_open_edpt_pair
 .text.usbd_edpt_open
                0x100066c0       0x34 CMakeFiles/pico_w_monitor.dir/C_/Users/joser/.pico-sdk/sdk/2.1.0/lib/tinyusb/src/device/usbd.c.obj
                0x100066c0                usbd_edpt_open
 .text.usbd_edpt_claim
                0x100066f4       0x28 CMakeFiles/pico_w_monitor.dir/C_/Users/joser/.pico-sdk/sdk/2.1.0/lib/tinyusb/src/device/usbd.c.obj
                0x100066f4                usbd_edpt_claim
 .text.usbd_edpt_release
                0x1000671c       0x28 CMakeFiles/pico_w_monitor.dir/C_/Users/joser/.pico-sdk/sdk/2.1.0/lib/tinyusb/src/device/usbd.c.obj
                0x1000671c                usbd_edpt_release
 .text.usbd_edpt_xfer
                0x10006744       0x4c CMakeFiles/pico_w_monitor.dir/C_/Users/joser/.pico-sdk/sdk/2.1.0/lib/tinyusb/src/device/usbd.c.obj
                0x10006744                usbd_edpt_xfer
 .text.tud_control_status
                0x10006790       0x2c CMakeFiles/pico_w_monitor.dir/C_/Users/joser/.pico-sdk/sdk/2.1.0/lib/tinyusb/src/device/usbd_control.c.obj
                0x10006790                tud_control_status
 .text.tud_control_xfer
                0x100067bc       0xac CMakeFiles/pico_w_monitor.dir/C_/Users/joser/.pico-sdk/sdk/2.1.0/lib/tinyusb/src/device/usbd_control.c.obj
                0x100067bc                tud_control_xfer
 .text.usbd_control_reset
                0x10006868       0x14 CMakeFiles/pico_w_monitor.dir/C_/Users/joser/.pico-sdk/sdk/2.1.0/lib/tinyusb/src/device/usbd_control.c.obj
                0x10006868                usbd_control_reset
 .text.usbd_control_set_complete_callback
                0x1000687c        0xc CMakeFiles/pico_w_monitor.dir/C_/Users/joser/.pico-sdk/sdk/2.1.0/lib/tinyusb/src/device/usbd_control.c.obj
                0x1000687c                usbd_control_set_complete_callback
 .text.usbd_control_set_request
                0x10006888       0x1c CMakeFiles/pico_w_monitor.dir/C_/Users/joser/.pico-sdk/sdk/2.1.0/lib/tinyusb/src/device/usbd_control.c.obj
                0x10006888                usbd_control_set_request
 .text.usbd_control_xfer_cb
                0x100068a4       0xec CMakeFiles/pico_w_monitor.dir/C_/Users/joser/.pico-sdk/sdk/2.1.0/lib/tinyusb/src/device/usbd_control.c.obj
                0x100068a4                usbd_control_xfer_cb
 .text._prep_out_transaction.isra.0
                0x10006990       0x5c CMakeFiles/pico_w_monitor.dir/C_/Users/joser/.pico-sdk/sdk/2.1.0/lib/tinyusb/src/class/cdc/cdc_device.c.obj
 .text.tud_cdc_n_connected
                0x100069ec       0x30 CMakeFiles/pico_w_monitor.dir/C_/Users/joser/.pico-sdk/sdk/2.1.0/lib/tinyusb/src/class/cdc/cdc_device.c.obj
                0x100069ec                tud_cdc_n_connected
 .text.tud_cdc_n_available
                0x10006a1c       0x18 CMakeFiles/pico_w_monitor.dir/C_/Users/joser/.pico-sdk/sdk/2.1.0/lib/tinyusb/src/class/cdc/cdc_device.c.obj
                0x10006a1c                tud_cdc_n_available
 .text.tud_cdc_n_read
                0x10006a34       0x98 CMakeFiles/pico_w_monitor.dir/C_/Users/joser/.pico-sdk/sdk/2.1.0/lib/tinyusb/src/class/cdc/cdc_device.c.obj
                0x10006a34                tud_cdc_n_read
 .text.tud_cdc_n_write_flush
                0x10006acc       0x78 CMakeFiles/pico_w_monitor.dir/C_/Users/joser/.pico-sdk/sdk/2.1.0/lib/tinyusb/src/class/cdc/cdc_device.c.obj
                0x10006acc                tud_cdc_n_write_flush
 .text.tud_cdc_n_write
                0x10006b44       0x40 CMakeFiles/pico_w_monitor.dir/C_/Users/joser/.pico-sdk/sdk/2.1.0/lib/tinyusb/src/class/cdc/cdc_device.c.obj
                0x10006b44                tud_cdc_n_write
 .text.tud_cdc_n_write_available
                0x10006b84       0x18 CMakeFiles/pico_w_monitor.dir/C_/Users/joser/.pico-sdk/sdk/2.1.0/lib/tinyusb/src/class/cdc/cdc_device.c.obj
                0x10006b84                tud_cdc_n_write_available
 .text.cdcd_init
                0x10006b9c       0x7c CMakeFiles/pico_w_monitor.dir/C_/Users/joser/.pico-sdk/sdk/2.1.0/lib/tinyusb/src/class/cdc/cdc_device.c.obj
                0x10006b9c                cdcd_init
 .text.cdcd_deinit
                0x10006c18       0x34 CMakeFiles/pico_w_monitor.dir/C_/Users/joser/.pico-sdk/sdk/2.1.0/lib/tinyusb/src/class/cdc/cdc_device.c.obj
                0x10006c18                cdcd_deinit
 .text.cdcd_reset
                0x10006c4c       0x4c CMakeFiles/pico_w_monitor.dir/C_/Users/joser/.pico-sdk/sdk/2.1.0/lib/tinyusb/src/class/cdc/cdc_device.c.obj
                0x10006c4c                cdcd_reset
 .text.cdcd_open
                0x10006c98       0xb0 CMakeFiles/pico_w_monitor.dir/C_/Users/joser/.pico-sdk/sdk/2.1.0/lib/tinyusb/src/class/cdc/cdc_device.c.obj
                0x10006c98                cdcd_open
 .text.cdcd_control_xfer_cb
                0x10006d48       0xe4 CMakeFiles/pico_w_monitor.dir/C_/Users/joser/.pico-sdk/sdk/2.1.0/lib/tinyusb/src/class/cdc/cdc_device.c.obj
                0x10006d48                cdcd_control_xfer_cb
 .text.cdcd_xfer_cb
                0x10006e2c      0x100 CMakeFiles/pico_w_monitor.dir/C_/Users/joser/.pico-sdk/sdk/2.1.0/lib/tinyusb/src/class/cdc/cdc_device.c.obj
                0x10006e2c                cdcd_xfer_cb
 .text.vendord_init
                0x10006f2c       0x5c CMakeFiles/pico_w_monitor.dir/C_/Users/joser/.pico-sdk/sdk/2.1.0/lib/tinyusb/src/class/vendor/vendor_device.c.obj
                0x10006f2c                vendord_init
 .text.vendord_deinit
                0x10006f88       0x1c CMakeFiles/pico_w_monitor.dir/C_/Users/joser/.pico-sdk/sdk/2.1.0/lib/tinyusb/src/class/vendor/vendor_device.c.obj
                0x10006f88                vendord_deinit
 .text.vendord_reset
                0x10006fa4       0x20 CMakeFiles/pico_w_monitor.dir/C_/Users/joser/.pico-sdk/sdk/2.1.0/lib/tinyusb/src/class/vendor/vendor_device.c.obj
                0x10006fa4                vendord_reset
 .text.vendord_open
                0x10006fc4      0x138 CMakeFiles/pico_w_monitor.dir/C_/Users/joser/.pico-sdk/sdk/2.1.0/lib/tinyusb/src/class/vendor/vendor_device.c.obj
                0x10006fc4                vendord_open
 .text.vendord_xfer_cb
                0x100070fc       0x9c CMakeFiles/pico_w_monitor.dir/C_/Users/joser/.pico-sdk/sdk/2.1.0/lib/tinyusb/src/class/vendor/vendor_device.c.obj
                0x100070fc                vendord_xfer_cb
 .text.tusb_init
                0x10007198        0xc CMakeFiles/pico_w_monitor.dir/C_/Users/joser/.pico-sdk/sdk/2.1.0/lib/tinyusb/src/tusb.c.obj
                0x10007198                tusb_init
 .text.tu_edpt_claim
                0x100071a4       0x50 CMakeFiles/pico_w_monitor.dir/C_/Users/joser/.pico-sdk/sdk/2.1.0/lib/tinyusb/src/tusb.c.obj
                0x100071a4                tu_edpt_claim
 .text.tu_edpt_release
                0x100071f4       0x38 CMakeFiles/pico_w_monitor.dir/C_/Users/joser/.pico-sdk/sdk/2.1.0/lib/tinyusb/src/tusb.c.obj
                0x100071f4                tu_edpt_release
 .text.tu_edpt_validate
                0x1000722c       0x7c CMakeFiles/pico_w_monitor.dir/C_/Users/joser/.pico-sdk/sdk/2.1.0/lib/tinyusb/src/tusb.c.obj
                0x1000722c                tu_edpt_validate
 .text.tu_edpt_bind_driver
                0x100072a8       0x34 CMakeFiles/pico_w_monitor.dir/C_/Users/joser/.pico-sdk/sdk/2.1.0/lib/tinyusb/src/tusb.c.obj
                0x100072a8                tu_edpt_bind_driver
 .text.tu_edpt_stream_init
                0x100072dc       0x6c CMakeFiles/pico_w_monitor.dir/C_/Users/joser/.pico-sdk/sdk/2.1.0/lib/tinyusb/src/tusb.c.obj
                0x100072dc                tu_edpt_stream_init
 .text.tu_edpt_stream_deinit
                0x10007348        0x4 CMakeFiles/pico_w_monitor.dir/C_/Users/joser/.pico-sdk/sdk/2.1.0/lib/tinyusb/src/tusb.c.obj
                0x10007348                tu_edpt_stream_deinit
 .text.tu_edpt_stream_write_zlp_if_needed
                0x1000734c       0x68 CMakeFiles/pico_w_monitor.dir/C_/Users/joser/.pico-sdk/sdk/2.1.0/lib/tinyusb/src/tusb.c.obj
                0x1000734c                tu_edpt_stream_write_zlp_if_needed
 .text.tu_edpt_stream_write_xfer
                0x100073b4       0x64 CMakeFiles/pico_w_monitor.dir/C_/Users/joser/.pico-sdk/sdk/2.1.0/lib/tinyusb/src/tusb.c.obj
                0x100073b4                tu_edpt_stream_write_xfer
 .text.tu_edpt_stream_read_xfer
                0x10007418       0xdc CMakeFiles/pico_w_monitor.dir/C_/Users/joser/.pico-sdk/sdk/2.1.0/lib/tinyusb/src/tusb.c.obj
                0x10007418                tu_edpt_stream_read_xfer
 .text.tu_fifo_config
                0x100074f4       0x6c CMakeFiles/pico_w_monitor.dir/C_/Users/joser/.pico-sdk/sdk/2.1.0/lib/tinyusb/src/common/tusb_fifo.c.obj
                0x100074f4                tu_fifo_config
 .text.tu_fifo_count
                0x10007560       0x2c CMakeFiles/pico_w_monitor.dir/C_/Users/joser/.pico-sdk/sdk/2.1.0/lib/tinyusb/src/common/tusb_fifo.c.obj
                0x10007560                tu_fifo_count
 .text.tu_fifo_empty
                0x1000758c       0x10 CMakeFiles/pico_w_monitor.dir/C_/Users/joser/.pico-sdk/sdk/2.1.0/lib/tinyusb/src/common/tusb_fifo.c.obj
                0x1000758c                tu_fifo_empty
 .text.tu_fifo_remaining
                0x1000759c       0x2c CMakeFiles/pico_w_monitor.dir/C_/Users/joser/.pico-sdk/sdk/2.1.0/lib/tinyusb/src/common/tusb_fifo.c.obj
                0x1000759c                tu_fifo_remaining
 .text.tu_fifo_read
                0x100075c8       0x9c CMakeFiles/pico_w_monitor.dir/C_/Users/joser/.pico-sdk/sdk/2.1.0/lib/tinyusb/src/common/tusb_fifo.c.obj
                0x100075c8                tu_fifo_read
 .text.tu_fifo_read_n
                0x10007664       0xe8 CMakeFiles/pico_w_monitor.dir/C_/Users/joser/.pico-sdk/sdk/2.1.0/lib/tinyusb/src/common/tusb_fifo.c.obj
                0x10007664                tu_fifo_read_n
 .text.tu_fifo_write
                0x1000774c       0xa8 CMakeFiles/pico_w_monitor.dir/C_/Users/joser/.pico-sdk/sdk/2.1.0/lib/tinyusb/src/common/tusb_fifo.c.obj
                0x1000774c                tu_fifo_write
 .text.tu_fifo_write_n
                0x100077f4      0x178 CMakeFiles/pico_w_monitor.dir/C_/Users/joser/.pico-sdk/sdk/2.1.0/lib/tinyusb/src/common/tusb_fifo.c.obj
                0x100077f4                tu_fifo_write_n
 .text.tu_fifo_clear
                0x1000796c       0x40 CMakeFiles/pico_w_monitor.dir/C_/Users/joser/.pico-sdk/sdk/2.1.0/lib/tinyusb/src/common/tusb_fifo.c.obj
                0x1000796c                tu_fifo_clear
 .text.tu_fifo_set_overwritable
                0x100079ac       0x48 CMakeFiles/pico_w_monitor.dir/C_/Users/joser/.pico-sdk/sdk/2.1.0/lib/tinyusb/src/common/tusb_fifo.c.obj
                0x100079ac                tu_fifo_set_overwritable
 .text.lwip_timeout_reached
                0x100079f4        0x8 CMakeFiles/pico_w_monitor.dir/C_/Users/joser/.pico-sdk/sdk/2.1.0/src/rp2_common/pico_lwip/lwip_nosys.c.obj
 .text.update_next_timeout
                0x100079fc       0x60 CMakeFiles/pico_w_monitor.dir/C_/Users/joser/.pico-sdk/sdk/2.1.0/src/rp2_common/pico_lwip/lwip_nosys.c.obj
 .text.lwip_nosys_init
                0x10007a5c       0x30 CMakeFiles/pico_w_monitor.dir/C_/Users/joser/.pico-sdk/sdk/2.1.0/src/rp2_common/pico_lwip/lwip_nosys.c.obj
                0x10007a5c                lwip_nosys_init
 .text.lwip_nosys_deinit
                0x10007a8c       0x20 CMakeFiles/pico_w_monitor.dir/C_/Users/joser/.pico-sdk/sdk/2.1.0/src/rp2_common/pico_lwip/lwip_nosys.c.obj
                0x10007a8c                lwip_nosys_deinit
 .text.sys_arch_protect
                0x10007aac        0x4 CMakeFiles/pico_w_monitor.dir/C_/Users/joser/.pico-sdk/sdk/2.1.0/src/rp2_common/pico_lwip/lwip_nosys.c.obj
                0x10007aac                sys_arch_protect
 .text.sys_arch_unprotect
                0x10007ab0        0x4 CMakeFiles/pico_w_monitor.dir/C_/Users/joser/.pico-sdk/sdk/2.1.0/src/rp2_common/pico_lwip/lwip_nosys.c.obj
                0x10007ab0                sys_arch_unprotect
 .text.sys_now  0x10007ab4       0x20 CMakeFiles/pico_w_monitor.dir/C_/Users/joser/.pico-sdk/sdk/2.1.0/src/rp2_common/pico_lwip/lwip_nosys.c.obj
                0x10007ab4                sys_now
 .text.async_context_base_add_at_time_worker
                0x10007ad4       0x24 CMakeFiles/pico_w_monitor.dir/C_/Users/joser/.pico-sdk/sdk/2.1.0/src/rp2_common/pico_async_context/async_context_base.c.obj
                0x10007ad4                async_context_base_add_at_time_worker
 .text.async_context_base_remove_at_time_worker
                0x10007af8       0x28 CMakeFiles/pico_w_monitor.dir/C_/Users/joser/.pico-sdk/sdk/2.1.0/src/rp2_common/pico_async_context/async_context_base.c.obj
                0x10007af8                async_context_base_remove_at_time_worker
 .text.async_context_base_add_when_pending_worker
                0x10007b20       0x24 CMakeFiles/pico_w_monitor.dir/C_/Users/joser/.pico-sdk/sdk/2.1.0/src/rp2_common/pico_async_context/async_context_base.c.obj
                0x10007b20                async_context_base_add_when_pending_worker
 .text.async_context_base_remove_when_pending_worker
                0x10007b44       0x28 CMakeFiles/pico_w_monitor.dir/C_/Users/joser/.pico-sdk/sdk/2.1.0/src/rp2_common/pico_async_context/async_context_base.c.obj
                0x10007b44                async_context_base_remove_when_pending_worker
 .text.async_context_base_execute_once
                0x10007b6c      0x108 CMakeFiles/pico_w_monitor.dir/C_/Users/joser/.pico-sdk/sdk/2.1.0/src/rp2_common/pico_async_context/async_context_base.c.obj
                0x10007b6c                async_context_base_execute_once
 .text.splitmix64
                0x10007c74       0x58 CMakeFiles/pico_w_monitor.dir/C_/Users/joser/.pico-sdk/sdk/2.1.0/src/rp2_common/pico_rand/rand.c.obj
 .text.xoroshiro128ss
                0x10007ccc       0x90 CMakeFiles/pico_w_monitor.dir/C_/Users/joser/.pico-sdk/sdk/2.1.0/src/rp2_common/pico_rand/rand.c.obj
 .text.get_rand_64
                0x10007d5c      0x4a4 CMakeFiles/pico_w_monitor.dir/C_/Users/joser/.pico-sdk/sdk/2.1.0/src/rp2_common/pico_rand/rand.c.obj
                0x10007d5c                get_rand_64
 .text.get_rand_32
                0x10008200        0x8 CMakeFiles/pico_w_monitor.dir/C_/Users/joser/.pico-sdk/sdk/2.1.0/src/rp2_common/pico_rand/rand.c.obj
                0x10008200                get_rand_32
 .text.lwip_init
                0x10008208       0x24 CMakeFiles/pico_w_monitor.dir/C_/Users/joser/.pico-sdk/sdk/2.1.0/lib/lwip/src/core/init.c.obj
                0x10008208                lwip_init
 .text.lwip_htons
                0x1000822c        0x8 CMakeFiles/pico_w_monitor.dir/C_/Users/joser/.pico-sdk/sdk/2.1.0/lib/lwip/src/core/def.c.obj
                0x1000822c                lwip_htons
 .text.lwip_htonl
                0x10008234        0x4 CMakeFiles/pico_w_monitor.dir/C_/Users/joser/.pico-sdk/sdk/2.1.0/lib/lwip/src/core/def.c.obj
                0x10008234                lwip_htonl
 .text.dns_call_found
                0x10008238      0x184 CMakeFiles/pico_w_monitor.dir/C_/Users/joser/.pico-sdk/sdk/2.1.0/lib/lwip/src/core/dns.c.obj
 .text.dns_send.isra.0
                0x100083bc      0x174 CMakeFiles/pico_w_monitor.dir/C_/Users/joser/.pico-sdk/sdk/2.1.0/lib/lwip/src/core/dns.c.obj
 .text.dns_init
                0x10008530        0x4 CMakeFiles/pico_w_monitor.dir/C_/Users/joser/.pico-sdk/sdk/2.1.0/lib/lwip/src/core/dns.c.obj
                0x10008530                dns_init
 .text.dns_setserver
                0x10008534       0x24 CMakeFiles/pico_w_monitor.dir/C_/Users/joser/.pico-sdk/sdk/2.1.0/lib/lwip/src/core/dns.c.obj
                0x10008534                dns_setserver
 .text.dns_tmr  0x10008558      0x140 CMakeFiles/pico_w_monitor.dir/C_/Users/joser/.pico-sdk/sdk/2.1.0/lib/lwip/src/core/dns.c.obj
                0x10008558                dns_tmr
 .text.lwip_standard_chksum
                0x10008698       0xdc CMakeFiles/pico_w_monitor.dir/C_/Users/joser/.pico-sdk/sdk/2.1.0/lib/lwip/src/core/inet_chksum.c.obj
                0x10008698                lwip_standard_chksum
 .text.inet_chksum_pseudo
                0x10008774       0xbc CMakeFiles/pico_w_monitor.dir/C_/Users/joser/.pico-sdk/sdk/2.1.0/lib/lwip/src/core/inet_chksum.c.obj
                0x10008774                inet_chksum_pseudo
 .text.ip_chksum_pseudo
                0x10008830       0x10 CMakeFiles/pico_w_monitor.dir/C_/Users/joser/.pico-sdk/sdk/2.1.0/lib/lwip/src/core/inet_chksum.c.obj
                0x10008830                ip_chksum_pseudo
 .text.inet_chksum
                0x10008840        0xc CMakeFiles/pico_w_monitor.dir/C_/Users/joser/.pico-sdk/sdk/2.1.0/lib/lwip/src/core/inet_chksum.c.obj
                0x10008840                inet_chksum
 .text.inet_chksum_pbuf
                0x1000884c       0x78 CMakeFiles/pico_w_monitor.dir/C_/Users/joser/.pico-sdk/sdk/2.1.0/lib/lwip/src/core/inet_chksum.c.obj
                0x1000884c                inet_chksum_pbuf
 .text.mem_init
                0x100088c4       0x3c CMakeFiles/pico_w_monitor.dir/C_/Users/joser/.pico-sdk/sdk/2.1.0/lib/lwip/src/core/mem.c.obj
                0x100088c4                mem_init
 .text.mem_free
                0x10008900      0x130 CMakeFiles/pico_w_monitor.dir/C_/Users/joser/.pico-sdk/sdk/2.1.0/lib/lwip/src/core/mem.c.obj
                0x10008900                mem_free
 .text.mem_trim
                0x10008a30      0x104 CMakeFiles/pico_w_monitor.dir/C_/Users/joser/.pico-sdk/sdk/2.1.0/lib/lwip/src/core/mem.c.obj
                0x10008a30                mem_trim
 .text.mem_malloc
                0x10008b34      0x124 CMakeFiles/pico_w_monitor.dir/C_/Users/joser/.pico-sdk/sdk/2.1.0/lib/lwip/src/core/mem.c.obj
                0x10008b34                mem_malloc
 .text.memp_init
                0x10008c58       0x6c CMakeFiles/pico_w_monitor.dir/C_/Users/joser/.pico-sdk/sdk/2.1.0/lib/lwip/src/core/memp.c.obj
                0x10008c58                memp_init
 .text.memp_malloc
                0x10008cc4       0x40 CMakeFiles/pico_w_monitor.dir/C_/Users/joser/.pico-sdk/sdk/2.1.0/lib/lwip/src/core/memp.c.obj
                0x10008cc4                memp_malloc
 .text.memp_free
                0x10008d04       0x38 CMakeFiles/pico_w_monitor.dir/C_/Users/joser/.pico-sdk/sdk/2.1.0/lib/lwip/src/core/memp.c.obj
                0x10008d04                memp_free
 .text.netif_null_output_ip4
                0x10008d3c        0x8 CMakeFiles/pico_w_monitor.dir/C_/Users/joser/.pico-sdk/sdk/2.1.0/lib/lwip/src/core/netif.c.obj
 .text.netif_do_set_ipaddr.isra.0
                0x10008d44       0x60 CMakeFiles/pico_w_monitor.dir/C_/Users/joser/.pico-sdk/sdk/2.1.0/lib/lwip/src/core/netif.c.obj
 .text.netif_init
                0x10008da4        0x4 CMakeFiles/pico_w_monitor.dir/C_/Users/joser/.pico-sdk/sdk/2.1.0/lib/lwip/src/core/netif.c.obj
                0x10008da4                netif_init
 .text.netif_add
                0x10008da8      0x16c CMakeFiles/pico_w_monitor.dir/C_/Users/joser/.pico-sdk/sdk/2.1.0/lib/lwip/src/core/netif.c.obj
                0x10008da8                netif_add
 .text.netif_set_addr
                0x10008f14       0xb4 CMakeFiles/pico_w_monitor.dir/C_/Users/joser/.pico-sdk/sdk/2.1.0/lib/lwip/src/core/netif.c.obj
                0x10008f14                netif_set_addr
 .text.netif_remove
                0x10008fc8       0x94 CMakeFiles/pico_w_monitor.dir/C_/Users/joser/.pico-sdk/sdk/2.1.0/lib/lwip/src/core/netif.c.obj
                0x10008fc8                netif_remove
 .text.netif_set_default
                0x1000905c        0xc CMakeFiles/pico_w_monitor.dir/C_/Users/joser/.pico-sdk/sdk/2.1.0/lib/lwip/src/core/netif.c.obj
                0x1000905c                netif_set_default
 .text.netif_set_up
                0x10009068       0x40 CMakeFiles/pico_w_monitor.dir/C_/Users/joser/.pico-sdk/sdk/2.1.0/lib/lwip/src/core/netif.c.obj
                0x10009068                netif_set_up
 .text.netif_set_link_up
                0x100090a8       0x44 CMakeFiles/pico_w_monitor.dir/C_/Users/joser/.pico-sdk/sdk/2.1.0/lib/lwip/src/core/netif.c.obj
                0x100090a8                netif_set_link_up
 .text.netif_set_link_down
                0x100090ec       0x20 CMakeFiles/pico_w_monitor.dir/C_/Users/joser/.pico-sdk/sdk/2.1.0/lib/lwip/src/core/netif.c.obj
                0x100090ec                netif_set_link_down
 .text.netif_get_by_index
                0x1000910c       0x2c CMakeFiles/pico_w_monitor.dir/C_/Users/joser/.pico-sdk/sdk/2.1.0/lib/lwip/src/core/netif.c.obj
                0x1000910c                netif_get_by_index
 .text.pbuf_free.part.0
                0x10009138       0x7c CMakeFiles/pico_w_monitor.dir/C_/Users/joser/.pico-sdk/sdk/2.1.0/lib/lwip/src/core/pbuf.c.obj
 .text.pbuf_free_ooseq
                0x100091b4       0x34 CMakeFiles/pico_w_monitor.dir/C_/Users/joser/.pico-sdk/sdk/2.1.0/lib/lwip/src/core/pbuf.c.obj
                0x100091b4                pbuf_free_ooseq
 .text.pbuf_alloc
                0x100091e8      0x134 CMakeFiles/pico_w_monitor.dir/C_/Users/joser/.pico-sdk/sdk/2.1.0/lib/lwip/src/core/pbuf.c.obj
                0x100091e8                pbuf_alloc
 .text.pbuf_realloc
                0x1000931c       0x84 CMakeFiles/pico_w_monitor.dir/C_/Users/joser/.pico-sdk/sdk/2.1.0/lib/lwip/src/core/pbuf.c.obj
                0x1000931c                pbuf_realloc
 .text.pbuf_add_header
                0x100093a0       0x50 CMakeFiles/pico_w_monitor.dir/C_/Users/joser/.pico-sdk/sdk/2.1.0/lib/lwip/src/core/pbuf.c.obj
                0x100093a0                pbuf_add_header
 .text.pbuf_remove_header
                0x100093f0       0x3c CMakeFiles/pico_w_monitor.dir/C_/Users/joser/.pico-sdk/sdk/2.1.0/lib/lwip/src/core/pbuf.c.obj
                0x100093f0                pbuf_remove_header
 .text.pbuf_header_force
                0x1000942c       0x68 CMakeFiles/pico_w_monitor.dir/C_/Users/joser/.pico-sdk/sdk/2.1.0/lib/lwip/src/core/pbuf.c.obj
                0x1000942c                pbuf_header_force
 .text.pbuf_free
                0x10009494       0x18 CMakeFiles/pico_w_monitor.dir/C_/Users/joser/.pico-sdk/sdk/2.1.0/lib/lwip/src/core/pbuf.c.obj
                0x10009494                pbuf_free
 .text.pbuf_clen
                0x100094ac       0x14 CMakeFiles/pico_w_monitor.dir/C_/Users/joser/.pico-sdk/sdk/2.1.0/lib/lwip/src/core/pbuf.c.obj
                0x100094ac                pbuf_clen
 .text.pbuf_ref
                0x100094c0       0x28 CMakeFiles/pico_w_monitor.dir/C_/Users/joser/.pico-sdk/sdk/2.1.0/lib/lwip/src/core/pbuf.c.obj
                0x100094c0                pbuf_ref
 .text.pbuf_cat
                0x100094e8       0x44 CMakeFiles/pico_w_monitor.dir/C_/Users/joser/.pico-sdk/sdk/2.1.0/lib/lwip/src/core/pbuf.c.obj
                0x100094e8                pbuf_cat
 .text.pbuf_chain
                0x1000952c       0x64 CMakeFiles/pico_w_monitor.dir/C_/Users/joser/.pico-sdk/sdk/2.1.0/lib/lwip/src/core/pbuf.c.obj
                0x1000952c                pbuf_chain
 .text.pbuf_copy_partial_pbuf
                0x10009590      0x148 CMakeFiles/pico_w_monitor.dir/C_/Users/joser/.pico-sdk/sdk/2.1.0/lib/lwip/src/core/pbuf.c.obj
                0x10009590                pbuf_copy_partial_pbuf
 .text.pbuf_copy
                0x100096d8       0x18 CMakeFiles/pico_w_monitor.dir/C_/Users/joser/.pico-sdk/sdk/2.1.0/lib/lwip/src/core/pbuf.c.obj
                0x100096d8                pbuf_copy
 .text.pbuf_copy_partial
                0x100096f0       0x68 CMakeFiles/pico_w_monitor.dir/C_/Users/joser/.pico-sdk/sdk/2.1.0/lib/lwip/src/core/pbuf.c.obj
                0x100096f0                pbuf_copy_partial
 .text.pbuf_take
                0x10009758       0x78 CMakeFiles/pico_w_monitor.dir/C_/Users/joser/.pico-sdk/sdk/2.1.0/lib/lwip/src/core/pbuf.c.obj
                0x10009758                pbuf_take
 .text.pbuf_take_at
                0x100097d0       0xcc CMakeFiles/pico_w_monitor.dir/C_/Users/joser/.pico-sdk/sdk/2.1.0/lib/lwip/src/core/pbuf.c.obj
                0x100097d0                pbuf_take_at
 .text.pbuf_clone
                0x1000989c       0x30 CMakeFiles/pico_w_monitor.dir/C_/Users/joser/.pico-sdk/sdk/2.1.0/lib/lwip/src/core/pbuf.c.obj
                0x1000989c                pbuf_clone
 .text.pbuf_put_at
                0x100098cc       0x1c CMakeFiles/pico_w_monitor.dir/C_/Users/joser/.pico-sdk/sdk/2.1.0/lib/lwip/src/core/pbuf.c.obj
                0x100098cc                pbuf_put_at
 .text.raw_input
                0x100098e8      0x164 CMakeFiles/pico_w_monitor.dir/C_/Users/joser/.pico-sdk/sdk/2.1.0/lib/lwip/src/core/raw.c.obj
                0x100098e8                raw_input
 .text.raw_netif_ip_addr_changed
                0x10009a4c       0x40 CMakeFiles/pico_w_monitor.dir/C_/Users/joser/.pico-sdk/sdk/2.1.0/lib/lwip/src/core/raw.c.obj
                0x10009a4c                raw_netif_ip_addr_changed
 .text.stats_init
                0x10009a8c        0x4 CMakeFiles/pico_w_monitor.dir/C_/Users/joser/.pico-sdk/sdk/2.1.0/lib/lwip/src/core/stats.c.obj
                0x10009a8c                stats_init
 .text.tcp_close_shutdown_fin
                0x10009a90       0x54 CMakeFiles/pico_w_monitor.dir/C_/Users/joser/.pico-sdk/sdk/2.1.0/lib/lwip/src/core/tcp.c.obj
 .text.tcp_pcb_purge.part.0
                0x10009ae4       0xc4 CMakeFiles/pico_w_monitor.dir/C_/Users/joser/.pico-sdk/sdk/2.1.0/lib/lwip/src/core/tcp.c.obj
 .text.tcp_init
                0x10009ba8       0x20 CMakeFiles/pico_w_monitor.dir/C_/Users/joser/.pico-sdk/sdk/2.1.0/lib/lwip/src/core/tcp.c.obj
                0x10009ba8                tcp_init
 .text.tcp_free
                0x10009bc8       0x1c CMakeFiles/pico_w_monitor.dir/C_/Users/joser/.pico-sdk/sdk/2.1.0/lib/lwip/src/core/tcp.c.obj
                0x10009bc8                tcp_free
 .text.tcp_bind
                0x10009be4       0xf4 CMakeFiles/pico_w_monitor.dir/C_/Users/joser/.pico-sdk/sdk/2.1.0/lib/lwip/src/core/tcp.c.obj
                0x10009be4                tcp_bind
 .text.tcp_listen_with_backlog
                0x10009cd8       0x98 CMakeFiles/pico_w_monitor.dir/C_/Users/joser/.pico-sdk/sdk/2.1.0/lib/lwip/src/core/tcp.c.obj
                0x10009cd8                tcp_listen_with_backlog
 .text.tcp_update_rcv_ann_wnd
                0x10009d70       0x58 CMakeFiles/pico_w_monitor.dir/C_/Users/joser/.pico-sdk/sdk/2.1.0/lib/lwip/src/core/tcp.c.obj
                0x10009d70                tcp_update_rcv_ann_wnd
 .text.tcp_recved
                0x10009dc8       0x98 CMakeFiles/pico_w_monitor.dir/C_/Users/joser/.pico-sdk/sdk/2.1.0/lib/lwip/src/core/tcp.c.obj
                0x10009dc8                tcp_recved
 .text.tcp_slowtmr
                0x10009e60      0x524 CMakeFiles/pico_w_monitor.dir/C_/Users/joser/.pico-sdk/sdk/2.1.0/lib/lwip/src/core/tcp.c.obj
                0x10009e60                tcp_slowtmr
 .text.tcp_segs_free
                0x1000a384       0x38 CMakeFiles/pico_w_monitor.dir/C_/Users/joser/.pico-sdk/sdk/2.1.0/lib/lwip/src/core/tcp.c.obj
                0x1000a384                tcp_segs_free
 .text.tcp_seg_free
                0x1000a3bc       0x1c CMakeFiles/pico_w_monitor.dir/C_/Users/joser/.pico-sdk/sdk/2.1.0/lib/lwip/src/core/tcp.c.obj
                0x1000a3bc                tcp_seg_free
 .text.tcp_seg_copy
                0x1000a3d8       0x2c CMakeFiles/pico_w_monitor.dir/C_/Users/joser/.pico-sdk/sdk/2.1.0/lib/lwip/src/core/tcp.c.obj
                0x1000a3d8                tcp_seg_copy
 .text.tcp_recv
                0x1000a404       0x1c CMakeFiles/pico_w_monitor.dir/C_/Users/joser/.pico-sdk/sdk/2.1.0/lib/lwip/src/core/tcp.c.obj
                0x1000a404                tcp_recv
 .text.tcp_accept
                0x1000a420       0x10 CMakeFiles/pico_w_monitor.dir/C_/Users/joser/.pico-sdk/sdk/2.1.0/lib/lwip/src/core/tcp.c.obj
                0x1000a420                tcp_accept
 .text.tcp_pcb_purge
                0x1000a430       0x18 CMakeFiles/pico_w_monitor.dir/C_/Users/joser/.pico-sdk/sdk/2.1.0/lib/lwip/src/core/tcp.c.obj
                0x1000a430                tcp_pcb_purge
 .text.tcp_pcb_remove
                0x1000a448       0xc8 CMakeFiles/pico_w_monitor.dir/C_/Users/joser/.pico-sdk/sdk/2.1.0/lib/lwip/src/core/tcp.c.obj
                0x1000a448                tcp_pcb_remove
 .text.tcp_abandon
                0x1000a510      0x1a0 CMakeFiles/pico_w_monitor.dir/C_/Users/joser/.pico-sdk/sdk/2.1.0/lib/lwip/src/core/tcp.c.obj
                0x1000a510                tcp_abandon
 .text.tcp_abort
                0x1000a6b0        0xc CMakeFiles/pico_w_monitor.dir/C_/Users/joser/.pico-sdk/sdk/2.1.0/lib/lwip/src/core/tcp.c.obj
                0x1000a6b0                tcp_abort
 .text.tcp_accept_null
                0x1000a6bc       0x20 CMakeFiles/pico_w_monitor.dir/C_/Users/joser/.pico-sdk/sdk/2.1.0/lib/lwip/src/core/tcp.c.obj
 .text.tcp_alloc
                0x1000a6dc      0x1d4 CMakeFiles/pico_w_monitor.dir/C_/Users/joser/.pico-sdk/sdk/2.1.0/lib/lwip/src/core/tcp.c.obj
                0x1000a6dc                tcp_alloc
 .text.tcp_new_ip_type
                0x1000a8b0        0xc CMakeFiles/pico_w_monitor.dir/C_/Users/joser/.pico-sdk/sdk/2.1.0/lib/lwip/src/core/tcp.c.obj
                0x1000a8b0                tcp_new_ip_type
 .text.tcp_close_shutdown
                0x1000a8bc      0x188 CMakeFiles/pico_w_monitor.dir/C_/Users/joser/.pico-sdk/sdk/2.1.0/lib/lwip/src/core/tcp.c.obj
 .text.tcp_recv_null
                0x1000aa44       0xcc CMakeFiles/pico_w_monitor.dir/C_/Users/joser/.pico-sdk/sdk/2.1.0/lib/lwip/src/core/tcp.c.obj
                0x1000aa44                tcp_recv_null
 .text.tcp_process_refused_data
                0x1000ab10       0x78 CMakeFiles/pico_w_monitor.dir/C_/Users/joser/.pico-sdk/sdk/2.1.0/lib/lwip/src/core/tcp.c.obj
                0x1000ab10                tcp_process_refused_data
 .text.tcp_fasttmr
                0x1000ab88       0x98 CMakeFiles/pico_w_monitor.dir/C_/Users/joser/.pico-sdk/sdk/2.1.0/lib/lwip/src/core/tcp.c.obj
                0x1000ab88                tcp_fasttmr
 .text.tcp_tmr  0x1000ac20       0x20 CMakeFiles/pico_w_monitor.dir/C_/Users/joser/.pico-sdk/sdk/2.1.0/lib/lwip/src/core/tcp.c.obj
                0x1000ac20                tcp_tmr
 .text.tcp_close
                0x1000ac40      0x170 CMakeFiles/pico_w_monitor.dir/C_/Users/joser/.pico-sdk/sdk/2.1.0/lib/lwip/src/core/tcp.c.obj
                0x1000ac40                tcp_close
 .text.tcp_next_iss
                0x1000adb0       0x28 CMakeFiles/pico_w_monitor.dir/C_/Users/joser/.pico-sdk/sdk/2.1.0/lib/lwip/src/core/tcp.c.obj
                0x1000adb0                tcp_next_iss
 .text.tcp_eff_send_mss_netif
                0x1000add8       0x34 CMakeFiles/pico_w_monitor.dir/C_/Users/joser/.pico-sdk/sdk/2.1.0/lib/lwip/src/core/tcp.c.obj
                0x1000add8                tcp_eff_send_mss_netif
 .text.tcp_netif_ip_addr_changed
                0x1000ae0c       0x94 CMakeFiles/pico_w_monitor.dir/C_/Users/joser/.pico-sdk/sdk/2.1.0/lib/lwip/src/core/tcp.c.obj
                0x1000ae0c                tcp_netif_ip_addr_changed
 .text.tcp_free_ooseq
                0x1000aea0       0x40 CMakeFiles/pico_w_monitor.dir/C_/Users/joser/.pico-sdk/sdk/2.1.0/lib/lwip/src/core/tcp.c.obj
                0x1000aea0                tcp_free_ooseq
 .text.tcp_parseopt
                0x1000aee0      0x1bc CMakeFiles/pico_w_monitor.dir/C_/Users/joser/.pico-sdk/sdk/2.1.0/lib/lwip/src/core/tcp_in.c.obj
 .text.tcp_oos_insert_segment
                0x1000b09c       0xdc CMakeFiles/pico_w_monitor.dir/C_/Users/joser/.pico-sdk/sdk/2.1.0/lib/lwip/src/core/tcp_in.c.obj
 .text.tcp_free_acked_segments.isra.0
                0x1000b178       0xdc CMakeFiles/pico_w_monitor.dir/C_/Users/joser/.pico-sdk/sdk/2.1.0/lib/lwip/src/core/tcp_in.c.obj
 .text.tcp_receive
                0x1000b254      0xa00 CMakeFiles/pico_w_monitor.dir/C_/Users/joser/.pico-sdk/sdk/2.1.0/lib/lwip/src/core/tcp_in.c.obj
 .text.tcp_input
                0x1000bc54      0xe54 CMakeFiles/pico_w_monitor.dir/C_/Users/joser/.pico-sdk/sdk/2.1.0/lib/lwip/src/core/tcp_in.c.obj
                0x1000bc54                tcp_input
 .text.tcp_trigger_input_pcb_close
                0x1000caa8       0x10 CMakeFiles/pico_w_monitor.dir/C_/Users/joser/.pico-sdk/sdk/2.1.0/lib/lwip/src/core/tcp_in.c.obj
                0x1000caa8                tcp_trigger_input_pcb_close
 .text.tcp_create_segment
                0x1000cab8       0xf8 CMakeFiles/pico_w_monitor.dir/C_/Users/joser/.pico-sdk/sdk/2.1.0/lib/lwip/src/core/tcp_out.c.obj
 .text.tcp_output_control_segment
                0x1000cbb0       0xc0 CMakeFiles/pico_w_monitor.dir/C_/Users/joser/.pico-sdk/sdk/2.1.0/lib/lwip/src/core/tcp_out.c.obj
 .text.tcp_output_alloc_header.constprop.0
                0x1000cc70       0xc8 CMakeFiles/pico_w_monitor.dir/C_/Users/joser/.pico-sdk/sdk/2.1.0/lib/lwip/src/core/tcp_out.c.obj
 .text.tcp_write
                0x1000cd38      0x468 CMakeFiles/pico_w_monitor.dir/C_/Users/joser/.pico-sdk/sdk/2.1.0/lib/lwip/src/core/tcp_out.c.obj
                0x1000cd38                tcp_write
 .text.tcp_split_unsent_seg
                0x1000d1a0      0x1b4 CMakeFiles/pico_w_monitor.dir/C_/Users/joser/.pico-sdk/sdk/2.1.0/lib/lwip/src/core/tcp_out.c.obj
                0x1000d1a0                tcp_split_unsent_seg
 .text.tcp_send_fin
                0x1000d354      0x118 CMakeFiles/pico_w_monitor.dir/C_/Users/joser/.pico-sdk/sdk/2.1.0/lib/lwip/src/core/tcp_out.c.obj
                0x1000d354                tcp_send_fin
 .text.tcp_enqueue_flags
                0x1000d46c      0x108 CMakeFiles/pico_w_monitor.dir/C_/Users/joser/.pico-sdk/sdk/2.1.0/lib/lwip/src/core/tcp_out.c.obj
                0x1000d46c                tcp_enqueue_flags
 .text.tcp_rexmit_rto_prepare
                0x1000d574       0x9c CMakeFiles/pico_w_monitor.dir/C_/Users/joser/.pico-sdk/sdk/2.1.0/lib/lwip/src/core/tcp_out.c.obj
                0x1000d574                tcp_rexmit_rto_prepare
 .text.tcp_rexmit
                0x1000d610       0x9c CMakeFiles/pico_w_monitor.dir/C_/Users/joser/.pico-sdk/sdk/2.1.0/lib/lwip/src/core/tcp_out.c.obj
                0x1000d610                tcp_rexmit
 .text.tcp_rexmit_fast
                0x1000d6ac       0x64 CMakeFiles/pico_w_monitor.dir/C_/Users/joser/.pico-sdk/sdk/2.1.0/lib/lwip/src/core/tcp_out.c.obj
                0x1000d6ac                tcp_rexmit_fast
 .text.tcp_rst  0x1000d710       0xe8 CMakeFiles/pico_w_monitor.dir/C_/Users/joser/.pico-sdk/sdk/2.1.0/lib/lwip/src/core/tcp_out.c.obj
                0x1000d710                tcp_rst
 .text.tcp_rst_netif
                0x1000d7f8      0x130 CMakeFiles/pico_w_monitor.dir/C_/Users/joser/.pico-sdk/sdk/2.1.0/lib/lwip/src/core/tcp_out.c.obj
                0x1000d7f8                tcp_rst_netif
 .text.tcp_send_empty_ack
                0x1000d928       0x4c CMakeFiles/pico_w_monitor.dir/C_/Users/joser/.pico-sdk/sdk/2.1.0/lib/lwip/src/core/tcp_out.c.obj
                0x1000d928                tcp_send_empty_ack
 .text.tcp_output
                0x1000d974      0x454 CMakeFiles/pico_w_monitor.dir/C_/Users/joser/.pico-sdk/sdk/2.1.0/lib/lwip/src/core/tcp_out.c.obj
                0x1000d974                tcp_output
 .text.tcp_rexmit_rto_commit
                0x1000ddc8       0x24 CMakeFiles/pico_w_monitor.dir/C_/Users/joser/.pico-sdk/sdk/2.1.0/lib/lwip/src/core/tcp_out.c.obj
                0x1000ddc8                tcp_rexmit_rto_commit
 .text.tcp_rexmit_rto
                0x1000ddec       0xa4 CMakeFiles/pico_w_monitor.dir/C_/Users/joser/.pico-sdk/sdk/2.1.0/lib/lwip/src/core/tcp_out.c.obj
                0x1000ddec                tcp_rexmit_rto
 .text.tcp_keepalive
                0x1000de90       0xdc CMakeFiles/pico_w_monitor.dir/C_/Users/joser/.pico-sdk/sdk/2.1.0/lib/lwip/src/core/tcp_out.c.obj
                0x1000de90                tcp_keepalive
 .text.tcp_zero_window_probe
                0x1000df6c      0x110 CMakeFiles/pico_w_monitor.dir/C_/Users/joser/.pico-sdk/sdk/2.1.0/lib/lwip/src/core/tcp_out.c.obj
                0x1000df6c                tcp_zero_window_probe
 .text.tcpip_tcp_timer
                0x1000e07c       0x78 CMakeFiles/pico_w_monitor.dir/C_/Users/joser/.pico-sdk/sdk/2.1.0/lib/lwip/src/core/timeouts.c.obj
 .text.lwip_cyclic_timer
                0x1000e0f4       0x98 CMakeFiles/pico_w_monitor.dir/C_/Users/joser/.pico-sdk/sdk/2.1.0/lib/lwip/src/core/timeouts.c.obj
 .text.tcp_timer_needed
                0x1000e18c       0x7c CMakeFiles/pico_w_monitor.dir/C_/Users/joser/.pico-sdk/sdk/2.1.0/lib/lwip/src/core/timeouts.c.obj
                0x1000e18c                tcp_timer_needed
 .text.sys_timeouts_init
                0x1000e208       0x8c CMakeFiles/pico_w_monitor.dir/C_/Users/joser/.pico-sdk/sdk/2.1.0/lib/lwip/src/core/timeouts.c.obj
                0x1000e208                sys_timeouts_init
 .text.sys_check_timeouts
                0x1000e294       0x68 CMakeFiles/pico_w_monitor.dir/C_/Users/joser/.pico-sdk/sdk/2.1.0/lib/lwip/src/core/timeouts.c.obj
                0x1000e294                sys_check_timeouts
 .text.sys_timeouts_sleeptime
                0x1000e2fc       0x28 CMakeFiles/pico_w_monitor.dir/C_/Users/joser/.pico-sdk/sdk/2.1.0/lib/lwip/src/core/timeouts.c.obj
                0x1000e2fc                sys_timeouts_sleeptime
 .text.udp_init
                0x1000e324       0x20 CMakeFiles/pico_w_monitor.dir/C_/Users/joser/.pico-sdk/sdk/2.1.0/lib/lwip/src/core/udp.c.obj
                0x1000e324                udp_init
 .text.udp_input
                0x1000e344      0x320 CMakeFiles/pico_w_monitor.dir/C_/Users/joser/.pico-sdk/sdk/2.1.0/lib/lwip/src/core/udp.c.obj
                0x1000e344                udp_input
 .text.udp_bind
                0x1000e664      0x118 CMakeFiles/pico_w_monitor.dir/C_/Users/joser/.pico-sdk/sdk/2.1.0/lib/lwip/src/core/udp.c.obj
                0x1000e664                udp_bind
 .text.udp_sendto_if_src
                0x1000e77c      0x130 CMakeFiles/pico_w_monitor.dir/C_/Users/joser/.pico-sdk/sdk/2.1.0/lib/lwip/src/core/udp.c.obj
                0x1000e77c                udp_sendto_if_src
 .text.udp_sendto_if
                0x1000e8ac       0x48 CMakeFiles/pico_w_monitor.dir/C_/Users/joser/.pico-sdk/sdk/2.1.0/lib/lwip/src/core/udp.c.obj
                0x1000e8ac                udp_sendto_if
 .text.udp_sendto
                0x1000e8f4       0x78 CMakeFiles/pico_w_monitor.dir/C_/Users/joser/.pico-sdk/sdk/2.1.0/lib/lwip/src/core/udp.c.obj
                0x1000e8f4                udp_sendto
 .text.udp_connect
                0x1000e96c       0x60 CMakeFiles/pico_w_monitor.dir/C_/Users/joser/.pico-sdk/sdk/2.1.0/lib/lwip/src/core/udp.c.obj
                0x1000e96c                udp_connect
 .text.udp_recv
                0x1000e9cc        0xc CMakeFiles/pico_w_monitor.dir/C_/Users/joser/.pico-sdk/sdk/2.1.0/lib/lwip/src/core/udp.c.obj
                0x1000e9cc                udp_recv
 .text.udp_remove
                0x1000e9d8       0x3c CMakeFiles/pico_w_monitor.dir/C_/Users/joser/.pico-sdk/sdk/2.1.0/lib/lwip/src/core/udp.c.obj
                0x1000e9d8                udp_remove
 .text.udp_new  0x1000ea14       0x1c CMakeFiles/pico_w_monitor.dir/C_/Users/joser/.pico-sdk/sdk/2.1.0/lib/lwip/src/core/udp.c.obj
                0x1000ea14                udp_new
 .text.udp_netif_ip_addr_changed
                0x1000ea30       0x40 CMakeFiles/pico_w_monitor.dir/C_/Users/joser/.pico-sdk/sdk/2.1.0/lib/lwip/src/core/udp.c.obj
                0x1000ea30                udp_netif_ip_addr_changed
 .text.dhcp_create_msg
                0x1000ea70      0x164 CMakeFiles/pico_w_monitor.dir/C_/Users/joser/.pico-sdk/sdk/2.1.0/lib/lwip/src/core/ipv4/dhcp.c.obj
 .text.dhcp_inc_pcb_refcount
                0x1000ebd4       0x6c CMakeFiles/pico_w_monitor.dir/C_/Users/joser/.pico-sdk/sdk/2.1.0/lib/lwip/src/core/ipv4/dhcp.c.obj
 .text.dhcp_bind
                0x1000ec40      0x138 CMakeFiles/pico_w_monitor.dir/C_/Users/joser/.pico-sdk/sdk/2.1.0/lib/lwip/src/core/ipv4/dhcp.c.obj
 .text.dhcp_option_hostname.isra.0
                0x1000ed78       0x84 CMakeFiles/pico_w_monitor.dir/C_/Users/joser/.pico-sdk/sdk/2.1.0/lib/lwip/src/core/ipv4/dhcp.c.obj
 .text.dhcp_handle_ack.isra.0
                0x1000edfc       0xcc CMakeFiles/pico_w_monitor.dir/C_/Users/joser/.pico-sdk/sdk/2.1.0/lib/lwip/src/core/ipv4/dhcp.c.obj
 .text.dhcp_reboot.isra.0
                0x1000eec8      0x178 CMakeFiles/pico_w_monitor.dir/C_/Users/joser/.pico-sdk/sdk/2.1.0/lib/lwip/src/core/ipv4/dhcp.c.obj
 .text.dhcp_discover
                0x1000f040      0x140 CMakeFiles/pico_w_monitor.dir/C_/Users/joser/.pico-sdk/sdk/2.1.0/lib/lwip/src/core/ipv4/dhcp.c.obj
 .text.dhcp_select.isra.0
                0x1000f180      0x1e0 CMakeFiles/pico_w_monitor.dir/C_/Users/joser/.pico-sdk/sdk/2.1.0/lib/lwip/src/core/ipv4/dhcp.c.obj
 .text.dhcp_recv
                0x1000f360      0x47c CMakeFiles/pico_w_monitor.dir/C_/Users/joser/.pico-sdk/sdk/2.1.0/lib/lwip/src/core/ipv4/dhcp.c.obj
 .text.dhcp_set_struct
                0x1000f7dc       0x44 CMakeFiles/pico_w_monitor.dir/C_/Users/joser/.pico-sdk/sdk/2.1.0/lib/lwip/src/core/ipv4/dhcp.c.obj
                0x1000f7dc                dhcp_set_struct
 .text.dhcp_network_changed_link_up
                0x1000f820       0x40 CMakeFiles/pico_w_monitor.dir/C_/Users/joser/.pico-sdk/sdk/2.1.0/lib/lwip/src/core/ipv4/dhcp.c.obj
                0x1000f820                dhcp_network_changed_link_up
 .text.dhcp_renew
                0x1000f860      0x138 CMakeFiles/pico_w_monitor.dir/C_/Users/joser/.pico-sdk/sdk/2.1.0/lib/lwip/src/core/ipv4/dhcp.c.obj
                0x1000f860                dhcp_renew
 .text.dhcp_release_and_stop
                0x1000f998      0x158 CMakeFiles/pico_w_monitor.dir/C_/Users/joser/.pico-sdk/sdk/2.1.0/lib/lwip/src/core/ipv4/dhcp.c.obj
                0x1000f998                dhcp_release_and_stop
 .text.dhcp_start
                0x1000faf0       0xb0 CMakeFiles/pico_w_monitor.dir/C_/Users/joser/.pico-sdk/sdk/2.1.0/lib/lwip/src/core/ipv4/dhcp.c.obj
                0x1000faf0                dhcp_start
 .text.dhcp_coarse_tmr
                0x1000fba0      0x1d8 CMakeFiles/pico_w_monitor.dir/C_/Users/joser/.pico-sdk/sdk/2.1.0/lib/lwip/src/core/ipv4/dhcp.c.obj
                0x1000fba0                dhcp_coarse_tmr
 .text.dhcp_fine_tmr
                0x1000fd78       0x78 CMakeFiles/pico_w_monitor.dir/C_/Users/joser/.pico-sdk/sdk/2.1.0/lib/lwip/src/core/ipv4/dhcp.c.obj
                0x1000fd78                dhcp_fine_tmr
 .text.dhcp_stop
                0x1000fdf0      0x158 CMakeFiles/pico_w_monitor.dir/C_/Users/joser/.pico-sdk/sdk/2.1.0/lib/lwip/src/core/ipv4/dhcp.c.obj
                0x1000fdf0                dhcp_stop
 .text.etharp_find_entry
                0x1000ff48      0x3c0 CMakeFiles/pico_w_monitor.dir/C_/Users/joser/.pico-sdk/sdk/2.1.0/lib/lwip/src/core/ipv4/etharp.c.obj
 .text.etharp_raw
                0x10010308       0xec CMakeFiles/pico_w_monitor.dir/C_/Users/joser/.pico-sdk/sdk/2.1.0/lib/lwip/src/core/ipv4/etharp.c.obj
 .text.etharp_output_to_arp_index
                0x100103f4       0xd0 CMakeFiles/pico_w_monitor.dir/C_/Users/joser/.pico-sdk/sdk/2.1.0/lib/lwip/src/core/ipv4/etharp.c.obj
 .text.etharp_tmr
                0x100104c4       0x94 CMakeFiles/pico_w_monitor.dir/C_/Users/joser/.pico-sdk/sdk/2.1.0/lib/lwip/src/core/ipv4/etharp.c.obj
                0x100104c4                etharp_tmr
 .text.etharp_cleanup_netif
                0x10010558      0x188 CMakeFiles/pico_w_monitor.dir/C_/Users/joser/.pico-sdk/sdk/2.1.0/lib/lwip/src/core/ipv4/etharp.c.obj
                0x10010558                etharp_cleanup_netif
 .text.etharp_input
                0x100106e0      0x1b8 CMakeFiles/pico_w_monitor.dir/C_/Users/joser/.pico-sdk/sdk/2.1.0/lib/lwip/src/core/ipv4/etharp.c.obj
                0x100106e0                etharp_input
 .text.etharp_query
                0x10010898      0x1b8 CMakeFiles/pico_w_monitor.dir/C_/Users/joser/.pico-sdk/sdk/2.1.0/lib/lwip/src/core/ipv4/etharp.c.obj
                0x10010898                etharp_query
 .text.etharp_output
                0x10010a50      0x24c CMakeFiles/pico_w_monitor.dir/C_/Users/joser/.pico-sdk/sdk/2.1.0/lib/lwip/src/core/ipv4/etharp.c.obj
                0x10010a50                etharp_output
 .text.etharp_request
                0x10010c9c       0x2c CMakeFiles/pico_w_monitor.dir/C_/Users/joser/.pico-sdk/sdk/2.1.0/lib/lwip/src/core/ipv4/etharp.c.obj
                0x10010c9c                etharp_request
 .text.icmp_input
                0x10010cc8      0x1ec CMakeFiles/pico_w_monitor.dir/C_/Users/joser/.pico-sdk/sdk/2.1.0/lib/lwip/src/core/ipv4/icmp.c.obj
                0x10010cc8                icmp_input
 .text.icmp_dest_unreach
                0x10010eb4       0xcc CMakeFiles/pico_w_monitor.dir/C_/Users/joser/.pico-sdk/sdk/2.1.0/lib/lwip/src/core/ipv4/icmp.c.obj
                0x10010eb4                icmp_dest_unreach
 .text.icmp_time_exceeded
                0x10010f80       0xcc CMakeFiles/pico_w_monitor.dir/C_/Users/joser/.pico-sdk/sdk/2.1.0/lib/lwip/src/core/ipv4/icmp.c.obj
                0x10010f80                icmp_time_exceeded
 .text.ip_reass_free_complete_datagram