Archive member included to satisfy reference by file (symbol)

C:/Users/diego/.pico-sdk/toolchain/13_3_Rel1/bin/../lib/gcc/arm-none-eabi/13.3.1/thumb/v6-m/nofp\libgcc.a(_dvmd_tls.o)
                              CMakeFiles/SistemaComPIRSerial.dir/C_/Users/diego/.pico-sdk/sdk/2.1.0/src/rp2_common/pico_divider/divider_hardware.S.obj (__aeabi_idiv0)
C:/Users/diego/.pico-sdk/toolchain/13_3_Rel1/bin/../lib/gcc/arm-none-eabi/13.3.1/thumb/v6-m/nofp\libg.a(libc_a-atoi.o)
                              CMakeFiles/SistemaComPIRSerial.dir/C_/Users/diego/.pico-sdk/sdk/2.1.0/lib/lwip/src/core/netif.c.obj (atoi)
C:/Users/diego/.pico-sdk/toolchain/13_3_Rel1/bin/../lib/gcc/arm-none-eabi/13.3.1/thumb/v6-m/nofp\libg.a(libc_a-calloc.o)
                              CMakeFiles/SistemaComPIRSerial.dir/C_/Users/diego/.pico-sdk/sdk/2.1.0/src/rp2_common/pico_malloc/malloc.c.obj (calloc)
C:/Users/diego/.pico-sdk/toolchain/13_3_Rel1/bin/../lib/gcc/arm-none-eabi/13.3.1/thumb/v6-m/nofp\libg.a(libc_a-callocr.o)
                              C:/Users/diego/.pico-sdk/toolchain/13_3_Rel1/bin/../lib/gcc/arm-none-eabi/13.3.1/thumb/v6-m/nofp\libg.a(libc_a-calloc.o) (_calloc_r)
C:/Users/diego/.pico-sdk/toolchain/13_3_Rel1/bin/../lib/gcc/arm-none-eabi/13.3.1/thumb/v6-m/nofp\libg.a(libc_a-malloc.o)
                              CMakeFiles/SistemaComPIRSerial.dir/C_/Users/diego/.pico-sdk/sdk/2.1.0/src/rp2_common/pico_malloc/malloc.c.obj (malloc)
C:/Users/diego/.pico-sdk/toolchain/13_3_Rel1/bin/../lib/gcc/arm-none-eabi/13.3.1/thumb/v6-m/nofp\libg.a(libc_a-mallocr.o)
                              C:/Users/diego/.pico-sdk/toolchain/13_3_Rel1/bin/../lib/gcc/arm-none-eabi/13.3.1/thumb/v6-m/nofp\libg.a(libc_a-callocr.o) (_malloc_r)
C:/Users/diego/.pico-sdk/toolchain/13_3_Rel1/bin/../lib/gcc/arm-none-eabi/13.3.1/thumb/v6-m/nofp\libg.a(libc_a-mlock.o)
                              C:/Users/diego/.pico-sdk/toolchain/13_3_Rel1/bin/../lib/gcc/arm-none-eabi/13.3.1/thumb/v6-m/nofp\libg.a(libc_a-mallocr.o) (__malloc_lock)
C:/Users/diego/.pico-sdk/toolchain/13_3_Rel1/bin/../lib/gcc/arm-none-eabi/13.3.1/thumb/v6-m/nofp\libg.a(libc_a-realloc.o)
                              CMakeFiles/SistemaComPIRSerial.dir/C_/Users/diego/.pico-sdk/sdk/2.1.0/src/rp2_common/pico_malloc/malloc.c.obj (realloc)
C:/Users/diego/.pico-sdk/toolchain/13_3_Rel1/bin/../lib/gcc/arm-none-eabi/13.3.1/thumb/v6-m/nofp\libg.a(libc_a-reallocr.o)
                              C:/Users/diego/.pico-sdk/toolchain/13_3_Rel1/bin/../lib/gcc/arm-none-eabi/13.3.1/thumb/v6-m/nofp\libg.a(libc_a-realloc.o) (_realloc_r)
C:/Users/diego/.pico-sdk/toolchain/13_3_Rel1/bin/../lib/gcc/arm-none-eabi/13.3.1/thumb/v6-m/nofp\libg.a(libc_a-strtol.o)
                              C:/Users/diego/.pico-sdk/toolchain/13_3_Rel1/bin/../lib/gcc/arm-none-eabi/13.3.1/thumb/v6-m/nofp\libg.a(libc_a-atoi.o) (_strtol_r)
C:/Users/diego/.pico-sdk/toolchain/13_3_Rel1/bin/../lib/gcc/arm-none-eabi/13.3.1/thumb/v6-m/nofp\libg.a(libc_a-ctype_.o)
                              CMakeFiles/SistemaComPIRSerial.dir/C_/Users/diego/.pico-sdk/sdk/2.1.0/lib/lwip/src/core/dns.c.obj (_ctype_)
C:/Users/diego/.pico-sdk/toolchain/13_3_Rel1/bin/../lib/gcc/arm-none-eabi/13.3.1/thumb/v6-m/nofp\libg.a(libc_a-memcmp.o)
                              CMakeFiles/SistemaComPIRSerial.dir/C_/Users/diego/.pico-sdk/sdk/2.1.0/src/rp2_common/pico_atomic/atomic.c.obj (memcmp)
C:/Users/diego/.pico-sdk/toolchain/13_3_Rel1/bin/../lib/gcc/arm-none-eabi/13.3.1/thumb/v6-m/nofp\libg.a(libc_a-memmove.o)
                              CMakeFiles/SistemaComPIRSerial.dir/C_/Users/diego/.pico-sdk/sdk/2.1.0/lib/lwip/src/core/def.c.obj (memmove)
C:/Users/diego/.pico-sdk/toolchain/13_3_Rel1/bin/../lib/gcc/arm-none-eabi/13.3.1/thumb/v6-m/nofp\libg.a(libc_a-strncmp.o)
                              CMakeFiles/SistemaComPIRSerial.dir/C_/Users/diego/.pico-sdk/sdk/2.1.0/lib/lwip/src/core/def.c.obj (strncmp)
C:/Users/diego/.pico-sdk/toolchain/13_3_Rel1/bin/../lib/gcc/arm-none-eabi/13.3.1/thumb/v6-m/nofp\libg.a(libc_a-lcltime_r.o)
                              CMakeFiles/SistemaComPIRSerial.dir/C_/Users/diego/.pico-sdk/sdk/2.1.0/src/common/pico_util/datetime.c.obj (localtime_r)
C:/Users/diego/.pico-sdk/toolchain/13_3_Rel1/bin/../lib/gcc/arm-none-eabi/13.3.1/thumb/v6-m/nofp\libg.a(libc_a-mktime.o)
                              CMakeFiles/SistemaComPIRSerial.dir/C_/Users/diego/.pico-sdk/sdk/2.1.0/src/common/pico_util/datetime.c.obj (mktime)
C:/Users/diego/.pico-sdk/toolchain/13_3_Rel1/bin/../lib/gcc/arm-none-eabi/13.3.1/thumb/v6-m/nofp\libg.a(libc_a-month_lengths.o)
                              C:/Users/diego/.pico-sdk/toolchain/13_3_Rel1/bin/../lib/gcc/arm-none-eabi/13.3.1/thumb/v6-m/nofp\libg.a(libc_a-lcltime_r.o) (__month_lengths)
C:/Users/diego/.pico-sdk/toolchain/13_3_Rel1/bin/../lib/gcc/arm-none-eabi/13.3.1/thumb/v6-m/nofp\libg.a(libc_a-tzcalc_limits.o)
[...]
Memory Configuration

Name             Origin             Length             Attributes
FLASH            0x10000000         0x00200000         xr
RAM              0x20000000         0x00040000         xrw
SCRATCH_X        0x20040000         0x00001000         xrw
SCRATCH_Y        0x20041000         0x00001000         xrw
*default*        0x00000000         0xffffffff

Linker script and memory map

LOAD C:/Users/diego/.pico-sdk/toolchain/13_3_Rel1/bin/../lib/gcc/arm-none-eabi/13.3.1/thumb/v6-m/nofp/crti.o
LOAD C:/Users/diego/.pico-sdk/toolchain/13_3_Rel1/bin/../lib/gcc/arm-none-eabi/13.3.1/thumb/v6-m/nofp/crtbegin.o
LOAD C:/Users/diego/.pico-sdk/toolchain/13_3_Rel1/bin/../lib/gcc/arm-none-eabi/13.3.1/thumb/v6-m/nofp/crt0.o

.flash_begin    0x10000000        0x0
                0x10000000                        __flash_binary_start = .

.boot2          0x10000000      0x100
                0x10000000                        __boot2_start__ = .
 *(.boot2)
 .boot2         0x10000000      0x100 pico-sdk/src/rp2040/boot_stage2/CMakeFiles/bs2_default_library.dir/./bs2_default_padded_checksummed.S.obj
                0x10000100                        __boot2_end__ = .
                0x00000001                        ASSERT (((__boot2_end__ - __boot2_start__) == 0x100), ERROR: Pico second stage bootloader must be 256 bytes in size)

.text           0x10000100    0x15abc
                0x10000100                        __logical_binary_start = .
 *(.vectors)
 .vectors       0x10000100       0xd4 CMakeFiles/SistemaComPIRSerial.dir/C_/Users/diego/.pico-sdk/sdk/2.1.0/src/rp2_common/pico_crt0/crt0.S.obj
                0x10000100                __VECTOR_TABLE
                0x10000100                __vectors
                0x100001c0                isr_invalid
                0x100001c0                __default_isrs_start
                0x100001c2                isr_nmi
                0x100001c4                isr_hardfault
                0x100001c6                isr_svcall
                0x100001c8                isr_pendsv
                0x100001ca                isr_systick
                0x100001cc                isr_irq23
                0x100001cc                isr_irq18
                0x100001cc                isr_irq11
                0x100001cc                isr_irq28
                0x100001cc                isr_irq19
                0x100001cc                isr_irq0
                0x100001cc                isr_irq6
                0x100001cc                isr_irq5
                0x100001cc                isr_irq12
                0x100001cc                isr_irq22
                0x100001cc                isr_irq31
                0x100001cc                isr_irq17
                0x100001cc                isr_irq27
                0x100001cc                isr_irq30
                0x100001cc                isr_irq2
                0x100001cc                isr_irq10
                0x100001cc                isr_irq8
                0x100001cc                isr_irq24
                0x100001cc                isr_irq1
                0x100001cc                isr_irq7
                0x100001cc                isr_irq21
                0x100001cc                isr_irq20
                0x100001cc                isr_irq15
                0x100001cc                isr_irq25
                0x100001cc                isr_irq13
                0x100001cc                __unhandled_user_irq
                0x100001cc                isr_irq4
                0x100001cc                isr_irq16
                0x100001cc                isr_irq29
                0x100001cc                isr_irq26
                0x100001cc                __default_isrs_end
                0x100001cc                isr_irq3
                0x100001cc                isr_irq14
                0x100001cc                isr_irq9
                0x100001d2                unhandled_user_irq_num_in_r0
 *(.binary_info_header)
 .binary_info_header
                0x100001d4       0x14 CMakeFiles/SistemaComPIRSerial.dir/C_/Users/diego/.pico-sdk/sdk/2.1.0/src/rp2_common/pico_crt0/crt0.S.obj
                0x100001e8                        __binary_info_header_end = .
 *(.embedded_block)
                0x100001e8                        __embedded_block_end = .
 *(.reset)
 .reset         0x100001e8       0x9c CMakeFiles/SistemaComPIRSerial.dir/C_/Users/diego/.pico-sdk/sdk/2.1.0/src/rp2_common/pico_crt0/crt0.S.obj
                0x100001e8                _entry_point
 *(.init)
 .init          0x10000284        0x4 C:/Users/diego/.pico-sdk/toolchain/13_3_Rel1/bin/../lib/gcc/arm-none-eabi/13.3.1/thumb/v6-m/nofp/crti.o
                0x10000284                _init
 *(EXCLUDE_FILE(*libm.a: *libc.a:*lib_a-mem*.o *libgcc.a:) .text*)
 .text.register_tm_clones
                0x10000288       0x28 C:/Users/diego/.pico-sdk/toolchain/13_3_Rel1/bin/../lib/gcc/arm-none-eabi/13.3.1/thumb/v6-m/nofp/crtbegin.o
 .text.frame_dummy
                0x100002b0       0x24 C:/Users/diego/.pico-sdk/toolchain/13_3_Rel1/bin/../lib/gcc/arm-none-eabi/13.3.1/thumb/v6-m/nofp/crtbegin.o
 .text.startup.main
                0x100002d4       0xb4 CMakeFiles/SistemaComPIRSerial.dir/SistemaComPIRSerial.c.obj
                0x100002d4                main
 .text.gpio_set_function
                0x10000388       0x34 CMakeFiles/SistemaComPIRSerial.dir/C_/Users/diego/.pico-sdk/sdk/2.1.0/src/rp2_common/hardware_gpio/gpio.c.obj
                0x10000388                gpio_set_function
 .text.gpio_set_pulls
                0x100003bc       0x28 CMakeFiles/SistemaComPIRSerial.dir/C_/Users/diego/.pico-sdk/sdk/2.1.0/src/rp2_common/hardware_gpio/gpio.c.obj
                0x100003bc                gpio_set_pulls
 .text.gpio_set_input_hysteresis_enabled
                0x100003e4       0x28 CMakeFiles/SistemaComPIRSerial.dir/C_/Users/diego/.pico-sdk/sdk/2.1.0/src/rp2_common/hardware_gpio/gpio.c.obj
                0x100003e4                gpio_set_input_hysteresis_enabled
 .text.gpio_set_irq_enabled
                0x1000040c       0x58 CMakeFiles/SistemaComPIRSerial.dir/C_/Users/diego/.pico-sdk/sdk/2.1.0/src/rp2_common/hardware_gpio/gpio.c.obj
                0x1000040c                gpio_set_irq_enabled
 .text.gpio_add_raw_irq_handler_with_order_priority_masked
                0x10000464       0x44 CMakeFiles/SistemaComPIRSerial.dir/C_/Users/diego/.pico-sdk/sdk/2.1.0/src/rp2_common/hardware_gpio/gpio.c.obj
                0x10000464                gpio_add_raw_irq_handler_with_order_priority_masked
 .text.gpio_remove_raw_irq_handler_masked
                0x100004a8       0x20 CMakeFiles/SistemaComPIRSerial.dir/C_/Users/diego/.pico-sdk/sdk/2.1.0/src/rp2_common/hardware_gpio/gpio.c.obj
                0x100004a8                gpio_remove_raw_irq_handler_masked
 .text.gpio_init
                0x100004c8       0x40 CMakeFiles/SistemaComPIRSerial.dir/C_/Users/diego/.pico-sdk/sdk/2.1.0/src/rp2_common/hardware_gpio/gpio.c.obj
                0x100004c8                gpio_init
 .text.rp2040_chip_version
                0x10000508        0xc CMakeFiles/SistemaComPIRSerial.dir/C_/Users/diego/.pico-sdk/sdk/2.1.0/src/rp2040/pico_platform/platform.c.obj
                0x10000508                rp2040_chip_version
 .text.panic    0x10000514       0x30 CMakeFiles/SistemaComPIRSerial.dir/C_/Users/diego/.pico-sdk/sdk/2.1.0/src/rp2_common/pico_platform_panic/panic.c.obj
                0x10000514                panic
 .text.hw_claim_lock
                0x10000544       0x18 CMakeFiles/SistemaComPIRSerial.dir/C_/Users/diego/.pico-sdk/sdk/2.1.0/src/common/hardware_claim/claim.c.obj
                0x10000544                hw_claim_lock
 .text.hw_claim_unlock
                0x1000055c       0x14 CMakeFiles/SistemaComPIRSerial.dir/C_/Users/diego/.pico-sdk/sdk/2.1.0/src/common/hardware_claim/claim.c.obj
                0x1000055c                hw_claim_unlock
 .text.hw_claim_or_assert
                0x10000570       0x44 CMakeFiles/SistemaComPIRSerial.dir/C_/Users/diego/.pico-sdk/sdk/2.1.0/src/common/hardware_claim/claim.c.obj
                0x10000570                hw_claim_or_assert
 .text.hw_claim_unused_from_range
                0x100005b4       0x9c CMakeFiles/SistemaComPIRSerial.dir/C_/Users/diego/.pico-sdk/sdk/2.1.0/src/common/hardware_claim/claim.c.obj
                0x100005b4                hw_claim_unused_from_range
 .text.hw_claim_clear
                0x10000650       0x38 CMakeFiles/SistemaComPIRSerial.dir/C_/Users/diego/.pico-sdk/sdk/2.1.0/src/common/hardware_claim/claim.c.obj
                0x10000650                hw_claim_clear
 .text.next_striped_spin_lock_num
                0x10000688       0x18 CMakeFiles/SistemaComPIRSerial.dir/C_/Users/diego/.pico-sdk/sdk/2.1.0/src/rp2_common/hardware_sync/sync.c.obj
                0x10000688                next_striped_spin_lock_num
 .text.spin_lock_claim_unused
                0x100006a0       0x24 CMakeFiles/SistemaComPIRSerial.dir/C_/Users/diego/.pico-sdk/sdk/2.1.0/src/rp2_common/hardware_sync/sync.c.obj
                0x100006a0                spin_lock_claim_unused
 .text.spin_locks_reset
                0x100006c4       0x1c CMakeFiles/SistemaComPIRSerial.dir/C_/Users/diego/.pico-sdk/sdk/2.1.0/src/rp2_common/hardware_sync_spin_lock/sync_spin_lock.c.obj
                0x100006c4                spin_locks_reset
 .text.runtime_init_per_core_irq_priorities
                0x100006e0       0x24 CMakeFiles/SistemaComPIRSerial.dir/C_/Users/diego/.pico-sdk/sdk/2.1.0/src/rp2_common/hardware_irq/irq.c.obj
                0x100006e0                runtime_init_per_core_irq_priorities
 .text.irq_set_enabled
                0x10000704       0x24 CMakeFiles/SistemaComPIRSerial.dir/C_/Users/diego/.pico-sdk/sdk/2.1.0/src/rp2_common/hardware_irq/irq.c.obj
                0x10000704                irq_set_enabled
 .text.irq_is_enabled
                0x10000728       0x18 CMakeFiles/SistemaComPIRSerial.dir/C_/Users/diego/.pico-sdk/sdk/2.1.0/src/rp2_common/hardware_irq/irq.c.obj
                0x10000728                irq_is_enabled
 .text.irq_set_pending
                0x10000740       0x10 CMakeFiles/SistemaComPIRSerial.dir/C_/Users/diego/.pico-sdk/sdk/2.1.0/src/rp2_common/hardware_irq/irq.c.obj
                0x10000740                irq_set_pending
 .text.irq_has_shared_handler
                0x10000750       0x2c CMakeFiles/SistemaComPIRSerial.dir/C_/Users/diego/.pico-sdk/sdk/2.1.0/src/rp2_common/hardware_irq/irq.c.obj
                0x10000750                irq_has_shared_handler
 .text.irq_set_exclusive_handler
                0x1000077c       0x54 CMakeFiles/SistemaComPIRSerial.dir/C_/Users/diego/.pico-sdk/sdk/2.1.0/src/rp2_common/hardware_irq/irq.c.obj
                0x1000077c                irq_set_exclusive_handler
 .text.irq_add_shared_handler
                0x100007d0      0x1f4 CMakeFiles/SistemaComPIRSerial.dir/C_/Users/diego/.pico-sdk/sdk/2.1.0/src/rp2_common/hardware_irq/irq.c.obj
                0x100007d0                irq_add_shared_handler
 .text.irq_remove_handler
                0x100009c4      0x1d4 CMakeFiles/SistemaComPIRSerial.dir/C_/Users/diego/.pico-sdk/sdk/2.1.0/src/rp2_common/hardware_irq/irq.c.obj
                0x100009c4                irq_remove_handler
 .text.irq_set_priority
                0x10000b98       0x28 CMakeFiles/SistemaComPIRSerial.dir/C_/Users/diego/.pico-sdk/sdk/2.1.0/src/rp2_common/hardware_irq/irq.c.obj
                0x10000b98                irq_set_priority
 .text.irq_add_tail_to_free_list
                0x10000bc0       0xb4 CMakeFiles/SistemaComPIRSerial.dir/C_/Users/diego/.pico-sdk/sdk/2.1.0/src/rp2_common/hardware_irq/irq.c.obj
                0x10000bc0                irq_add_tail_to_free_list
 .text.user_irq_unclaim
                0x10000c74       0x14 CMakeFiles/SistemaComPIRSerial.dir/C_/Users/diego/.pico-sdk/sdk/2.1.0/src/rp2_common/hardware_irq/irq.c.obj
                0x10000c74                user_irq_unclaim
 .text.user_irq_claim_unused
                0x10000c88       0x2c CMakeFiles/SistemaComPIRSerial.dir/C_/Users/diego/.pico-sdk/sdk/2.1.0/src/rp2_common/hardware_irq/irq.c.obj
                0x10000c88                user_irq_claim_unused
 .text.sem_init
                0x10000cb4       0x20 CMakeFiles/SistemaComPIRSerial.dir/C_/Users/diego/.pico-sdk/sdk/2.1.0/src/common/pico_sync/sem.c.obj
                0x10000cb4                sem_init
 .text.lock_init
                0x10000cd4       0x10 CMakeFiles/SistemaComPIRSerial.dir/C_/Users/diego/.pico-sdk/sdk/2.1.0/src/common/pico_sync/lock_core.c.obj
                0x10000cd4                lock_init
 .text.runtime_init_mutex
                0x10000ce4       0x50 CMakeFiles/SistemaComPIRSerial.dir/C_/Users/diego/.pico-sdk/sdk/2.1.0/src/common/pico_sync/mutex.c.obj
                0x10000ce4                runtime_init_mutex
 .text.mutex_init
                0x10000d34       0x1c CMakeFiles/SistemaComPIRSerial.dir/C_/Users/diego/.pico-sdk/sdk/2.1.0/src/common/pico_sync/mutex.c.obj
                0x10000d34                mutex_init
 .text.recursive_mutex_init
                0x10000d50       0x1c CMakeFiles/SistemaComPIRSerial.dir/C_/Users/diego/.pico-sdk/sdk/2.1.0/src/common/pico_sync/mutex.c.obj
                0x10000d50                recursive_mutex_init
 .text.critical_section_init
                0x10000d6c       0x1c CMakeFiles/SistemaComPIRSerial.dir/C_/Users/diego/.pico-sdk/sdk/2.1.0/src/common/pico_sync/critical_section.c.obj
                0x10000d6c                critical_section_init
 .text.critical_section_init_with_lock_num
                0x10000d88       0x14 CMakeFiles/SistemaComPIRSerial.dir/C_/Users/diego/.pico-sdk/sdk/2.1.0/src/common/pico_sync/critical_section.c.obj
                0x10000d88                critical_section_init_with_lock_num
 .text.sleep_until_callback
                0x10000d9c       0x30 CMakeFiles/SistemaComPIRSerial.dir/C_/Users/diego/.pico-sdk/sdk/2.1.0/src/common/pico_time/time.c.obj
 .text.alarm_pool_irq_handler
                0x10000dcc      0x2fc CMakeFiles/SistemaComPIRSerial.dir/C_/Users/diego/.pico-sdk/sdk/2.1.0/src/common/pico_time/time.c.obj
 .text.runtime_init_default_alarm_pool
                0x100010c8       0xdc CMakeFiles/SistemaComPIRSerial.dir/C_/Users/diego/.pico-sdk/sdk/2.1.0/src/common/pico_time/time.c.obj
                0x100010c8                runtime_init_default_alarm_pool
 .text.alarm_pool_get_default
                0x100011a4        0x8 CMakeFiles/SistemaComPIRSerial.dir/C_/Users/diego/.pico-sdk/sdk/2.1.0/src/common/pico_time/time.c.obj
                0x100011a4                alarm_pool_get_default
 .text.alarm_pool_add_alarm_at
                0x100011ac       0xd4 CMakeFiles/SistemaComPIRSerial.dir/C_/Users/diego/.pico-sdk/sdk/2.1.0/src/common/pico_time/time.c.obj
                0x100011ac                alarm_pool_add_alarm_at
 .text.alarm_pool_add_alarm_at_force_in_context
                0x10001280       0xb0 CMakeFiles/SistemaComPIRSerial.dir/C_/Users/diego/.pico-sdk/sdk/2.1.0/src/common/pico_time/time.c.obj
                0x10001280                alarm_pool_add_alarm_at_force_in_context
 .text.alarm_pool_cancel_alarm
                0x10001330       0x74 CMakeFiles/SistemaComPIRSerial.dir/C_/Users/diego/.pico-sdk/sdk/2.1.0/src/common/pico_time/time.c.obj
                0x10001330                alarm_pool_cancel_alarm
 .text.alarm_pool_core_num
                0x100013a4        0x4 CMakeFiles/SistemaComPIRSerial.dir/C_/Users/diego/.pico-sdk/sdk/2.1.0/src/common/pico_time/time.c.obj
                0x100013a4                alarm_pool_core_num
 .text.sleep_until
                0x100013a8       0xd8 CMakeFiles/SistemaComPIRSerial.dir/C_/Users/diego/.pico-sdk/sdk/2.1.0/src/common/pico_time/time.c.obj
                0x100013a8                sleep_until
 .text.sleep_ms
                0x10001480       0x38 CMakeFiles/SistemaComPIRSerial.dir/C_/Users/diego/.pico-sdk/sdk/2.1.0/src/common/pico_time/time.c.obj
                0x10001480                sleep_ms
 .text.best_effort_wfe_or_timeout
                0x100014b8       0xe0 CMakeFiles/SistemaComPIRSerial.dir/C_/Users/diego/.pico-sdk/sdk/2.1.0/src/common/pico_time/time.c.obj
                0x100014b8                best_effort_wfe_or_timeout
 .text.timer_hardware_alarm_claim
                0x10001598       0x14 CMakeFiles/SistemaComPIRSerial.dir/C_/Users/diego/.pico-sdk/sdk/2.1.0/src/rp2_common/hardware_timer/timer.c.obj
                0x10001598                timer_hardware_alarm_claim
 .text.timer_time_us_64
                0x100015ac       0x10 CMakeFiles/SistemaComPIRSerial.dir/C_/Users/diego/.pico-sdk/sdk/2.1.0/src/rp2_common/hardware_timer/timer.c.obj
                0x100015ac                timer_time_us_64
 .text.time_us_64
                0x100015bc       0x14 CMakeFiles/SistemaComPIRSerial.dir/C_/Users/diego/.pico-sdk/sdk/2.1.0/src/rp2_common/hardware_timer/timer.c.obj
                0x100015bc                time_us_64
 .text.busy_wait_until
                0x100015d0       0x20 CMakeFiles/SistemaComPIRSerial.dir/C_/Users/diego/.pico-sdk/sdk/2.1.0/src/rp2_common/hardware_timer/timer.c.obj
                0x100015d0                busy_wait_until
 .text.clock_configure_int_divider
                0x100015f0       0xf4 CMakeFiles/SistemaComPIRSerial.dir/C_/Users/diego/.pico-sdk/sdk/2.1.0/src/rp2_common/hardware_clocks/clocks.c.obj
                0x100015f0                clock_configure_int_divider
 .text.clock_configure_undivided
                0x100016e4       0xe8 CMakeFiles/SistemaComPIRSerial.dir/C_/Users/diego/.pico-sdk/sdk/2.1.0/src/rp2_common/hardware_clocks/clocks.c.obj
                0x100016e4                clock_configure_undivided
 .text.clock_get_hz
                0x100017cc        0xc CMakeFiles/SistemaComPIRSerial.dir/C_/Users/diego/.pico-sdk/sdk/2.1.0/src/rp2_common/hardware_clocks/clocks.c.obj
                0x100017cc                clock_get_hz
 .text.pll_init
                0x100017d8       0xa4 CMakeFiles/SistemaComPIRSerial.dir/C_/Users/diego/.pico-sdk/sdk/2.1.0/src/rp2_common/hardware_pll/pll.c.obj
                0x100017d8                pll_init
 .text.watchdog_reboot
                0x1000187c       0x9c CMakeFiles/SistemaComPIRSerial.dir/C_/Users/diego/.pico-sdk/sdk/2.1.0/src/rp2_common/hardware_watchdog/watchdog.c.obj
                0x1000187c                watchdog_reboot
 .text.tick_start
                0x10001918       0x10 CMakeFiles/SistemaComPIRSerial.dir/C_/Users/diego/.pico-sdk/sdk/2.1.0/src/rp2_common/hardware_ticks/ticks.c.obj
                0x10001918                tick_start
 .text.rom_func_lookup
                0x10001928       0x10 CMakeFiles/SistemaComPIRSerial.dir/C_/Users/diego/.pico-sdk/sdk/2.1.0/src/rp2_common/pico_bootrom/bootrom.c.obj
                0x10001928                rom_func_lookup
 .text.rom_data_lookup
                0x10001938       0x10 CMakeFiles/SistemaComPIRSerial.dir/C_/Users/diego/.pico-sdk/sdk/2.1.0/src/rp2_common/pico_bootrom/bootrom.c.obj
                0x10001938                rom_data_lookup
 .text.rom_funcs_lookup
                0x10001948       0x44 CMakeFiles/SistemaComPIRSerial.dir/C_/Users/diego/.pico-sdk/sdk/2.1.0/src/rp2_common/pico_bootrom/bootrom.c.obj
                0x10001948                rom_funcs_lookup
 .text.rom_reset_usb_boot_extra
                0x1000198c       0x28 CMakeFiles/SistemaComPIRSerial.dir/C_/Users/diego/.pico-sdk/sdk/2.1.0/src/rp2_common/pico_bootrom/bootrom.c.obj
                0x1000198c                rom_reset_usb_boot_extra
 .text.xosc_init
                0x100019b4       0x28 CMakeFiles/SistemaComPIRSerial.dir/C_/Users/diego/.pico-sdk/sdk/2.1.0/src/rp2_common/hardware_xosc/xosc.c.obj
                0x100019b4                xosc_init
 .text.first_per_core_initializer
                0x100019dc        0x4 CMakeFiles/SistemaComPIRSerial.dir/C_/Users/diego/.pico-sdk/sdk/2.1.0/src/rp2_common/pico_runtime/runtime.c.obj
 .text.hard_assertion_failure
                0x100019e0        0xc CMakeFiles/SistemaComPIRSerial.dir/C_/Users/diego/.pico-sdk/sdk/2.1.0/src/rp2_common/pico_runtime/runtime.c.obj
                0x100019e0                hard_assertion_failure
 .text.runtime_run_initializers
                0x100019ec       0x28 CMakeFiles/SistemaComPIRSerial.dir/C_/Users/diego/.pico-sdk/sdk/2.1.0/src/rp2_common/pico_runtime/runtime.c.obj
                0x100019ec                runtime_run_initializers
 .text.runtime_init_early_resets
                0x10001a14       0x2c CMakeFiles/SistemaComPIRSerial.dir/C_/Users/diego/.pico-sdk/sdk/2.1.0/src/rp2_common/pico_runtime_init/runtime_init.c.obj
                0x10001a14                runtime_init_early_resets
 .text.runtime_init_usb_power_down
                0x10001a40       0x1c CMakeFiles/SistemaComPIRSerial.dir/C_/Users/diego/.pico-sdk/sdk/2.1.0/src/rp2_common/pico_runtime_init/runtime_init.c.obj
                0x10001a40                runtime_init_usb_power_down
 .text.runtime_init_post_clock_resets
                0x10001a5c       0x20 CMakeFiles/SistemaComPIRSerial.dir/C_/Users/diego/.pico-sdk/sdk/2.1.0/src/rp2_common/pico_runtime_init/runtime_init.c.obj
                0x10001a5c                runtime_init_post_clock_resets
 .text.runtime_init_rp2040_gpio_ie_disable
                0x10001a7c       0x14 CMakeFiles/SistemaComPIRSerial.dir/C_/Users/diego/.pico-sdk/sdk/2.1.0/src/rp2_common/pico_runtime_init/runtime_init.c.obj
                0x10001a7c                runtime_init_rp2040_gpio_ie_disable
 .text.runtime_init_spin_locks_reset
                0x10001a90        0x8 CMakeFiles/SistemaComPIRSerial.dir/C_/Users/diego/.pico-sdk/sdk/2.1.0/src/rp2_common/pico_runtime_init/runtime_init.c.obj
                0x10001a90                runtime_init_spin_locks_reset
 .text.runtime_init_install_ram_vector_table
                0x10001a98       0x1c CMakeFiles/SistemaComPIRSerial.dir/C_/Users/diego/.pico-sdk/sdk/2.1.0/src/rp2_common/pico_runtime_init/runtime_init.c.obj
                0x10001a98                runtime_init_install_ram_vector_table
 .text.runtime_init_clocks
                0x10001ab4       0xd8 CMakeFiles/SistemaComPIRSerial.dir/C_/Users/diego/.pico-sdk/sdk/2.1.0/src/rp2_common/pico_runtime_init/runtime_init_clocks.c.obj
                0x10001ab4                runtime_init_clocks
 .text          0x10001b8c       0x10 CMakeFiles/SistemaComPIRSerial.dir/C_/Users/diego/.pico-sdk/sdk/2.1.0/src/rp2_common/pico_bit_ops/bit_ops_aeabi.S.obj
 .text.ctzsi    0x10001b9c        0xc CMakeFiles/SistemaComPIRSerial.dir/C_/Users/diego/.pico-sdk/sdk/2.1.0/src/rp2_common/pico_bit_ops/bit_ops_aeabi.S.obj
                0x10001b9c                __wrap___ctzsi2
 .text.__wrap___aeabi_idiv
                0x10001ba8       0x50 CMakeFiles/SistemaComPIRSerial.dir/C_/Users/diego/.pico-sdk/sdk/2.1.0/src/rp2_common/pico_divider/divider_hardware.S.obj
                0x10001ba8                __wrap___aeabi_idivmod
                0x10001ba8                divmod_s32s32
                0x10001ba8                div_s32s32
                0x10001ba8                __wrap___aeabi_idiv
                0x10001bb0                divmod_s32s32_unsafe
                0x10001bdc                divmod_s32s32_savestate
 .text.__wrap___aeabi_uidiv
                0x10001bf8       0x4c CMakeFiles/SistemaComPIRSerial.dir/C_/Users/diego/.pico-sdk/sdk/2.1.0/src/rp2_common/pico_divider/divider_hardware.S.obj
                0x10001bf8                __wrap___aeabi_uidiv
                0x10001bf8                __wrap___aeabi_uidivmod
                0x10001bf8                div_u32u32
                0x10001bf8                divmod_u32u32
                0x10001c00                divmod_u32u32_unsafe
                0x10001c28                divmod_u32u32_savestate
 .text.__wrap___aeabi_ldiv
                0x10001c44      0x424 CMakeFiles/SistemaComPIRSerial.dir/C_/Users/diego/.pico-sdk/sdk/2.1.0/src/rp2_common/pico_divider/divider_hardware.S.obj
                0x10001c44                div_s64s64
                0x10001c44                divmod_s64s64
                0x10001c44                __wrap___aeabi_ldivmod
                0x10001c74                divmod_u64u64
                0x10001c74                div_u64u64
                0x10001c74                __wrap___aeabi_uldivmod
                0x10001c84                divmod_u64u64_savestate
                0x10001ca4                divmod_s64s64_unsafe
                0x10001d2c                divmod_u64u64_unsafe
 .text.__wrap___aeabi_darithmetic
                0x10002068       0x60 CMakeFiles/SistemaComPIRSerial.dir/C_/Users/diego/.pico-sdk/sdk/2.1.0/src/rp2_common/pico_double/double_aeabi_rp2040.S.obj
                0x10002068                __wrap___aeabi_drsub
                0x1000206e                __wrap___aeabi_dsub
                0x10002078                __wrap___aeabi_dadd
                0x10002082                __wrap___aeabi_ddiv
                0x100020b6                __wrap___aeabi_dmul
 .text.__wrap___aeabi_cdcmple
                0x100020c8       0x6c CMakeFiles/SistemaComPIRSerial.dir/C_/Users/diego/.pico-sdk/sdk/2.1.0/src/rp2_common/pico_double/double_aeabi_rp2040.S.obj
                0x100020c8                __wrap___aeabi_cdrcmple
                0x100020d8                __wrap___aeabi_cdcmpeq
                0x100020d8                __wrap___aeabi_cdcmple
 .text.__wrap___aeabi_dcmplt
                0x10002134        0xc CMakeFiles/SistemaComPIRSerial.dir/C_/Users/diego/.pico-sdk/sdk/2.1.0/src/rp2_common/pico_double/double_aeabi_rp2040.S.obj
                0x10002134                __wrap___aeabi_dcmplt
 .text.__wrap___aeabi_dcmpge
                0x10002140       0x10 CMakeFiles/SistemaComPIRSerial.dir/C_/Users/diego/.pico-sdk/sdk/2.1.0/src/rp2_common/pico_double/double_aeabi_rp2040.S.obj
                0x10002140                __wrap___aeabi_dcmpge
 .text.__wrap___aeabi_dcmpgt
                0x10002150        0xa CMakeFiles/SistemaComPIRSerial.dir/C_/Users/diego/.pico-sdk/sdk/2.1.0/src/rp2_common/pico_double/double_aeabi_rp2040.S.obj
                0x10002150                __wrap___aeabi_dcmpgt
 .text.__wrap___aeabi_dcmpun
                0x1000215a       0x18 CMakeFiles/SistemaComPIRSerial.dir/C_/Users/diego/.pico-sdk/sdk/2.1.0/src/rp2_common/pico_double/double_aeabi_rp2040.S.obj
                0x1000215a                __wrap___aeabi_dcmpun
 *fill*         0x10002172        0x2 
 .text.__wrap___aeabi_i2d
                0x10002174       0x38 CMakeFiles/SistemaComPIRSerial.dir/C_/Users/diego/.pico-sdk/sdk/2.1.0/src/rp2_common/pico_double/double_aeabi_rp2040.S.obj
                0x10002174                __wrap___aeabi_ui2d
                0x1000217c                __wrap___aeabi_i2d
 .text.__wrap___aeabi_d2iz
                0x100021ac       0x48 CMakeFiles/SistemaComPIRSerial.dir/C_/Users/diego/.pico-sdk/sdk/2.1.0/src/rp2_common/pico_double/double_aeabi_rp2040.S.obj
                0x100021ac                double2int_z
                0x100021ac                __wrap___aeabi_d2iz
 .text.__wrap___aeabi_d2uiz
                0x100021f4       0x10 CMakeFiles/SistemaComPIRSerial.dir/C_/Users/diego/.pico-sdk/sdk/2.1.0/src/rp2_common/pico_double/double_aeabi_rp2040.S.obj
                0x100021f4                __wrap___aeabi_d2uiz
                0x100021f4                double2uint
 .text.missing_double_func_shim
                0x10002204        0xc CMakeFiles/SistemaComPIRSerial.dir/C_/Users/diego/.pico-sdk/sdk/2.1.0/src/rp2_common/pico_double/double_init_rom_rp2040.c.obj
 .text.__aeabi_double_init
                0x10002210       0xa0 CMakeFiles/SistemaComPIRSerial.dir/C_/Users/diego/.pico-sdk/sdk/2.1.0/src/rp2_common/pico_double/double_init_rom_rp2040.c.obj
                0x10002210                __aeabi_double_init
 .text.double_table_shim_on_use_helper
                0x100022b0       0x2c CMakeFiles/SistemaComPIRSerial.dir/C_/Users/diego/.pico-sdk/sdk/2.1.0/src/rp2_common/pico_double/double_v1_rom_shim_rp2040.S.obj
                0x100022b0                double_table_shim_on_use_helper
 .text.__aeabi_lmul
                0x100022dc       0x32 CMakeFiles/SistemaComPIRSerial.dir/C_/Users/diego/.pico-sdk/sdk/2.1.0/src/rp2_common/pico_int64_ops/pico_int64_ops_aeabi.S.obj
                0x100022dc                __wrap___aeabi_lmul
 *fill*         0x1000230e        0x2 
 .text.missing_float_func_shim
                0x10002310        0xc CMakeFiles/SistemaComPIRSerial.dir/C_/Users/diego/.pico-sdk/sdk/2.1.0/src/rp2_common/pico_float/float_init_rom_rp2040.c.obj
 .text.__aeabi_float_init
                0x1000231c       0x5c CMakeFiles/SistemaComPIRSerial.dir/C_/Users/diego/.pico-sdk/sdk/2.1.0/src/rp2_common/pico_float/float_init_rom_rp2040.c.obj
                0x1000231c                __aeabi_float_init
 .text          0x10002378       0x10 CMakeFiles/SistemaComPIRSerial.dir/C_/Users/diego/.pico-sdk/sdk/2.1.0/src/rp2_common/pico_mem_ops/mem_ops_aeabi.S.obj
                0x10002378                __aeabi_mem_init
 .text.memset   0x10002388        0xc CMakeFiles/SistemaComPIRSerial.dir/C_/Users/diego/.pico-sdk/sdk/2.1.0/src/rp2_common/pico_mem_ops/mem_ops_aeabi.S.obj
                0x10002388                __wrap_memset
 .text.memcpy   0x10002394        0xc CMakeFiles/SistemaComPIRSerial.dir/C_/Users/diego/.pico-sdk/sdk/2.1.0/src/rp2_common/pico_mem_ops/mem_ops_aeabi.S.obj
                0x10002394                __wrap_memcpy
                0x10002394                __wrap___aeabi_memcpy
 .text._out_null
                0x100023a0        0x4 CMakeFiles/SistemaComPIRSerial.dir/C_/Users/diego/.pico-sdk/sdk/2.1.0/src/rp2_common/pico_printf/printf.c.obj
 .text._out_rev
                0x100023a4       0xac CMakeFiles/SistemaComPIRSerial.dir/C_/Users/diego/.pico-sdk/sdk/2.1.0/src/rp2_common/pico_printf/printf.c.obj
 .text._ntoa_format
                0x10002450      0x250 CMakeFiles/SistemaComPIRSerial.dir/C_/Users/diego/.pico-sdk/sdk/2.1.0/src/rp2_common/pico_printf/printf.c.obj
 .text._out_char
                0x100026a0       0x10 CMakeFiles/SistemaComPIRSerial.dir/C_/Users/diego/.pico-sdk/sdk/2.1.0/src/rp2_common/pico_printf/printf.c.obj
 .text._out_fct
                0x100026b0       0x10 CMakeFiles/SistemaComPIRSerial.dir/C_/Users/diego/.pico-sdk/sdk/2.1.0/src/rp2_common/pico_printf/printf.c.obj
 .text._etoa    0x100026c0      0x464 CMakeFiles/SistemaComPIRSerial.dir/C_/Users/diego/.pico-sdk/sdk/2.1.0/src/rp2_common/pico_printf/printf.c.obj
 .text._ftoa    0x10002b24      0x3c0 CMakeFiles/SistemaComPIRSerial.dir/C_/Users/diego/.pico-sdk/sdk/2.1.0/src/rp2_common/pico_printf/printf.c.obj
 .text._vsnprintf
                0x10002ee4      0xbc8 CMakeFiles/SistemaComPIRSerial.dir/C_/Users/diego/.pico-sdk/sdk/2.1.0/src/rp2_common/pico_printf/printf.c.obj
 .text.vfctprintf
                0x10003aac       0x20 CMakeFiles/SistemaComPIRSerial.dir/C_/Users/diego/.pico-sdk/sdk/2.1.0/src/rp2_common/pico_printf/printf.c.obj
                0x10003aac                vfctprintf
 .text.weak_raw_vprintf
                0x10003acc       0x30 CMakeFiles/SistemaComPIRSerial.dir/C_/Users/diego/.pico-sdk/sdk/2.1.0/src/rp2_common/pico_printf/printf.c.obj
                0x10003acc                weak_raw_vprintf
 .text._exit    0x10003afc        0x4 CMakeFiles/SistemaComPIRSerial.dir/C_/Users/diego/.pico-sdk/sdk/2.1.0/src/rp2_common/pico_clib_interface/newlib_interface.c.obj
                0x10003afc                _exit
 .text.exit     0x10003b00        0x8 CMakeFiles/SistemaComPIRSerial.dir/C_/Users/diego/.pico-sdk/sdk/2.1.0/src/rp2_common/pico_clib_interface/newlib_interface.c.obj
                0x10003b00                exit
 .text.runtime_init
                0x10003b08       0x2c CMakeFiles/SistemaComPIRSerial.dir/C_/Users/diego/.pico-sdk/sdk/2.1.0/src/rp2_common/pico_clib_interface/newlib_interface.c.obj
                0x10003b08                runtime_init
 .text.stdio_out_chars_no_crlf
                0x10003b34       0x10 CMakeFiles/SistemaComPIRSerial.dir/C_/Users/diego/.pico-sdk/sdk/2.1.0/src/rp2_common/pico_stdio/stdio.c.obj
 .text.stdio_out_chars_crlf
                0x10003b44       0x94 CMakeFiles/SistemaComPIRSerial.dir/C_/Users/diego/.pico-sdk/sdk/2.1.0/src/rp2_common/pico_stdio/stdio.c.obj
 .text.stdio_buffered_printer
                0x10003bd8       0x64 CMakeFiles/SistemaComPIRSerial.dir/C_/Users/diego/.pico-sdk/sdk/2.1.0/src/rp2_common/pico_stdio/stdio.c.obj
 .text.stdio_put_string
                0x10003c3c      0x100 CMakeFiles/SistemaComPIRSerial.dir/C_/Users/diego/.pico-sdk/sdk/2.1.0/src/rp2_common/pico_stdio/stdio.c.obj
                0x10003c3c                stdio_put_string
 .text.stdio_set_driver_enabled
                0x10003d3c       0x30 CMakeFiles/SistemaComPIRSerial.dir/C_/Users/diego/.pico-sdk/sdk/2.1.0/src/rp2_common/pico_stdio/stdio.c.obj
                0x10003d3c                stdio_set_driver_enabled
 .text.stdio_init_all
                0x10003d6c        0x8 CMakeFiles/SistemaComPIRSerial.dir/C_/Users/diego/.pico-sdk/sdk/2.1.0/src/rp2_common/pico_stdio/stdio.c.obj
                0x10003d6c                stdio_init_all
 .text.__wrap_putchar
                0x10003d74       0x98 CMakeFiles/SistemaComPIRSerial.dir/C_/Users/diego/.pico-sdk/sdk/2.1.0/src/rp2_common/pico_stdio/stdio.c.obj
                0x10003d74                __wrap_putchar
                0x10003d74                stdio_putchar
 .text.__wrap_puts
                0x10003e0c       0x3c CMakeFiles/SistemaComPIRSerial.dir/C_/Users/diego/.pico-sdk/sdk/2.1.0/src/rp2_common/pico_stdio/stdio.c.obj
                0x10003e0c                stdio_puts
                0x10003e0c                __wrap_puts
 .text.__wrap_vprintf
                0x10003e48       0xd4 CMakeFiles/SistemaComPIRSerial.dir/C_/Users/diego/.pico-sdk/sdk/2.1.0/src/rp2_common/pico_stdio/stdio.c.obj
                0x10003e48                stdio_vprintf
                0x10003e48                __wrap_vprintf
 .text.__wrap_printf
                0x10003f1c       0x18 CMakeFiles/SistemaComPIRSerial.dir/C_/Users/diego/.pico-sdk/sdk/2.1.0/src/rp2_common/pico_stdio/stdio.c.obj
                0x10003f1c                __wrap_printf
                0x10003f1c                stdio_printf
 .text.resetd_init
                0x10003f34        0x4 CMakeFiles/SistemaComPIRSerial.dir/C_/Users/diego/.pico-sdk/sdk/2.1.0/src/rp2_common/pico_stdio_usb/reset_interface.c.obj
 .text.resetd_reset
                0x10003f38        0xc CMakeFiles/SistemaComPIRSerial.dir/C_/Users/diego/.pico-sdk/sdk/2.1.0/src/rp2_common/pico_stdio_usb/reset_interface.c.obj
 .text.resetd_open
                0x10003f44       0x28 CMakeFiles/SistemaComPIRSerial.dir/C_/Users/diego/.pico-sdk/sdk/2.1.0/src/rp2_common/pico_stdio_usb/reset_interface.c.obj
 .text.resetd_xfer_cb
                0x10003f6c        0x4 CMakeFiles/SistemaComPIRSerial.dir/C_/Users/diego/.pico-sdk/sdk/2.1.0/src/rp2_common/pico_stdio_usb/reset_interface.c.obj
 .text.resetd_control_xfer_cb
                0x10003f70       0x5c CMakeFiles/SistemaComPIRSerial.dir/C_/Users/diego/.pico-sdk/sdk/2.1.0/src/rp2_common/pico_stdio_usb/reset_interface.c.obj
 .text.tud_descriptor_bos_cb
                0x10003fcc        0x8 CMakeFiles/SistemaComPIRSerial.dir/C_/Users/diego/.pico-sdk/sdk/2.1.0/src/rp2_common/pico_stdio_usb/reset_interface.c.obj
                0x10003fcc                tud_descriptor_bos_cb
 .text.tud_vendor_control_xfer_cb
                0x10003fd4       0x34 CMakeFiles/SistemaComPIRSerial.dir/C_/Users/diego/.pico-sdk/sdk/2.1.0/src/rp2_common/pico_stdio_usb/reset_interface.c.obj
                0x10003fd4                tud_vendor_control_xfer_cb
 .text.usbd_app_driver_get_cb
                0x10004008        0xc CMakeFiles/SistemaComPIRSerial.dir/C_/Users/diego/.pico-sdk/sdk/2.1.0/src/rp2_common/pico_stdio_usb/reset_interface.c.obj
                0x10004008                usbd_app_driver_get_cb
 .text.tud_cdc_line_coding_cb
                0x10004014       0x2c CMakeFiles/SistemaComPIRSerial.dir/C_/Users/diego/.pico-sdk/sdk/2.1.0/src/rp2_common/pico_stdio_usb/reset_interface.c.obj
                0x10004014                tud_cdc_line_coding_cb
 .text.stdio_usb_set_chars_available_callback
                0x10004040       0x14 CMakeFiles/SistemaComPIRSerial.dir/C_/Users/diego/.pico-sdk/sdk/2.1.0/src/rp2_common/pico_stdio_usb/stdio_usb.c.obj
                0x10004040                stdio_usb_set_chars_available_callback
 .text.usb_irq  0x10004054       0x10 CMakeFiles/SistemaComPIRSerial.dir/C_/Users/diego/.pico-sdk/sdk/2.1.0/src/rp2_common/pico_stdio_usb/stdio_usb.c.obj
 .text.timer_task
                0x10004064       0x64 CMakeFiles/SistemaComPIRSerial.dir/C_/Users/diego/.pico-sdk/sdk/2.1.0/src/rp2_common/pico_stdio_usb/stdio_usb.c.obj
 .text.stdio_usb_in_chars
                0x100040c8       0x90 CMakeFiles/SistemaComPIRSerial.dir/C_/Users/diego/.pico-sdk/sdk/2.1.0/src/rp2_common/pico_stdio_usb/stdio_usb.c.obj
                0x100040c8                stdio_usb_in_chars
 .text.stdio_usb_out_flush
                0x10004158       0x50 CMakeFiles/SistemaComPIRSerial.dir/C_/Users/diego/.pico-sdk/sdk/2.1.0/src/rp2_common/pico_stdio_usb/stdio_usb.c.obj
 .text.stdio_usb_out_chars
                0x100041a8      0x104 CMakeFiles/SistemaComPIRSerial.dir/C_/Users/diego/.pico-sdk/sdk/2.1.0/src/rp2_common/pico_stdio_usb/stdio_usb.c.obj
 .text.low_priority_worker_irq
                0x100042ac       0xcc CMakeFiles/SistemaComPIRSerial.dir/C_/Users/diego/.pico-sdk/sdk/2.1.0/src/rp2_common/pico_stdio_usb/stdio_usb.c.obj
 .text.stdio_usb_init
                0x10004378       0xe8 CMakeFiles/SistemaComPIRSerial.dir/C_/Users/diego/.pico-sdk/sdk/2.1.0/src/rp2_common/pico_stdio_usb/stdio_usb.c.obj
                0x10004378                stdio_usb_init
 .text.tud_descriptor_device_cb
                0x10004460        0x8 CMakeFiles/SistemaComPIRSerial.dir/C_/Users/diego/.pico-sdk/sdk/2.1.0/src/rp2_common/pico_stdio_usb/stdio_usb_descriptors.c.obj
                0x10004460                tud_descriptor_device_cb
 .text.tud_descriptor_configuration_cb
                0x10004468        0x8 CMakeFiles/SistemaComPIRSerial.dir/C_/Users/diego/.pico-sdk/sdk/2.1.0/src/rp2_common/pico_stdio_usb/stdio_usb_descriptors.c.obj
                0x10004468                tud_descriptor_configuration_cb
 .text.tud_descriptor_string_cb
                0x10004470       0x78 CMakeFiles/SistemaComPIRSerial.dir/C_/Users/diego/.pico-sdk/sdk/2.1.0/src/rp2_common/pico_stdio_usb/stdio_usb_descriptors.c.obj
                0x10004470                tud_descriptor_string_cb
 .text.startup._retrieve_unique_id_on_boot
                0x100044e8       0x10 CMakeFiles/SistemaComPIRSerial.dir/C_/Users/diego/.pico-sdk/sdk/2.1.0/src/rp2_common/pico_unique_id/unique_id.c.obj
 .text.pico_get_unique_board_id
                0x100044f8       0x10 CMakeFiles/SistemaComPIRSerial.dir/C_/Users/diego/.pico-sdk/sdk/2.1.0/src/rp2_common/pico_unique_id/unique_id.c.obj
                0x100044f8                pico_get_unique_board_id
 .text.pico_get_unique_board_id_string
                0x10004508      0x1a8 CMakeFiles/SistemaComPIRSerial.dir/C_/Users/diego/.pico-sdk/sdk/2.1.0/src/rp2_common/pico_unique_id/unique_id.c.obj
                0x10004508                pico_get_unique_board_id_string
 .text.flash_get_unique_id
                0x100046b0       0x3c CMakeFiles/SistemaComPIRSerial.dir/C_/Users/diego/.pico-sdk/sdk/2.1.0/src/rp2_common/hardware_flash/flash.c.obj
                0x100046b0                flash_get_unique_id
 .text.dcd_init
                0x100046ec       0x8c CMakeFiles/SistemaComPIRSerial.dir/C_/Users/diego/.pico-sdk/sdk/2.1.0/lib/tinyusb/src/portable/raspberrypi/rp2040/dcd_rp2040.c.obj
                0x100046ec                dcd_init
 .text.dcd_int_enable
                0x10004778        0xc CMakeFiles/SistemaComPIRSerial.dir/C_/Users/diego/.pico-sdk/sdk/2.1.0/lib/tinyusb/src/portable/raspberrypi/rp2040/dcd_rp2040.c.obj
                0x10004778                dcd_int_enable
 .text.dcd_set_address
                0x10004784       0x14 CMakeFiles/SistemaComPIRSerial.dir/C_/Users/diego/.pico-sdk/sdk/2.1.0/lib/tinyusb/src/portable/raspberrypi/rp2040/dcd_rp2040.c.obj
                0x10004784                dcd_set_address
 .text.dcd_sof_enable
                0x10004798       0x1c CMakeFiles/SistemaComPIRSerial.dir/C_/Users/diego/.pico-sdk/sdk/2.1.0/lib/tinyusb/src/portable/raspberrypi/rp2040/dcd_rp2040.c.obj
                0x10004798                dcd_sof_enable
 .text.dcd_edpt0_status_complete
                0x100047b4       0x1c CMakeFiles/SistemaComPIRSerial.dir/C_/Users/diego/.pico-sdk/sdk/2.1.0/lib/tinyusb/src/portable/raspberrypi/rp2040/dcd_rp2040.c.obj
                0x100047b4                dcd_edpt0_status_complete
 .text.dcd_edpt_open
                0x100047d0      0x108 CMakeFiles/SistemaComPIRSerial.dir/C_/Users/diego/.pico-sdk/sdk/2.1.0/lib/tinyusb/src/portable/raspberrypi/rp2040/dcd_rp2040.c.obj
                0x100047d0                dcd_edpt_open
 .text.dcd_edpt_close_all
                0x100048d8        0x8 CMakeFiles/SistemaComPIRSerial.dir/C_/Users/diego/.pico-sdk/sdk/2.1.0/lib/tinyusb/src/portable/raspberrypi/rp2040/dcd_rp2040.c.obj
                0x100048d8                dcd_edpt_close_all
 .text.dcd_edpt_xfer
                0x100048e0       0x24 CMakeFiles/SistemaComPIRSerial.dir/C_/Users/diego/.pico-sdk/sdk/2.1.0/lib/tinyusb/src/portable/raspberrypi/rp2040/dcd_rp2040.c.obj
                0x100048e0                dcd_edpt_xfer
 .text.dcd_edpt_stall
                0x10004904       0x34 CMakeFiles/SistemaComPIRSerial.dir/C_/Users/diego/.pico-sdk/sdk/2.1.0/lib/tinyusb/src/portable/raspberrypi/rp2040/dcd_rp2040.c.obj
                0x10004904                dcd_edpt_stall
 .text.dcd_edpt_clear_stall
                0x10004938       0x30 CMakeFiles/SistemaComPIRSerial.dir/C_/Users/diego/.pico-sdk/sdk/2.1.0/lib/tinyusb/src/portable/raspberrypi/rp2040/dcd_rp2040.c.obj
                0x10004938                dcd_edpt_clear_stall
 .text.rp2040_usb_init
                0x10004968       0x40 CMakeFiles/SistemaComPIRSerial.dir/C_/Users/diego/.pico-sdk/sdk/2.1.0/lib/tinyusb/src/portable/raspberrypi/rp2040/rp2040_usb.c.obj
                0x10004968                rp2040_usb_init
 .text.hw_endpoint_xfer_start
                0x100049a8       0x40 CMakeFiles/SistemaComPIRSerial.dir/C_/Users/diego/.pico-sdk/sdk/2.1.0/lib/tinyusb/src/portable/raspberrypi/rp2040/rp2040_usb.c.obj
                0x100049a8                hw_endpoint_xfer_start
 .text.tud_event_hook_cb
                0x100049e8        0x4 CMakeFiles/SistemaComPIRSerial.dir/C_/Users/diego/.pico-sdk/sdk/2.1.0/lib/tinyusb/src/device/usbd.c.obj
                0x100049e8                tud_event_hook_cb
 .text.tud_sof_cb
                0x100049ec        0x4 CMakeFiles/SistemaComPIRSerial.dir/C_/Users/diego/.pico-sdk/sdk/2.1.0/lib/tinyusb/src/device/usbd.c.obj
                0x100049ec                tud_sof_cb
 .text.tud_descriptor_device_qualifier_cb
                0x100049f0        0x4 CMakeFiles/SistemaComPIRSerial.dir/C_/Users/diego/.pico-sdk/sdk/2.1.0/lib/tinyusb/src/device/usbd.c.obj
                0x100049f0                tud_descriptor_device_qualifier_cb
 .text.tud_descriptor_other_speed_configuration_cb
                0x100049f4        0x4 CMakeFiles/SistemaComPIRSerial.dir/C_/Users/diego/.pico-sdk/sdk/2.1.0/lib/tinyusb/src/device/usbd.c.obj
                0x100049f4                tud_descriptor_other_speed_configuration_cb
 .text.tud_mount_cb
                0x100049f8        0x4 CMakeFiles/SistemaComPIRSerial.dir/C_/Users/diego/.pico-sdk/sdk/2.1.0/lib/tinyusb/src/device/usbd.c.obj
                0x100049f8                tud_mount_cb
 .text.tud_umount_cb
                0x100049fc        0x4 CMakeFiles/SistemaComPIRSerial.dir/C_/Users/diego/.pico-sdk/sdk/2.1.0/lib/tinyusb/src/device/usbd.c.obj
                0x100049fc                tud_umount_cb
 .text.tud_suspend_cb
                0x10004a00        0x4 CMakeFiles/SistemaComPIRSerial.dir/C_/Users/diego/.pico-sdk/sdk/2.1.0/lib/tinyusb/src/device/usbd.c.obj
                0x10004a00                tud_suspend_cb
 .text.tud_resume_cb
                0x10004a04        0x4 CMakeFiles/SistemaComPIRSerial.dir/C_/Users/diego/.pico-sdk/sdk/2.1.0/lib/tinyusb/src/device/usbd.c.obj
                0x10004a04                tud_resume_cb
 .text.tud_mounted
                0x10004a08       0x10 CMakeFiles/SistemaComPIRSerial.dir/C_/Users/diego/.pico-sdk/sdk/2.1.0/lib/tinyusb/src/device/usbd.c.obj
                0x10004a08                tud_mounted
 .text.tud_suspended
                0x10004a18       0x10 CMakeFiles/SistemaComPIRSerial.dir/C_/Users/diego/.pico-sdk/sdk/2.1.0/lib/tinyusb/src/device/usbd.c.obj
                0x10004a18                tud_suspended
 .text.tud_init
                0x10004a28       0xe4 CMakeFiles/SistemaComPIRSerial.dir/C_/Users/diego/.pico-sdk/sdk/2.1.0/lib/tinyusb/src/device/usbd.c.obj
                0x10004a28                tud_init
 .text.tud_task_ext
                0x10004b0c      0x800 CMakeFiles/SistemaComPIRSerial.dir/C_/Users/diego/.pico-sdk/sdk/2.1.0/lib/tinyusb/src/device/usbd.c.obj
                0x10004b0c                tud_task_ext
 .text.usbd_open_edpt_pair
                0x1000530c       0x9c CMakeFiles/SistemaComPIRSerial.dir/C_/Users/diego/.pico-sdk/sdk/2.1.0/lib/tinyusb/src/device/usbd.c.obj
                0x1000530c                usbd_open_edpt_pair
 .text.usbd_edpt_open
                0x100053a8       0x34 CMakeFiles/SistemaComPIRSerial.dir/C_/Users/diego/.pico-sdk/sdk/2.1.0/lib/tinyusb/src/device/usbd.c.obj
                0x100053a8                usbd_edpt_open
 .text.usbd_edpt_claim
                0x100053dc       0x28 CMakeFiles/SistemaComPIRSerial.dir/C_/Users/diego/.pico-sdk/sdk/2.1.0/lib/tinyusb/src/device/usbd.c.obj
                0x100053dc                usbd_edpt_claim
 .text.usbd_edpt_release
                0x10005404       0x28 CMakeFiles/SistemaComPIRSerial.dir/C_/Users/diego/.pico-sdk/sdk/2.1.0/lib/tinyusb/src/device/usbd.c.obj
                0x10005404                usbd_edpt_release
 .text.usbd_edpt_xfer
                0x1000542c       0x4c CMakeFiles/SistemaComPIRSerial.dir/C_/Users/diego/.pico-sdk/sdk/2.1.0/lib/tinyusb/src/device/usbd.c.obj
                0x1000542c                usbd_edpt_xfer
 .text.tud_control_status
                0x10005478       0x2c CMakeFiles/SistemaComPIRSerial.dir/C_/Users/diego/.pico-sdk/sdk/2.1.0/lib/tinyusb/src/device/usbd_control.c.obj
                0x10005478                tud_control_status
 .text.tud_control_xfer
                0x100054a4       0xac CMakeFiles/SistemaComPIRSerial.dir/C_/Users/diego/.pico-sdk/sdk/2.1.0/lib/tinyusb/src/device/usbd_control.c.obj
                0x100054a4                tud_control_xfer
 .text.usbd_control_reset
                0x10005550       0x14 CMakeFiles/SistemaComPIRSerial.dir/C_/Users/diego/.pico-sdk/sdk/2.1.0/lib/tinyusb/src/device/usbd_control.c.obj
                0x10005550                usbd_control_reset
 .text.usbd_control_set_complete_callback
                0x10005564        0xc CMakeFiles/SistemaComPIRSerial.dir/C_/Users/diego/.pico-sdk/sdk/2.1.0/lib/tinyusb/src/device/usbd_control.c.obj
                0x10005564                usbd_control_set_complete_callback
 .text.usbd_control_set_request
                0x10005570       0x1c CMakeFiles/SistemaComPIRSerial.dir/C_/Users/diego/.pico-sdk/sdk/2.1.0/lib/tinyusb/src/device/usbd_control.c.obj
                0x10005570                usbd_control_set_request
 .text.usbd_control_xfer_cb
                0x1000558c       0xec CMakeFiles/SistemaComPIRSerial.dir/C_/Users/diego/.pico-sdk/sdk/2.1.0/lib/tinyusb/src/device/usbd_control.c.obj
                0x1000558c                usbd_control_xfer_cb
 .text._prep_out_transaction.isra.0
                0x10005678       0x5c CMakeFiles/SistemaComPIRSerial.dir/C_/Users/diego/.pico-sdk/sdk/2.1.0/lib/tinyusb/src/class/cdc/cdc_device.c.obj
 .text.tud_cdc_n_connected
                0x100056d4       0x30 CMakeFiles/SistemaComPIRSerial.dir/C_/Users/diego/.pico-sdk/sdk/2.1.0/lib/tinyusb/src/class/cdc/cdc_device.c.obj
                0x100056d4                tud_cdc_n_connected
 .text.tud_cdc_n_available
                0x10005704       0x18 CMakeFiles/SistemaComPIRSerial.dir/C_/Users/diego/.pico-sdk/sdk/2.1.0/lib/tinyusb/src/class/cdc/cdc_device.c.obj
                0x10005704                tud_cdc_n_available
 .text.tud_cdc_n_read
                0x1000571c       0x98 CMakeFiles/SistemaComPIRSerial.dir/C_/Users/diego/.pico-sdk/sdk/2.1.0/lib/tinyusb/src/class/cdc/cdc_device.c.obj
                0x1000571c                tud_cdc_n_read
 .text.tud_cdc_n_write_flush
                0x100057b4       0x78 CMakeFiles/SistemaComPIRSerial.dir/C_/Users/diego/.pico-sdk/sdk/2.1.0/lib/tinyusb/src/class/cdc/cdc_device.c.obj
                0x100057b4                tud_cdc_n_write_flush
 .text.tud_cdc_n_write
                0x1000582c       0x40 CMakeFiles/SistemaComPIRSerial.dir/C_/Users/diego/.pico-sdk/sdk/2.1.0/lib/tinyusb/src/class/cdc/cdc_device.c.obj
                0x1000582c                tud_cdc_n_write
 .text.tud_cdc_n_write_available
                0x1000586c       0x18 CMakeFiles/SistemaComPIRSerial.dir/C_/Users/diego/.pico-sdk/sdk/2.1.0/lib/tinyusb/src/class/cdc/cdc_device.c.obj
                0x1000586c                tud_cdc_n_write_available
 .text.cdcd_init
                0x10005884       0x7c CMakeFiles/SistemaComPIRSerial.dir/C_/Users/diego/.pico-sdk/sdk/2.1.0/lib/tinyusb/src/class/cdc/cdc_device.c.obj
                0x10005884                cdcd_init
 .text.cdcd_deinit
                0x10005900       0x34 CMakeFiles/SistemaComPIRSerial.dir/C_/Users/diego/.pico-sdk/sdk/2.1.0/lib/tinyusb/src/class/cdc/cdc_device.c.obj
                0x10005900                cdcd_deinit
 .text.cdcd_reset
                0x10005934       0x4c CMakeFiles/SistemaComPIRSerial.dir/C_/Users/diego/.pico-sdk/sdk/2.1.0/lib/tinyusb/src/class/cdc/cdc_device.c.obj
                0x10005934                cdcd_reset
 .text.cdcd_open
                0x10005980       0xb0 CMakeFiles/SistemaComPIRSerial.dir/C_/Users/diego/.pico-sdk/sdk/2.1.0/lib/tinyusb/src/class/cdc/cdc_device.c.obj
                0x10005980                cdcd_open
 .text.cdcd_control_xfer_cb
                0x10005a30       0xe4 CMakeFiles/SistemaComPIRSerial.dir/C_/Users/diego/.pico-sdk/sdk/2.1.0/lib/tinyusb/src/class/cdc/cdc_device.c.obj
                0x10005a30                cdcd_control_xfer_cb
 .text.cdcd_xfer_cb
                0x10005b14      0x100 CMakeFiles/SistemaComPIRSerial.dir/C_/Users/diego/.pico-sdk/sdk/2.1.0/lib/tinyusb/src/class/cdc/cdc_device.c.obj
                0x10005b14                cdcd_xfer_cb
 .text.vendord_init
                0x10005c14       0x5c CMakeFiles/SistemaComPIRSerial.dir/C_/Users/diego/.pico-sdk/sdk/2.1.0/lib/tinyusb/src/class/vendor/vendor_device.c.obj
                0x10005c14                vendord_init
 .text.vendord_deinit
                0x10005c70       0x1c CMakeFiles/SistemaComPIRSerial.dir/C_/Users/diego/.pico-sdk/sdk/2.1.0/lib/tinyusb/src/class/vendor/vendor_device.c.obj
                0x10005c70                vendord_deinit
 .text.vendord_reset
                0x10005c8c       0x20 CMakeFiles/SistemaComPIRSerial.dir/C_/Users/diego/.pico-sdk/sdk/2.1.0/lib/tinyusb/src/class/vendor/vendor_device.c.obj
                0x10005c8c                vendord_reset
 .text.vendord_open
                0x10005cac      0x138 CMakeFiles/SistemaComPIRSerial.dir/C_/Users/diego/.pico-sdk/sdk/2.1.0/lib/tinyusb/src/class/vendor/vendor_device.c.obj
                0x10005cac                vendord_open
 .text.vendord_xfer_cb
                0x10005de4       0x9c CMakeFiles/SistemaComPIRSerial.dir/C_/Users/diego/.pico-sdk/sdk/2.1.0/lib/tinyusb/src/class/vendor/vendor_device.c.obj
                0x10005de4                vendord_xfer_cb
 .text.tusb_init
                0x10005e80        0xc CMakeFiles/SistemaComPIRSerial.dir/C_/Users/diego/.pico-sdk/sdk/2.1.0/lib/tinyusb/src/tusb.c.obj
                0x10005e80                tusb_init
 .text.tu_edpt_claim
                0x10005e8c       0x50 CMakeFiles/SistemaComPIRSerial.dir/C_/Users/diego/.pico-sdk/sdk/2.1.0/lib/tinyusb/src/tusb.c.obj
                0x10005e8c                tu_edpt_claim
 .text.tu_edpt_release
                0x10005edc       0x38 CMakeFiles/SistemaComPIRSerial.dir/C_/Users/diego/.pico-sdk/sdk/2.1.0/lib/tinyusb/src/tusb.c.obj
                0x10005edc                tu_edpt_release
 .text.tu_edpt_validate
                0x10005f14       0x7c CMakeFiles/SistemaComPIRSerial.dir/C_/Users/diego/.pico-sdk/sdk/2.1.0/lib/tinyusb/src/tusb.c.obj
                0x10005f14                tu_edpt_validate
 .text.tu_edpt_bind_driver
                0x10005f90       0x34 CMakeFiles/SistemaComPIRSerial.dir/C_/Users/diego/.pico-sdk/sdk/2.1.0/lib/tinyusb/src/tusb.c.obj
                0x10005f90                tu_edpt_bind_driver
 .text.tu_edpt_stream_init
                0x10005fc4       0x6c CMakeFiles/SistemaComPIRSerial.dir/C_/Users/diego/.pico-sdk/sdk/2.1.0/lib/tinyusb/src/tusb.c.obj
                0x10005fc4                tu_edpt_stream_init
 .text.tu_edpt_stream_deinit
                0x10006030        0x4 CMakeFiles/SistemaComPIRSerial.dir/C_/Users/diego/.pico-sdk/sdk/2.1.0/lib/tinyusb/src/tusb.c.obj
                0x10006030                tu_edpt_stream_deinit
 .text.tu_edpt_stream_write_zlp_if_needed
                0x10006034       0x68 CMakeFiles/SistemaComPIRSerial.dir/C_/Users/diego/.pico-sdk/sdk/2.1.0/lib/tinyusb/src/tusb.c.obj
                0x10006034                tu_edpt_stream_write_zlp_if_needed
 .text.tu_edpt_stream_write_xfer
                0x1000609c       0x64 CMakeFiles/SistemaComPIRSerial.dir/C_/Users/diego/.pico-sdk/sdk/2.1.0/lib/tinyusb/src/tusb.c.obj
                0x1000609c                tu_edpt_stream_write_xfer
 .text.tu_edpt_stream_read_xfer
                0x10006100       0xdc CMakeFiles/SistemaComPIRSerial.dir/C_/Users/diego/.pico-sdk/sdk/2.1.0/lib/tinyusb/src/tusb.c.obj
                0x10006100                tu_edpt_stream_read_xfer
 .text.tu_fifo_config
                0x100061dc       0x6c CMakeFiles/SistemaComPIRSerial.dir/C_/Users/diego/.pico-sdk/sdk/2.1.0/lib/tinyusb/src/common/tusb_fifo.c.obj
                0x100061dc                tu_fifo_config
 .text.tu_fifo_count
                0x10006248       0x2c CMakeFiles/SistemaComPIRSerial.dir/C_/Users/diego/.pico-sdk/sdk/2.1.0/lib/tinyusb/src/common/tusb_fifo.c.obj
                0x10006248                tu_fifo_count
 .text.tu_fifo_empty
                0x10006274       0x10 CMakeFiles/SistemaComPIRSerial.dir/C_/Users/diego/.pico-sdk/sdk/2.1.0/lib/tinyusb/src/common/tusb_fifo.c.obj
                0x10006274                tu_fifo_empty
 .text.tu_fifo_remaining
                0x10006284       0x2c CMakeFiles/SistemaComPIRSerial.dir/C_/Users/diego/.pico-sdk/sdk/2.1.0/lib/tinyusb/src/common/tusb_fifo.c.obj
                0x10006284                tu_fifo_remaining
 .text.tu_fifo_read
                0x100062b0       0x9c CMakeFiles/SistemaComPIRSerial.dir/C_/Users/diego/.pico-sdk/sdk/2.1.0/lib/tinyusb/src/common/tusb_fifo.c.obj
                0x100062b0                tu_fifo_read
 .text.tu_fifo_read_n
                0x1000634c       0xe8 CMakeFiles/SistemaComPIRSerial.dir/C_/Users/diego/.pico-sdk/sdk/2.1.0/lib/tinyusb/src/common/tusb_fifo.c.obj
                0x1000634c                tu_fifo_read_n
 .text.tu_fifo_write
                0x10006434       0xa8 CMakeFiles/SistemaComPIRSerial.dir/C_/Users/diego/.pico-sdk/sdk/2.1.0/lib/tinyusb/src/common/tusb_fifo.c.obj
                0x10006434                tu_fifo_write
 .text.tu_fifo_write_n
                0x100064dc      0x178 CMakeFiles/SistemaComPIRSerial.dir/C_/Users/diego/.pico-sdk/sdk/2.1.0/lib/tinyusb/src/common/tusb_fifo.c.obj
                0x100064dc                tu_fifo_write_n
 .text.tu_fifo_clear
                0x10006654       0x40 CMakeFiles/SistemaComPIRSerial.dir/C_/Users/diego/.pico-sdk/sdk/2.1.0/lib/tinyusb/src/common/tusb_fifo.c.obj
                0x10006654                tu_fifo_clear
 .text.tu_fifo_set_overwritable
                0x10006694       0x48 CMakeFiles/SistemaComPIRSerial.dir/C_/Users/diego/.pico-sdk/sdk/2.1.0/lib/tinyusb/src/common/tusb_fifo.c.obj
                0x10006694                tu_fifo_set_overwritable
 .text.lwip_timeout_reached
                0x100066dc        0x8 CMakeFiles/SistemaComPIRSerial.dir/C_/Users/diego/.pico-sdk/sdk/2.1.0/src/rp2_common/pico_lwip/lwip_nosys.c.obj
 .text.update_next_timeout
                0x100066e4       0x60 CMakeFiles/SistemaComPIRSerial.dir/C_/Users/diego/.pico-sdk/sdk/2.1.0/src/rp2_common/pico_lwip/lwip_nosys.c.obj
 .text.lwip_nosys_init
                0x10006744       0x30 CMakeFiles/SistemaComPIRSerial.dir/C_/Users/diego/.pico-sdk/sdk/2.1.0/src/rp2_common/pico_lwip/lwip_nosys.c.obj
                0x10006744                lwip_nosys_init
 .text.lwip_nosys_deinit
                0x10006774       0x20 CMakeFiles/SistemaComPIRSerial.dir/C_/Users/diego/.pico-sdk/sdk/2.1.0/src/rp2_common/pico_lwip/lwip_nosys.c.obj
                0x10006774                lwip_nosys_deinit
 .text.sys_arch_protect
                0x10006794        0x4 CMakeFiles/SistemaComPIRSerial.dir/C_/Users/diego/.pico-sdk/sdk/2.1.0/src/rp2_common/pico_lwip/lwip_nosys.c.obj
                0x10006794                sys_arch_protect
 .text.sys_arch_unprotect
                0x10006798        0x4 CMakeFiles/SistemaComPIRSerial.dir/C_/Users/diego/.pico-sdk/sdk/2.1.0/src/rp2_common/pico_lwip/lwip_nosys.c.obj
                0x10006798                sys_arch_unprotect
 .text.sys_now  0x1000679c       0x20 CMakeFiles/SistemaComPIRSerial.dir/C_/Users/diego/.pico-sdk/sdk/2.1.0/src/rp2_common/pico_lwip/lwip_nosys.c.obj
                0x1000679c                sys_now
 .text.async_context_base_add_at_time_worker
                0x100067bc       0x24 CMakeFiles/SistemaComPIRSerial.dir/C_/Users/diego/.pico-sdk/sdk/2.1.0/src/rp2_common/pico_async_context/async_context_base.c.obj
                0x100067bc                async_context_base_add_at_time_worker
 .text.async_context_base_remove_at_time_worker
                0x100067e0       0x28 CMakeFiles/SistemaComPIRSerial.dir/C_/Users/diego/.pico-sdk/sdk/2.1.0/src/rp2_common/pico_async_context/async_context_base.c.obj
                0x100067e0                async_context_base_remove_at_time_worker
 .text.async_context_base_add_when_pending_worker
                0x10006808       0x24 CMakeFiles/SistemaComPIRSerial.dir/C_/Users/diego/.pico-sdk/sdk/2.1.0/src/rp2_common/pico_async_context/async_context_base.c.obj
                0x10006808                async_context_base_add_when_pending_worker
 .text.async_context_base_remove_when_pending_worker
                0x1000682c       0x28 CMakeFiles/SistemaComPIRSerial.dir/C_/Users/diego/.pico-sdk/sdk/2.1.0/src/rp2_common/pico_async_context/async_context_base.c.obj
                0x1000682c                async_context_base_remove_when_pending_worker
 .text.async_context_base_execute_once
                0x10006854      0x108 CMakeFiles/SistemaComPIRSerial.dir/C_/Users/diego/.pico-sdk/sdk/2.1.0/src/rp2_common/pico_async_context/async_context_base.c.obj
                0x10006854                async_context_base_execute_once
 .text.splitmix64
                0x1000695c       0x58 CMakeFiles/SistemaComPIRSerial.dir/C_/Users/diego/.pico-sdk/sdk/2.1.0/src/rp2_common/pico_rand/rand.c.obj
 .text.xoroshiro128ss
                0x100069b4       0x90 CMakeFiles/SistemaComPIRSerial.dir/C_/Users/diego/.pico-sdk/sdk/2.1.0/src/rp2_common/pico_rand/rand.c.obj
 .text.get_rand_64
                0x10006a44      0x4a4 CMakeFiles/SistemaComPIRSerial.dir/C_/Users/diego/.pico-sdk/sdk/2.1.0/src/rp2_common/pico_rand/rand.c.obj
                0x10006a44                get_rand_64
 .text.get_rand_32
                0x10006ee8        0x8 CMakeFiles/SistemaComPIRSerial.dir/C_/Users/diego/.pico-sdk/sdk/2.1.0/src/rp2_common/pico_rand/rand.c.obj
                0x10006ee8                get_rand_32
 .text.lwip_init
                0x10006ef0       0x24 CMakeFiles/SistemaComPIRSerial.dir/C_/Users/diego/.pico-sdk/sdk/2.1.0/lib/lwip/src/core/init.c.obj
                0x10006ef0                lwip_init
 .text.lwip_htons
                0x10006f14        0x8 CMakeFiles/SistemaComPIRSerial.dir/C_/Users/diego/.pico-sdk/sdk/2.1.0/lib/lwip/src/core/def.c.obj
                0x10006f14                lwip_htons
 .text.lwip_htonl
                0x10006f1c        0x4 CMakeFiles/SistemaComPIRSerial.dir/C_/Users/diego/.pico-sdk/sdk/2.1.0/lib/lwip/src/core/def.c.obj
                0x10006f1c                lwip_htonl
 .text.dns_call_found
                0x10006f20      0x184 CMakeFiles/SistemaComPIRSerial.dir/C_/Users/diego/.pico-sdk/sdk/2.1.0/lib/lwip/src/core/dns.c.obj
 .text.dns_send.isra.0
                0x100070a4      0x174 CMakeFiles/SistemaComPIRSerial.dir/C_/Users/diego/.pico-sdk/sdk/2.1.0/lib/lwip/src/core/dns.c.obj
 .text.dns_init
                0x10007218        0x4 CMakeFiles/SistemaComPIRSerial.dir/C_/Users/diego/.pico-sdk/sdk/2.1.0/lib/lwip/src/core/dns.c.obj
                0x10007218                dns_init
 .text.dns_setserver
                0x1000721c       0x24 CMakeFiles/SistemaComPIRSerial.dir/C_/Users/diego/.pico-sdk/sdk/2.1.0/lib/lwip/src/core/dns.c.obj
                0x1000721c                dns_setserver
 .text.dns_tmr  0x10007240      0x140 CMakeFiles/SistemaComPIRSerial.dir/C_/Users/diego/.pico-sdk/sdk/2.1.0/lib/lwip/src/core/dns.c.obj
                0x10007240                dns_tmr
 .text.lwip_standard_chksum
                0x10007380       0xdc CMakeFiles/SistemaComPIRSerial.dir/C_/Users/diego/.pico-sdk/sdk/2.1.0/lib/lwip/src/core/inet_chksum.c.obj
                0x10007380                lwip_standard_chksum
 .text.inet_chksum_pseudo
                0x1000745c       0xbc CMakeFiles/SistemaComPIRSerial.dir/C_/Users/diego/.pico-sdk/sdk/2.1.0/lib/lwip/src/core/inet_chksum.c.obj
                0x1000745c                inet_chksum_pseudo
 .text.ip_chksum_pseudo
                0x10007518       0x10 CMakeFiles/SistemaComPIRSerial.dir/C_/Users/diego/.pico-sdk/sdk/2.1.0/lib/lwip/src/core/inet_chksum.c.obj
                0x10007518                ip_chksum_pseudo
 .text.inet_chksum
                0x10007528        0xc CMakeFiles/SistemaComPIRSerial.dir/C_/Users/diego/.pico-sdk/sdk/2.1.0/lib/lwip/src/core/inet_chksum.c.obj
                0x10007528                inet_chksum
 .text.inet_chksum_pbuf
                0x10007534       0x78 CMakeFiles/SistemaComPIRSerial.dir/C_/Users/diego/.pico-sdk/sdk/2.1.0/lib/lwip/src/core/inet_chksum.c.obj
                0x10007534                inet_chksum_pbuf
 .text.mem_init
                0x100075ac       0x3c CMakeFiles/SistemaComPIRSerial.dir/C_/Users/diego/.pico-sdk/sdk/2.1.0/lib/lwip/src/core/mem.c.obj
                0x100075ac                mem_init
 .text.mem_free
                0x100075e8      0x130 CMakeFiles/SistemaComPIRSerial.dir/C_/Users/diego/.pico-sdk/sdk/2.1.0/lib/lwip/src/core/mem.c.obj
                0x100075e8                mem_free
 .text.mem_trim
                0x10007718      0x104 CMakeFiles/SistemaComPIRSerial.dir/C_/Users/diego/.pico-sdk/sdk/2.1.0/lib/lwip/src/core/mem.c.obj
                0x10007718                mem_trim
 .text.mem_malloc
                0x1000781c      0x124 CMakeFiles/SistemaComPIRSerial.dir/C_/Users/diego/.pico-sdk/sdk/2.1.0/lib/lwip/src/core/mem.c.obj
                0x1000781c                mem_malloc
 .text.memp_init
                0x10007940       0x6c CMakeFiles/SistemaComPIRSerial.dir/C_/Users/diego/.pico-sdk/sdk/2.1.0/lib/lwip/src/core/memp.c.obj
                0x10007940                memp_init
 .text.memp_malloc
                0x100079ac       0x40 CMakeFiles/SistemaComPIRSerial.dir/C_/Users/diego/.pico-sdk/sdk/2.1.0/lib/lwip/src/core/memp.c.obj
                0x100079ac                memp_malloc
 .text.memp_free
                0x100079ec       0x38 CMakeFiles/SistemaComPIRSerial.dir/C_/Users/diego/.pico-sdk/sdk/2.1.0/lib/lwip/src/core/memp.c.obj
                0x100079ec                memp_free
 .text.netif_null_output_ip4
                0x10007a24        0x8 CMakeFiles/SistemaComPIRSerial.dir/C_/Users/diego/.pico-sdk/sdk/2.1.0/lib/lwip/src/core/netif.c.obj
 .text.netif_do_set_ipaddr.isra.0
                0x10007a2c       0x60 CMakeFiles/SistemaComPIRSerial.dir/C_/Users/diego/.pico-sdk/sdk/2.1.0/lib/lwip/src/core/netif.c.obj
 .text.netif_init
                0x10007a8c        0x4 CMakeFiles/SistemaComPIRSerial.dir/C_/Users/diego/.pico-sdk/sdk/2.1.0/lib/lwip/src/core/netif.c.obj
                0x10007a8c                netif_init
 .text.netif_add
                0x10007a90      0x16c CMakeFiles/SistemaComPIRSerial.dir/C_/Users/diego/.pico-sdk/sdk/2.1.0/lib/lwip/src/core/netif.c.obj
                0x10007a90                netif_add
 .text.netif_set_addr
                0x10007bfc       0xb4 CMakeFiles/SistemaComPIRSerial.dir/C_/Users/diego/.pico-sdk/sdk/2.1.0/lib/lwip/src/core/netif.c.obj
                0x10007bfc                netif_set_addr
 .text.netif_remove
                0x10007cb0       0x94 CMakeFiles/SistemaComPIRSerial.dir/C_/Users/diego/.pico-sdk/sdk/2.1.0/lib/lwip/src/core/netif.c.obj
                0x10007cb0                netif_remove
 .text.netif_set_default
                0x10007d44        0xc CMakeFiles/SistemaComPIRSerial.dir/C_/Users/diego/.pico-sdk/sdk/2.1.0/lib/lwip/src/core/netif.c.obj
                0x10007d44                netif_set_default
 .text.netif_set_up
                0x10007d50       0x40 CMakeFiles/SistemaComPIRSerial.dir/C_/Users/diego/.pico-sdk/sdk/2.1.0/lib/lwip/src/core/netif.c.obj
                0x10007d50                netif_set_up
 .text.netif_set_link_up
                0x10007d90       0x44 CMakeFiles/SistemaComPIRSerial.dir/C_/Users/diego/.pico-sdk/sdk/2.1.0/lib/lwip/src/core/netif.c.obj
                0x10007d90                netif_set_link_up
 .text.netif_set_link_down
                0x10007dd4       0x20 CMakeFiles/SistemaComPIRSerial.dir/C_/Users/diego/.pico-sdk/sdk/2.1.0/lib/lwip/src/core/netif.c.obj
                0x10007dd4                netif_set_link_down
 .text.netif_get_by_index
                0x10007df4       0x2c CMakeFiles/SistemaComPIRSerial.dir/C_/Users/diego/.pico-sdk/sdk/2.1.0/lib/lwip/src/core/netif.c.obj
                0x10007df4                netif_get_by_index
 .text.pbuf_free.part.0
                0x10007e20       0x7c CMakeFiles/SistemaComPIRSerial.dir/C_/Users/diego/.pico-sdk/sdk/2.1.0/lib/lwip/src/core/pbuf.c.obj
 .text.pbuf_free_ooseq
                0x10007e9c       0x34 CMakeFiles/SistemaComPIRSerial.dir/C_/Users/diego/.pico-sdk/sdk/2.1.0/lib/lwip/src/core/pbuf.c.obj
                0x10007e9c                pbuf_free_ooseq
 .text.pbuf_alloc
                0x10007ed0      0x134 CMakeFiles/SistemaComPIRSerial.dir/C_/Users/diego/.pico-sdk/sdk/2.1.0/lib/lwip/src/core/pbuf.c.obj
                0x10007ed0                pbuf_alloc
 .text.pbuf_realloc
                0x10008004       0x84 CMakeFiles/SistemaComPIRSerial.dir/C_/Users/diego/.pico-sdk/sdk/2.1.0/lib/lwip/src/core/pbuf.c.obj
                0x10008004                pbuf_realloc
 .text.pbuf_add_header
                0x10008088       0x50 CMakeFiles/SistemaComPIRSerial.dir/C_/Users/diego/.pico-sdk/sdk/2.1.0/lib/lwip/src/core/pbuf.c.obj
                0x10008088                pbuf_add_header
 .text.pbuf_remove_header
                0x100080d8       0x3c CMakeFiles/SistemaComPIRSerial.dir/C_/Users/diego/.pico-sdk/sdk/2.1.0/lib/lwip/src/core/pbuf.c.obj
                0x100080d8                pbuf_remove_header
 .text.pbuf_header_force
                0x10008114       0x68 CMakeFiles/SistemaComPIRSerial.dir/C_/Users/diego/.pico-sdk/sdk/2.1.0/lib/lwip/src/core/pbuf.c.obj
                0x10008114                pbuf_header_force
 .text.pbuf_free
                0x1000817c       0x18 CMakeFiles/SistemaComPIRSerial.dir/C_/Users/diego/.pico-sdk/sdk/2.1.0/lib/lwip/src/core/pbuf.c.obj
                0x1000817c                pbuf_free
 .text.pbuf_clen
                0x10008194       0x14 CMakeFiles/SistemaComPIRSerial.dir/C_/Users/diego/.pico-sdk/sdk/2.1.0/lib/lwip/src/core/pbuf.c.obj
                0x10008194                pbuf_clen
 .text.pbuf_ref
                0x100081a8       0x28 CMakeFiles/SistemaComPIRSerial.dir/C_/Users/diego/.pico-sdk/sdk/2.1.0/lib/lwip/src/core/pbuf.c.obj
                0x100081a8                pbuf_ref
 .text.pbuf_cat
                0x100081d0       0x44 CMakeFiles/SistemaComPIRSerial.dir/C_/Users/diego/.pico-sdk/sdk/2.1.0/lib/lwip/src/core/pbuf.c.obj
                0x100081d0                pbuf_cat
 .text.pbuf_chain
                0x10008214       0x64 CMakeFiles/SistemaComPIRSerial.dir/C_/Users/diego/.pico-sdk/sdk/2.1.0/lib/lwip/src/core/pbuf.c.obj
                0x10008214                pbuf_chain
 .text.pbuf_copy_partial_pbuf
                0x10008278      0x148 CMakeFiles/SistemaComPIRSerial.dir/C_/Users/diego/.pico-sdk/sdk/2.1.0/lib/lwip/src/core/pbuf.c.obj
                0x10008278                pbuf_copy_partial_pbuf
 .text.pbuf_copy
                0x100083c0       0x18 CMakeFiles/SistemaComPIRSerial.dir/C_/Users/diego/.pico-sdk/sdk/2.1.0/lib/lwip/src/core/pbuf.c.obj
                0x100083c0                pbuf_copy
 .text.pbuf_copy_partial
                0x100083d8       0x68 CMakeFiles/SistemaComPIRSerial.dir/C_/Users/diego/.pico-sdk/sdk/2.1.0/lib/lwip/src/core/pbuf.c.obj
                0x100083d8                pbuf_copy_partial
 .text.pbuf_take
                0x10008440       0x78 CMakeFiles/SistemaComPIRSerial.dir/C_/Users/diego/.pico-sdk/sdk/2.1.0/lib/lwip/src/core/pbuf.c.obj
                0x10008440                pbuf_take
 .text.pbuf_take_at
                0x100084b8       0xcc CMakeFiles/SistemaComPIRSerial.dir/C_/Users/diego/.pico-sdk/sdk/2.1.0/lib/lwip/src/core/pbuf.c.obj
                0x100084b8                pbuf_take_at
 .text.pbuf_clone
                0x10008584       0x30 CMakeFiles/SistemaComPIRSerial.dir/C_/Users/diego/.pico-sdk/sdk/2.1.0/lib/lwip/src/core/pbuf.c.obj
                0x10008584                pbuf_clone
 .text.pbuf_put_at
                0x100085b4       0x1c CMakeFiles/SistemaComPIRSerial.dir/C_/Users/diego/.pico-sdk/sdk/2.1.0/lib/lwip/src/core/pbuf.c.obj
                0x100085b4                pbuf_put_at
 .text.raw_input
                0x100085d0      0x164 CMakeFiles/SistemaComPIRSerial.dir/C_/Users/diego/.pico-sdk/sdk/2.1.0/lib/lwip/src/core/raw.c.obj
                0x100085d0                raw_input
 .text.raw_netif_ip_addr_changed
                0x10008734       0x40 CMakeFiles/SistemaComPIRSerial.dir/C_/Users/diego/.pico-sdk/sdk/2.1.0/lib/lwip/src/core/raw.c.obj
                0x10008734                raw_netif_ip_addr_changed
 .text.stats_init
                0x10008774        0x4 CMakeFiles/SistemaComPIRSerial.dir/C_/Users/diego/.pico-sdk/sdk/2.1.0/lib/lwip/src/core/stats.c.obj
                0x10008774                stats_init
 .text.tcp_close_shutdown_fin
                0x10008778       0x54 CMakeFiles/SistemaComPIRSerial.dir/C_/Users/diego/.pico-sdk/sdk/2.1.0/lib/lwip/src/core/tcp.c.obj
 .text.tcp_pcb_purge.part.0
                0x100087cc       0xc4 CMakeFiles/SistemaComPIRSerial.dir/C_/Users/diego/.pico-sdk/sdk/2.1.0/lib/lwip/src/core/tcp.c.obj
 .text.tcp_init
                0x10008890       0x20 CMakeFiles/SistemaComPIRSerial.dir/C_/Users/diego/.pico-sdk/sdk/2.1.0/lib/lwip/src/core/tcp.c.obj
                0x10008890                tcp_init
 .text.tcp_free
                0x100088b0       0x1c CMakeFiles/SistemaComPIRSerial.dir/C_/Users/diego/.pico-sdk/sdk/2.1.0/lib/lwip/src/core/tcp.c.obj
                0x100088b0                tcp_free
 .text.tcp_update_rcv_ann_wnd
                0x100088cc       0x58 CMakeFiles/SistemaComPIRSerial.dir/C_/Users/diego/.pico-sdk/sdk/2.1.0/lib/lwip/src/core/tcp.c.obj
                0x100088cc                tcp_update_rcv_ann_wnd
 .text.tcp_recved
                0x10008924       0x98 CMakeFiles/SistemaComPIRSerial.dir/C_/Users/diego/.pico-sdk/sdk/2.1.0/lib/lwip/src/core/tcp.c.obj
                0x10008924                tcp_recved
 .text.tcp_slowtmr
                0x100089bc      0x524 CMakeFiles/SistemaComPIRSerial.dir/C_/Users/diego/.pico-sdk/sdk/2.1.0/lib/lwip/src/core/tcp.c.obj
                0x100089bc                tcp_slowtmr
 .text.tcp_segs_free
                0x10008ee0       0x38 CMakeFiles/SistemaComPIRSerial.dir/C_/Users/diego/.pico-sdk/sdk/2.1.0/lib/lwip/src/core/tcp.c.obj
                0x10008ee0                tcp_segs_free
 .text.tcp_seg_free
                0x10008f18       0x1c CMakeFiles/SistemaComPIRSerial.dir/C_/Users/diego/.pico-sdk/sdk/2.1.0/lib/lwip/src/core/tcp.c.obj
                0x10008f18                tcp_seg_free
 .text.tcp_seg_copy
                0x10008f34       0x2c CMakeFiles/SistemaComPIRSerial.dir/C_/Users/diego/.pico-sdk/sdk/2.1.0/lib/lwip/src/core/tcp.c.obj
                0x10008f34                tcp_seg_copy
 .text.tcp_pcb_purge
                0x10008f60       0x18 CMakeFiles/SistemaComPIRSerial.dir/C_/Users/diego/.pico-sdk/sdk/2.1.0/lib/lwip/src/core/tcp.c.obj
                0x10008f60                tcp_pcb_purge
 .text.tcp_pcb_remove
                0x10008f78       0xc8 CMakeFiles/SistemaComPIRSerial.dir/C_/Users/diego/.pico-sdk/sdk/2.1.0/lib/lwip/src/core/tcp.c.obj
                0x10008f78                tcp_pcb_remove
 .text.tcp_abandon
                0x10009040      0x1a0 CMakeFiles/SistemaComPIRSerial.dir/C_/Users/diego/.pico-sdk/sdk/2.1.0/lib/lwip/src/core/tcp.c.obj
                0x10009040                tcp_abandon
 .text.tcp_abort
                0x100091e0        0xc CMakeFiles/SistemaComPIRSerial.dir/C_/Users/diego/.pico-sdk/sdk/2.1.0/lib/lwip/src/core/tcp.c.obj
                0x100091e0                tcp_abort
 .text.tcp_alloc
                0x100091ec      0x1d4 CMakeFiles/SistemaComPIRSerial.dir/C_/Users/diego/.pico-sdk/sdk/2.1.0/lib/lwip/src/core/tcp.c.obj
                0x100091ec                tcp_alloc
 .text.tcp_close_shutdown
                0x100093c0      0x188 CMakeFiles/SistemaComPIRSerial.dir/C_/Users/diego/.pico-sdk/sdk/2.1.0/lib/lwip/src/core/tcp.c.obj
 .text.tcp_recv_null
                0x10009548       0xcc CMakeFiles/SistemaComPIRSerial.dir/C_/Users/diego/.pico-sdk/sdk/2.1.0/lib/lwip/src/core/tcp.c.obj
                0x10009548                tcp_recv_null
 .text.tcp_process_refused_data
                0x10009614       0x78 CMakeFiles/SistemaComPIRSerial.dir/C_/Users/diego/.pico-sdk/sdk/2.1.0/lib/lwip/src/core/tcp.c.obj
                0x10009614                tcp_process_refused_data
 .text.tcp_fasttmr
                0x1000968c       0x98 CMakeFiles/SistemaComPIRSerial.dir/C_/Users/diego/.pico-sdk/sdk/2.1.0/lib/lwip/src/core/tcp.c.obj
                0x1000968c                tcp_fasttmr
 .text.tcp_tmr  0x10009724       0x20 CMakeFiles/SistemaComPIRSerial.dir/C_/Users/diego/.pico-sdk/sdk/2.1.0/lib/lwip/src/core/tcp.c.obj
                0x10009724                tcp_tmr
 .text.tcp_next_iss
                0x10009744       0x28 CMakeFiles/SistemaComPIRSerial.dir/C_/Users/diego/.pico-sdk/sdk/2.1.0/lib/lwip/src/core/tcp.c.obj
                0x10009744                tcp_next_iss
 .text.tcp_eff_send_mss_netif
                0x1000976c       0x34 CMakeFiles/SistemaComPIRSerial.dir/C_/Users/diego/.pico-sdk/sdk/2.1.0/lib/lwip/src/core/tcp.c.obj
                0x1000976c                tcp_eff_send_mss_netif
 .text.tcp_netif_ip_addr_changed
                0x100097a0       0x94 CMakeFiles/SistemaComPIRSerial.dir/C_/Users/diego/.pico-sdk/sdk/2.1.0/lib/lwip/src/core/tcp.c.obj
                0x100097a0                tcp_netif_ip_addr_changed
 .text.tcp_free_ooseq
                0x10009834       0x40 CMakeFiles/SistemaComPIRSerial.dir/C_/Users/diego/.pico-sdk/sdk/2.1.0/lib/lwip/src/core/tcp.c.obj
                0x10009834                tcp_free_ooseq
 .text.tcp_parseopt
                0x10009874      0x1bc CMakeFiles/SistemaComPIRSerial.dir/C_/Users/diego/.pico-sdk/sdk/2.1.0/lib/lwip/src/core/tcp_in.c.obj
 .text.tcp_oos_insert_segment
                0x10009a30       0xdc CMakeFiles/SistemaComPIRSerial.dir/C_/Users/diego/.pico-sdk/sdk/2.1.0/lib/lwip/src/core/tcp_in.c.obj
 .text.tcp_free_acked_segments.isra.0
                0x10009b0c       0xdc CMakeFiles/SistemaComPIRSerial.dir/C_/Users/diego/.pico-sdk/sdk/2.1.0/lib/lwip/src/core/tcp_in.c.obj
 .text.tcp_receive
                0x10009be8      0xa00 CMakeFiles/SistemaComPIRSerial.dir/C_/Users/diego/.pico-sdk/sdk/2.1.0/lib/lwip/src/core/tcp_in.c.obj
 .text.tcp_input
                0x1000a5e8      0xe54 CMakeFiles/SistemaComPIRSerial.dir/C_/Users/diego/.pico-sdk/sdk/2.1.0/lib/lwip/src/core/tcp_in.c.obj
                0x1000a5e8                tcp_input
 .text.tcp_trigger_input_pcb_close
                0x1000b43c       0x10 CMakeFiles/SistemaComPIRSerial.dir/C_/Users/diego/.pico-sdk/sdk/2.1.0/lib/lwip/src/core/tcp_in.c.obj
                0x1000b43c                tcp_trigger_input_pcb_close
 .text.tcp_create_segment
                0x1000b44c       0xf8 CMakeFiles/SistemaComPIRSerial.dir/C_/Users/diego/.pico-sdk/sdk/2.1.0/lib/lwip/src/core/tcp_out.c.obj
 .text.tcp_output_control_segment
                0x1000b544       0xc0 CMakeFiles/SistemaComPIRSerial.dir/C_/Users/diego/.pico-sdk/sdk/2.1.0/lib/lwip/src/core/tcp_out.c.obj
 .text.tcp_output_alloc_header.constprop.0
                0x1000b604       0xc8 CMakeFiles/SistemaComPIRSerial.dir/C_/Users/diego/.pico-sdk/sdk/2.1.0/lib/lwip/src/core/tcp_out.c.obj
 .text.tcp_split_unsent_seg
                0x1000b6cc      0x1b4 CMakeFiles/SistemaComPIRSerial.dir/C_/Users/diego/.pico-sdk/sdk/2.1.0/lib/lwip/src/core/tcp_out.c.obj
                0x1000b6cc                tcp_split_unsent_seg
 .text.tcp_send_fin
                0x1000b880      0x118 CMakeFiles/SistemaComPIRSerial.dir/C_/Users/diego/.pico-sdk/sdk/2.1.0/lib/lwip/src/core/tcp_out.c.obj
                0x1000b880                tcp_send_fin
 .text.tcp_enqueue_flags
                0x1000b998      0x108 CMakeFiles/SistemaComPIRSerial.dir/C_/Users/diego/.pico-sdk/sdk/2.1.0/lib/lwip/src/core/tcp_out.c.obj
                0x1000b998                tcp_enqueue_flags
 .text.tcp_rexmit_rto_prepare
                0x1000baa0       0x9c CMakeFiles/SistemaComPIRSerial.dir/C_/Users/diego/.pico-sdk/sdk/2.1.0/lib/lwip/src/core/tcp_out.c.obj
                0x1000baa0                tcp_rexmit_rto_prepare
 .text.tcp_rexmit
                0x1000bb3c       0x9c CMakeFiles/SistemaComPIRSerial.dir/C_/Users/diego/.pico-sdk/sdk/2.1.0/lib/lwip/src/core/tcp_out.c.obj
                0x1000bb3c                tcp_rexmit
 .text.tcp_rexmit_fast
                0x1000bbd8       0x64 CMakeFiles/SistemaComPIRSerial.dir/C_/Users/diego/.pico-sdk/sdk/2.1.0/lib/lwip/src/core/tcp_out.c.obj
                0x1000bbd8                tcp_rexmit_fast
 .text.tcp_rst  0x1000bc3c       0xe8 CMakeFiles/SistemaComPIRSerial.dir/C_/Users/diego/.pico-sdk/sdk/2.1.0/lib/lwip/src/core/tcp_out.c.obj
                0x1000bc3c                tcp_rst
 .text.tcp_rst_netif
                0x1000bd24      0x130 CMakeFiles/SistemaComPIRSerial.dir/C_/Users/diego/.pico-sdk/sdk/2.1.0/lib/lwip/src/core/tcp_out.c.obj
                0x1000bd24                tcp_rst_netif
 .text.tcp_send_empty_ack
                0x1000be54       0x4c CMakeFiles/SistemaComPIRSerial.dir/C_/Users/diego/.pico-sdk/sdk/2.1.0/lib/lwip/src/core/tcp_out.c.obj
                0x1000be54                tcp_send_empty_ack
 .text.tcp_output
                0x1000bea0      0x454 CMakeFiles/SistemaComPIRSerial.dir/C_/Users/diego/.pico-sdk/sdk/2.1.0/lib/lwip/src/core/tcp_out.c.obj
                0x1000bea0                tcp_output
 .text.tcp_rexmit_rto_commit
                0x1000c2f4       0x24 CMakeFiles/SistemaComPIRSerial.dir/C_/Users/diego/.pico-sdk/sdk/2.1.0/lib/lwip/src/core/tcp_out.c.obj
                0x1000c2f4                tcp_rexmit_rto_commit
 .text.tcp_rexmit_rto
                0x1000c318       0xa4 CMakeFiles/SistemaComPIRSerial.dir/C_/Users/diego/.pico-sdk/sdk/2.1.0/lib/lwip/src/core/tcp_out.c.obj
                0x1000c318                tcp_rexmit_rto
 .text.tcp_keepalive
                0x1000c3bc       0xdc CMakeFiles/SistemaComPIRSerial.dir/C_/Users/diego/.pico-sdk/sdk/2.1.0/lib/lwip/src/core/tcp_out.c.obj
                0x1000c3bc                tcp_keepalive
 .text.tcp_zero_window_probe
                0x1000c498      0x110 CMakeFiles/SistemaComPIRSerial.dir/C_/Users/diego/.pico-sdk/sdk/2.1.0/lib/lwip/src/core/tcp_out.c.obj
                0x1000c498                tcp_zero_window_probe
 .text.tcpip_tcp_timer
                0x1000c5a8       0x78 CMakeFiles/SistemaComPIRSerial.dir/C_/Users/diego/.pico-sdk/sdk/2.1.0/lib/lwip/src/core/timeouts.c.obj
 .text.lwip_cyclic_timer
                0x1000c620       0x98 CMakeFiles/SistemaComPIRSerial.dir/C_/Users/diego/.pico-sdk/sdk/2.1.0/lib/lwip/src/core/timeouts.c.obj
 .text.tcp_timer_needed
                0x1000c6b8       0x7c CMakeFiles/SistemaComPIRSerial.dir/C_/Users/diego/.pico-sdk/sdk/2.1.0/lib/lwip/src/core/timeouts.c.obj
                0x1000c6b8                tcp_timer_needed
 .text.sys_timeouts_init
                0x1000c734       0x8c CMakeFiles/SistemaComPIRSerial.dir/C_/Users/diego/.pico-sdk/sdk/2.1.0/lib/lwip/src/core/timeouts.c.obj
                0x1000c734                sys_timeouts_init
 .text.sys_check_timeouts
                0x1000c7c0       0x68 CMakeFiles/SistemaComPIRSerial.dir/C_/Users/diego/.pico-sdk/sdk/2.1.0/lib/lwip/src/core/timeouts.c.obj
                0x1000c7c0                sys_check_timeouts
 .text.sys_timeouts_sleeptime
                0x1000c828       0x28 CMakeFiles/SistemaComPIRSerial.dir/C_/Users/diego/.pico-sdk/sdk/2.1.0/lib/lwip/src/core/timeouts.c.obj
                0x1000c828                sys_timeouts_sleeptime
 .text.udp_init
                0x1000c850       0x20 CMakeFiles/SistemaComPIRSerial.dir/C_/Users/diego/.pico-sdk/sdk/2.1.0/lib/lwip/src/core/udp.c.obj
                0x1000c850                udp_init
 .text.udp_input
                0x1000c870      0x320 CMakeFiles/SistemaComPIRSerial.dir/C_/Users/diego/.pico-sdk/sdk/2.1.0/lib/lwip/src/core/udp.c.obj
                0x1000c870                udp_input
 .text.udp_bind
                0x1000cb90      0x118 CMakeFiles/SistemaComPIRSerial.dir/C_/Users/diego/.pico-sdk/sdk/2.1.0/lib/lwip/src/core/udp.c.obj
                0x1000cb90                udp_bind
 .text.udp_sendto_if_src
                0x1000cca8      0x130 CMakeFiles/SistemaComPIRSerial.dir/C_/Users/diego/.pico-sdk/sdk/2.1.0/lib/lwip/src/core/udp.c.obj
                0x1000cca8                udp_sendto_if_src
 .text.udp_sendto_if
                0x1000cdd8       0x48 CMakeFiles/SistemaComPIRSerial.dir/C_/Users/diego/.pico-sdk/sdk/2.1.0/lib/lwip/src/core/udp.c.obj
                0x1000cdd8                udp_sendto_if
 .text.udp_sendto
                0x1000ce20       0x78 CMakeFiles/SistemaComPIRSerial.dir/C_/Users/diego/.pico-sdk/sdk/2.1.0/lib/lwip/src/core/udp.c.obj
                0x1000ce20                udp_sendto
 .text.udp_connect
                0x1000ce98       0x60 CMakeFiles/SistemaComPIRSerial.dir/C_/Users/diego/.pico-sdk/sdk/2.1.0/lib/lwip/src/core/udp.c.obj
                0x1000ce98                udp_connect
 .text.udp_recv
                0x1000cef8        0xc CMakeFiles/SistemaComPIRSerial.dir/C_/Users/diego/.pico-sdk/sdk/2.1.0/lib/lwip/src/core/udp.c.obj
                0x1000cef8                udp_recv
 .text.udp_remove
                0x1000cf04       0x3c CMakeFiles/SistemaComPIRSerial.dir/C_/Users/diego/.pico-sdk/sdk/2.1.0/lib/lwip/src/core/udp.c.obj
                0x1000cf04                udp_remove
 .text.udp_new  0x1000cf40       0x1c CMakeFiles/SistemaComPIRSerial.dir/C_/Users/diego/.pico-sdk/sdk/2.1.0/lib/lwip/src/core/udp.c.obj
                0x1000cf40                udp_new
 .text.udp_netif_ip_addr_changed
                0x1000cf5c       0x40 CMakeFiles/SistemaComPIRSerial.dir/C_/Users/diego/.pico-sdk/sdk/2.1.0/lib/lwip/src/core/udp.c.obj
                0x1000cf5c                udp_netif_ip_addr_changed
 .text.dhcp_create_msg
                0x1000cf9c      0x164 CMakeFiles/SistemaComPIRSerial.dir/C_/Users/diego/.pico-sdk/sdk/2.1.0/lib/lwip/src/core/ipv4/dhcp.c.obj
 .text.dhcp_inc_pcb_refcount
                0x1000d100       0x6c CMakeFiles/SistemaComPIRSerial.dir/C_/Users/diego/.pico-sdk/sdk/2.1.0/lib/lwip/src/core/ipv4/dhcp.c.obj
 .text.dhcp_bind
                0x1000d16c      0x138 CMakeFiles/SistemaComPIRSerial.dir/C_/Users/diego/.pico-sdk/sdk/2.1.0/lib/lwip/src/core/ipv4/dhcp.c.obj
 .text.dhcp_option_hostname.isra.0
                0x1000d2a4       0x84 CMakeFiles/SistemaComPIRSerial.dir/C_/Users/diego/.pico-sdk/sdk/2.1.0/lib/lwip/src/core/ipv4/dhcp.c.obj
 .text.dhcp_handle_ack.isra.0
                0x1000d328       0xcc CMakeFiles/SistemaComPIRSerial.dir/C_/Users/diego/.pico-sdk/sdk/2.1.0/lib/lwip/src/core/ipv4/dhcp.c.obj
 .text.dhcp_reboot.isra.0
                0x1000d3f4      0x178 CMakeFiles/SistemaComPIRSerial.dir/C_/Users/diego/.pico-sdk/sdk/2.1.0/lib/lwip/src/core/ipv4/dhcp.c.obj
 .text.dhcp_discover
                0x1000d56c      0x140 CMakeFiles/SistemaComPIRSerial.dir/C_/Users/diego/.pico-sdk/sdk/2.1.0/lib/lwip/src/core/ipv4/dhcp.c.obj
 .text.dhcp_select.isra.0
                0x1000d6ac      0x1e0 CMakeFiles/SistemaComPIRSerial.dir/C_/Users/diego/.pico-sdk/sdk/2.1.0/lib/lwip/src/core/ipv4/dhcp.c.obj
 .text.dhcp_recv
                0x1000d88c      0x47c CMakeFiles/SistemaComPIRSerial.dir/C_/Users/diego/.pico-sdk/sdk/2.1.0/lib/lwip/src/core/ipv4/dhcp.c.obj
 .text.dhcp_set_struct
                0x1000dd08       0x44 CMakeFiles/SistemaComPIRSerial.dir/C_/Users/diego/.pico-sdk/sdk/2.1.0/lib/lwip/src/core/ipv4/dhcp.c.obj
                0x1000dd08                dhcp_set_struct
 .text.dhcp_network_changed_link_up
                0x1000dd4c       0x40 CMakeFiles/SistemaComPIRSerial.dir/C_/Users/diego/.pico-sdk/sdk/2.1.0/lib/lwip/src/core/ipv4/dhcp.c.obj
                0x1000dd4c                dhcp_network_changed_link_up
 .text.dhcp_renew
                0x1000dd8c      0x138 CMakeFiles/SistemaComPIRSerial.dir/C_/Users/diego/.pico-sdk/sdk/2.1.0/lib/lwip/src/core/ipv4/dhcp.c.obj
                0x1000dd8c                dhcp_renew
 .text.dhcp_release_and_stop
                0x1000dec4      0x158 CMakeFiles/SistemaComPIRSerial.dir/C_/Users/diego/.pico-sdk/sdk/2.1.0/lib/lwip/src/core/ipv4/dhcp.c.obj
                0x1000dec4                dhcp_release_and_stop
 .text.dhcp_start
                0x1000e01c       0xb0 CMakeFiles/SistemaComPIRSerial.dir/C_/Users/diego/.pico-sdk/sdk/2.1.0/lib/lwip/src/core/ipv4/dhcp.c.obj
                0x1000e01c                dhcp_start
 .text.dhcp_coarse_tmr
                0x1000e0cc      0x1d8 CMakeFiles/SistemaComPIRSerial.dir/C_/Users/diego/.pico-sdk/sdk/2.1.0/lib/lwip/src/core/ipv4/dhcp.c.obj
                0x1000e0cc                dhcp_coarse_tmr
 .text.dhcp_fine_tmr
                0x1000e2a4       0x78 CMakeFiles/SistemaComPIRSerial.dir/C_/Users/diego/.pico-sdk/sdk/2.1.0/lib/lwip/src/core/ipv4/dhcp.c.obj
                0x1000e2a4                dhcp_fine_tmr
 .text.dhcp_stop
                0x1000e31c      0x158 CMakeFiles/SistemaComPIRSerial.dir/C_/Users/diego/.pico-sdk/sdk/2.1.0/lib/lwip/src/core/ipv4/dhcp.c.obj
                0x1000e31c                dhcp_stop
 .text.etharp_find_entry
                0x1000e474      0x3c0 CMakeFiles/SistemaComPIRSerial.dir/C_/Users/diego/.pico-sdk/sdk/2.1.0/lib/lwip/src/core/ipv4/etharp.c.obj
 .text.etharp_raw
                0x1000e834       0xec CMakeFiles/SistemaComPIRSerial.dir/C_/Users/diego/.pico-sdk/sdk/2.1.0/lib/lwip/src/core/ipv4/etharp.c.obj
 .text.etharp_output_to_arp_index
                0x1000e920       0xd0 CMakeFiles/SistemaComPIRSerial.dir/C_/Users/diego/.pico-sdk/sdk/2.1.0/lib/lwip/src/core/ipv4/etharp.c.obj
 .text.etharp_tmr
                0x1000e9f0       0x94 CMakeFiles/SistemaComPIRSerial.dir/C_/Users/diego/.pico-sdk/sdk/2.1.0/lib/lwip/src/core/ipv4/etharp.c.obj
                0x1000e9f0                etharp_tmr
 .text.etharp_cleanup_netif
                0x1000ea84      0x188 CMakeFiles/SistemaComPIRSerial.dir/C_/Users/diego/.pico-sdk/sdk/2.1.0/lib/lwip/src/core/ipv4/etharp.c.obj
                0x1000ea84                etharp_cleanup_netif
 .text.etharp_input
                0x1000ec0c      0x1b8 CMakeFiles/SistemaComPIRSerial.dir/C_/Users/diego/.pico-sdk/sdk/2.1.0/lib/lwip/src/core/ipv4/etharp.c.obj
                0x1000ec0c                etharp_input
 .text.etharp_query
                0x1000edc4      0x1b8 CMakeFiles/SistemaComPIRSerial.dir/C_/Users/diego/.pico-sdk/sdk/2.1.0/lib/lwip/src/core/ipv4/etharp.c.obj
                0x1000edc4                etharp_query
 .text.etharp_output
                0x1000ef7c      0x24c CMakeFiles/SistemaComPIRSerial.dir/C_/Users/diego/.pico-sdk/sdk/2.1.0/lib/lwip/src/core/ipv4/etharp.c.obj
                0x1000ef7c                etharp_output
 .text.etharp_request
                0x1000f1c8       0x2c CMakeFiles/SistemaComPIRSerial.dir/C_/Users/diego/.pico-sdk/sdk/2.1.0/lib/lwip/src/core/ipv4/etharp.c.obj
                0x1000f1c8                etharp_request
 .text.icmp_input
                0x1000f1f4      0x1ec CMakeFiles/SistemaComPIRSerial.dir/C_/Users/diego/.pico-sdk/sdk/2.1.0/lib/lwip/src/core/ipv4/icmp.c.obj
                0x1000f1f4                icmp_input
 .text.icmp_dest_unreach
                0x1000f3e0       0xcc CMakeFiles/SistemaComPIRSerial.dir/C_/Users/diego/.pico-sdk/sdk/2.1.0/lib/lwip/src/core/ipv4/icmp.c.obj
                0x1000f3e0                icmp_dest_unreach
 .text.icmp_time_exceeded
                0x1000f4ac       0xcc CMakeFiles/SistemaComPIRSerial.dir/C_/Users/diego/.pico-sdk/sdk/2.1.0/lib/lwip/src/core/ipv4/icmp.c.obj
                0x1000f4ac                icmp_time_exceeded
 .text.ip_reass_free_complete_datagram
                0x1000f578      0x11c CMakeFiles/SistemaComPIRSerial.dir/C_/Users/diego/.pico-sdk/sdk/2.1.0/lib/lwip/src/core/ipv4/ip4_frag.c.obj
 .text.ip_reass_remove_oldest_datagram
                0x1000f694       0xd8 CMakeFiles/SistemaComPIRSerial.dir/C_/Users/diego/.pico-sdk/sdk/2.1.0/lib/lwip/src/core/ipv4/ip4_frag.c.obj
 .text.ip_reass_tmr
                0x1000f76c       0x30 CMakeFiles/SistemaComPIRSerial.dir/C_/Users/diego/.pico-sdk/sdk/2.1.0/lib/lwip/src/core/ipv4/ip4_frag.c.obj
                0x1000f76c                ip_reass_tmr
 .text.ip4_reass
                0x1000f79c      0x560 CMakeFiles/SistemaComPIRSerial.dir/C_/Users/diego/.pico-sdk/sdk/2.1.0/lib/lwip/src/core/ipv4/ip4_frag.c.obj
                0x1000f79c                ip4_reass
 .text.ip4_frag
                0x1000fcfc      0x254 CMakeFiles/SistemaComPIRSerial.dir/C_/Users/diego/.pico-sdk/sdk/2.1.0/lib/lwip/src/core/ipv4/ip4_frag.c.obj
                0x1000fcfc                ip4_frag
 .text.ip4_route
                0x1000ff50       0x7c CMakeFiles/SistemaComPIRSerial.dir/C_/Users/diego/.pico-sdk/sdk/2.1.0/lib/lwip/src/core/ipv4/ip4.c.obj
                0x1000ff50                ip4_route
 .text.ip4_input
                0x1000ffcc      0x300 CMakeFiles/SistemaComPIRSerial.dir/C_/Users/diego/.pico-sdk/sdk/2.1.0/lib/lwip/src/core/ipv4/ip4.c.obj
                0x1000ffcc                ip4_input
 .text.ip4_output_if
                0x100102cc      0x190 CMakeFiles/SistemaComPIRSerial.dir/C_/Users/diego/.pico-sdk/sdk/2.1.0/lib/lwip/src/core/ipv4/ip4.c.obj
                0x100102cc                ip4_output_if
 .text.ip4_output_if_src
                0x1001045c      0x184 CMakeFiles/SistemaComPIRSerial.dir/C_/Users/diego/.pico-sdk/sdk/2.1.0/lib/lwip/src/core/ipv4/ip4.c.obj
                0x1001045c                ip4_output_if_src
 .text.ip4_addr_isbroadcast_u32
                0x100105e0       0x3c CMakeFiles/SistemaComPIRSerial.dir/C_/Users/diego/.pico-sdk/sdk/2.1.0/lib/lwip/src/core/ipv4/ip4_addr.c.obj
                0x100105e0                ip4_addr_isbroadcast_u32
 .text.ethernet_input
                0x1001061c       0xd0 CMakeFiles/SistemaComPIRSerial.dir/C_/Users/diego/.pico-sdk/sdk/2.1.0/lib/lwip/src/netif/ethernet.c.obj
                0x1001061c                ethernet_input
 .text.ethernet_output
                0x100106ec       0x6c CMakeFiles/SistemaComPIRSerial.dir/C_/Users/diego/.pico-sdk/sdk/2.1.0/lib/lwip/src/netif/ethernet.c.obj
                0x100106ec                ethernet_output
 .text.cyw43_arch_wifi_connect_bssid_until.part.0
                0x10010758      0x150 CMakeFiles/SistemaComPIRSerial.dir/C_/Users/diego/.pico-sdk/sdk/2.1.0/src/rp2_common/pico_cyw43_arch/cyw43_arch.c.obj
 .text.cyw43_arch_set_async_context
                0x100108a8        0xc CMakeFiles/SistemaComPIRSerial.dir/C_/Users/diego/.pico-sdk/sdk/2.1.0/src/rp2_common/pico_cyw43_arch/cyw43_arch.c.obj
                0x100108a8                cyw43_arch_set_async_context
 .text.cyw43_arch_enable_sta_mode
                0x100108b4       0x1c CMakeFiles/SistemaComPIRSerial.dir/C_/Users/diego/.pico-sdk/sdk/2.1.0/src/rp2_common/pico_cyw43_arch/cyw43_arch.c.obj
                0x100108b4                cyw43_arch_enable_sta_mode
 .text.cyw43_arch_wifi_connect_timeout_ms
                0x100108d0       0xa0 CMakeFiles/SistemaComPIRSerial.dir/C_/Users/diego/.pico-sdk/sdk/2.1.0/src/rp2_common/pico_cyw43_arch/cyw43_arch.c.obj
                0x100108d0                cyw43_arch_wifi_connect_timeout_ms
 .text.cyw43_arch_async_context
                0x10010970        0xc CMakeFiles/SistemaComPIRSerial.dir/C_/Users/diego/.pico-sdk/sdk/2.1.0/src/rp2_common/pico_cyw43_arch/cyw43_arch.c.obj
                0x10010970                cyw43_arch_async_context
 .text.cyw43_arch_poll
                0x1001097c       0x18 CMakeFiles/SistemaComPIRSerial.dir/C_/Users/diego/.pico-sdk/sdk/2.1.0/src/rp2_common/pico_cyw43_arch/cyw43_arch.c.obj
                0x1001097c                cyw43_arch_poll
 .text.cyw43_arch_init
                0x10010994       0x74 CMakeFiles/SistemaComPIRSerial.dir/C_/Users/diego/.pico-sdk/sdk/2.1.0/src/rp2_common/pico_cyw43_arch/cyw43_arch_threadsafe_background.c.obj
                0x10010994                cyw43_arch_init
 .text.ns_delay.constprop.0